Apr  8 06:25:05 sheevaplug-debian kernel: imklog 3.18.6, log source = /proc/kmsg started.
Apr  8 06:25:05 sheevaplug-debian rsyslogd: [origin software="rsyslogd" swVersion="3.18.6" x-pid="2005" x-info="http://www.rsyslog.com"] restart
Apr 15 15:31:51 sheevaplug-debian kernel: imklog 3.18.6, log source = /proc/kmsg started.
Apr 15 15:31:51 sheevaplug-debian rsyslogd: [origin software="rsyslogd" swVersion="3.18.6" x-pid="1883" x-info="http://www.rsyslog.com"] restart
Apr 15 15:31:51 sheevaplug-debian kernel: Linux version 2.6.33.6 (root@localhost.localdomain) (gcc version 4.2.0 20070413 (prerelease) (CodeSourcery 2007q1-10. Marvell 2008q3-13 20081204)) #1 PREEMPT Sun Dec 5 22:56:10 CST 2010
Apr 15 15:31:51 sheevaplug-debian kernel: CPU: Feroceon 88FR131 [56251311] revision 1 (ARMv5TE), cr=00053977
Apr 15 15:31:51 sheevaplug-debian kernel: CPU: VIVT data cache, VIVT instruction cache
Apr 15 15:31:51 sheevaplug-debian kernel: Machine: Marvell GuruPlug Reference Board
Apr 15 15:31:51 sheevaplug-debian kernel: Memory policy: ECC disabled, Data cache writeback
Apr 15 15:31:51 sheevaplug-debian kernel: Built 1 zonelists in Zone order, mobility grouping on.  Total pages: 130048
Apr 15 15:31:51 sheevaplug-debian kernel: Kernel command line: console=ttyS0,115200 root=/dev/sda2 rootdelay=35
Apr 15 15:31:51 sheevaplug-debian kernel: PID hash table entries: 2048 (order: 1, 8192 bytes)
Apr 15 15:31:51 sheevaplug-debian kernel: Dentry cache hash table entries: 65536 (order: 6, 262144 bytes)
Apr 15 15:31:51 sheevaplug-debian kernel: Inode-cache hash table entries: 32768 (order: 5, 131072 bytes)
Apr 15 15:31:51 sheevaplug-debian kernel: Memory: 256MB 256MB = 512MB total
Apr 15 15:31:51 sheevaplug-debian kernel: Memory: 513536KB available (4816K code, 862K data, 140K init, 0K highmem)
Apr 15 15:31:51 sheevaplug-debian kernel: SLUB: Genslabs=11, HWalign=32, Order=0-3, MinObjects=0, CPUs=1, Nodes=1
Apr 15 15:31:51 sheevaplug-debian kernel: Hierarchical RCU implementation.
Apr 15 15:31:51 sheevaplug-debian kernel: NR_IRQS:114
Apr 15 15:31:51 sheevaplug-debian kernel: Console: colour dummy device 80x30
Apr 15 15:31:51 sheevaplug-debian kernel: Calibrating delay loop... 1192.75 BogoMIPS (lpj=5963776)
Apr 15 15:31:51 sheevaplug-debian kernel: Mount-cache hash table entries: 512
Apr 15 15:31:51 sheevaplug-debian kernel: CPU: Testing write buffer coherency: ok
Apr 15 15:31:51 sheevaplug-debian kernel: NET: Registered protocol family 16
Apr 15 15:31:51 sheevaplug-debian kernel: Kirkwood: MV88F6281-A1, TCLK=200000000.
Apr 15 15:31:51 sheevaplug-debian kernel: Feroceon L2: Cache support initialised.
Apr 15 15:31:51 sheevaplug-debian kernel: bio: create slab <bio-0> at 0
Apr 15 15:31:51 sheevaplug-debian kernel: vgaarb: loaded
Apr 15 15:31:51 sheevaplug-debian kernel: SCSI subsystem initialized
Apr 15 15:31:51 sheevaplug-debian kernel: usbcore: registered new interface driver usbfs
Apr 15 15:31:51 sheevaplug-debian kernel: usbcore: registered new interface driver hub
Apr 15 15:31:51 sheevaplug-debian kernel: usbcore: registered new device driver usb
Apr 15 15:31:51 sheevaplug-debian kernel: cfg80211: Using static regulatory domain info
Apr 15 15:31:51 sheevaplug-debian kernel: cfg80211: Regulatory domain: 00
Apr 15 15:31:51 sheevaplug-debian kernel:    (start_freq - end_freq @ bandwidth), (max_antenna_gain, max_eirp)
Apr 15 15:31:51 sheevaplug-debian kernel:    (2402000 KHz - 2472000 KHz @ 40000 KHz), (600 mBi, 2000 mBm)
Apr 15 15:31:51 sheevaplug-debian kernel:    (2457000 KHz - 2482000 KHz @ 20000 KHz), (600 mBi, 2000 mBm)
Apr 15 15:31:51 sheevaplug-debian kernel:    (2474000 KHz - 2494000 KHz @ 20000 KHz), (600 mBi, 2000 mBm)
Apr 15 15:31:51 sheevaplug-debian kernel:    (5170000 KHz - 5250000 KHz @ 40000 KHz), (600 mBi, 2000 mBm)
Apr 15 15:31:51 sheevaplug-debian kernel:    (5735000 KHz - 5835000 KHz @ 40000 KHz), (600 mBi, 2000 mBm)
Apr 15 15:31:51 sheevaplug-debian kernel: cfg80211: Calling CRDA to update world regulatory domain
Apr 15 15:31:51 sheevaplug-debian kernel: Switching to clocksource orion_clocksource
Apr 15 15:31:51 sheevaplug-debian kernel: NET: Registered protocol family 2
Apr 15 15:31:51 sheevaplug-debian kernel: IP route cache hash table entries: 4096 (order: 2, 16384 bytes)
Apr 15 15:31:51 sheevaplug-debian kernel: TCP established hash table entries: 16384 (order: 5, 131072 bytes)
Apr 15 15:31:51 sheevaplug-debian kernel: TCP bind hash table entries: 16384 (order: 4, 65536 bytes)
Apr 15 15:31:51 sheevaplug-debian kernel: TCP: Hash tables configured (established 16384 bind 16384)
Apr 15 15:31:51 sheevaplug-debian kernel: TCP reno registered
Apr 15 15:31:51 sheevaplug-debian kernel: UDP hash table entries: 256 (order: 0, 4096 bytes)
Apr 15 15:31:51 sheevaplug-debian kernel: UDP-Lite hash table entries: 256 (order: 0, 4096 bytes)
Apr 15 15:31:51 sheevaplug-debian kernel: NET: Registered protocol family 1
Apr 15 15:31:51 sheevaplug-debian kernel: RPC: Registered udp transport module.
Apr 15 15:31:51 sheevaplug-debian kernel: RPC: Registered tcp transport module.
Apr 15 15:31:51 sheevaplug-debian kernel: RPC: Registered tcp NFSv4.1 backchannel transport module.
Apr 15 15:31:51 sheevaplug-debian kernel: JFFS2 version 2.2. (NAND) © 2001-2006 Red Hat, Inc.
Apr 15 15:31:51 sheevaplug-debian kernel: JFS: nTxBlock = 4014, nTxLock = 32112
Apr 15 15:31:51 sheevaplug-debian kernel: msgmni has been set to 1003
Apr 15 15:31:51 sheevaplug-debian kernel: alg: No test for stdrng (krng)
Apr 15 15:31:51 sheevaplug-debian kernel: io scheduler noop registered
Apr 15 15:31:51 sheevaplug-debian kernel: io scheduler deadline registered
Apr 15 15:31:51 sheevaplug-debian kernel: io scheduler cfq registered (default)
Apr 15 15:31:51 sheevaplug-debian kernel: Serial: 8250/16550 driver, 2 ports, IRQ sharing disabled
Apr 15 15:31:51 sheevaplug-debian kernel: serial8250.0: ttyS0 at MMIO 0xf1012000 (irq = 33) is a 16550A
Apr 15 15:31:51 sheevaplug-debian kernel: console [ttyS0] enabled
Apr 15 15:31:51 sheevaplug-debian kernel: brd: module loaded
Apr 15 15:31:51 sheevaplug-debian kernel: loop: module loaded
Apr 15 15:31:51 sheevaplug-debian kernel: No NAND device found.
Apr 15 15:31:51 sheevaplug-debian kernel: MV-643xx 10/100/1000 ethernet driver version 1.4
Apr 15 15:31:51 sheevaplug-debian kernel: mv643xx_eth smi: probed
Apr 15 15:31:51 sheevaplug-debian kernel: net eth0: port 0 with MAC address f0:ad:4e:00:50:5c
Apr 15 15:31:51 sheevaplug-debian kernel: net eth1: port 0 with MAC address f0:ad:4e:00:50:5d
Apr 15 15:31:51 sheevaplug-debian kernel: ehci_hcd: USB 2.0 'Enhanced' Host Controller (EHCI) Driver
Apr 15 15:31:51 sheevaplug-debian kernel: orion-ehci orion-ehci.0: Marvell Orion EHCI
Apr 15 15:31:51 sheevaplug-debian kernel: orion-ehci orion-ehci.0: new USB bus registered, assigned bus number 1
Apr 15 15:31:51 sheevaplug-debian kernel: orion-ehci orion-ehci.0: irq 19, io mem 0xf1050000
Apr 15 15:31:51 sheevaplug-debian kernel: orion-ehci orion-ehci.0: USB 2.0 started, EHCI 1.00
Apr 15 15:31:51 sheevaplug-debian kernel: hub 1-0:1.0: USB hub found
Apr 15 15:31:51 sheevaplug-debian kernel: hub 1-0:1.0: 1 port detected
Apr 15 15:31:51 sheevaplug-debian kernel: Initializing USB Mass Storage driver...
Apr 15 15:31:51 sheevaplug-debian kernel: usbcore: registered new interface driver usb-storage
Apr 15 15:31:51 sheevaplug-debian kernel: USB Mass Storage support registered.
Apr 15 15:31:51 sheevaplug-debian kernel: usbcore: registered new interface driver ums-datafab
Apr 15 15:31:51 sheevaplug-debian kernel: usbcore: registered new interface driver ums-freecom
Apr 15 15:31:51 sheevaplug-debian kernel: usbcore: registered new interface driver ums-jumpshot
Apr 15 15:31:51 sheevaplug-debian kernel: usbcore: registered new interface driver ums-sddr09
Apr 15 15:31:51 sheevaplug-debian kernel: usbcore: registered new interface driver ums-sddr55
Apr 15 15:31:51 sheevaplug-debian kernel: mice: PS/2 mouse device common for all mice
Apr 15 15:31:51 sheevaplug-debian kernel: rtc-mv rtc-mv: rtc core: registered rtc-mv as rtc0
Apr 15 15:31:51 sheevaplug-debian kernel: i2c /dev entries driver
Apr 15 15:31:51 sheevaplug-debian kernel: cpuidle: using governor ladder
Apr 15 15:31:51 sheevaplug-debian kernel: cpuidle: using governor menu
Apr 15 15:31:51 sheevaplug-debian kernel: sdhci: Secure Digital Host Controller Interface driver
Apr 15 15:31:51 sheevaplug-debian kernel: sdhci: Copyright(c) Pierre Ossman
Apr 15 15:31:51 sheevaplug-debian kernel: mmc0: mvsdio driver initialized, lacking card detect (fall back to polling)
Apr 15 15:31:51 sheevaplug-debian kernel: Registered led device: guruplug:red:health
Apr 15 15:31:51 sheevaplug-debian kernel: Registered led device: guruplug:green:health
Apr 15 15:31:51 sheevaplug-debian kernel: Registered led device: guruplug:red:wmode
Apr 15 15:31:51 sheevaplug-debian kernel: Registered led device: guruplug:green:wmode
Apr 15 15:31:51 sheevaplug-debian kernel: mv_xor_shared mv_xor_shared.0: Marvell shared XOR driver
Apr 15 15:31:51 sheevaplug-debian kernel: mv_xor_shared mv_xor_shared.1: Marvell shared XOR driver
Apr 15 15:31:51 sheevaplug-debian kernel: mv_xor mv_xor.0: Marvell XOR: ( xor cpy )
Apr 15 15:31:51 sheevaplug-debian kernel: mmc0: new high speed SDIO card at address 0001
Apr 15 15:31:51 sheevaplug-debian kernel: mv_xor mv_xor.1: Marvell XOR: ( xor fill cpy )
Apr 15 15:31:51 sheevaplug-debian kernel: mv_xor mv_xor.2: Marvell XOR: ( xor cpy )
Apr 15 15:31:51 sheevaplug-debian kernel: mv_xor mv_xor.3: Marvell XOR: ( xor fill cpy )
Apr 15 15:31:51 sheevaplug-debian kernel: usbcore: registered new interface driver hiddev
Apr 15 15:31:51 sheevaplug-debian kernel: usbcore: registered new interface driver usbhid
Apr 15 15:31:51 sheevaplug-debian kernel: usbhid: USB HID core driver
Apr 15 15:31:51 sheevaplug-debian kernel: oprofile: using timer interrupt.
Apr 15 15:31:51 sheevaplug-debian kernel: TCP cubic registered
Apr 15 15:31:51 sheevaplug-debian kernel: NET: Registered protocol family 17
Apr 15 15:31:51 sheevaplug-debian kernel: lib80211: common routines for IEEE802.11 drivers
Apr 15 15:31:51 sheevaplug-debian kernel: rtc-mv rtc-mv: setting system clock to 2010-04-15 15:30:31 UTC (1271345431)
Apr 15 15:31:51 sheevaplug-debian kernel: Waiting 35sec before mounting root device...
Apr 15 15:31:51 sheevaplug-debian kernel: usb 1-1: new high speed USB device using orion-ehci and address 2
Apr 15 15:31:51 sheevaplug-debian kernel: hub 1-1:1.0: USB hub found
Apr 15 15:31:51 sheevaplug-debian kernel: hub 1-1:1.0: 4 ports detected
Apr 15 15:31:51 sheevaplug-debian kernel: usb 1-1.1: new high speed USB device using orion-ehci and address 3
Apr 15 15:31:51 sheevaplug-debian kernel: scsi0 : usb-storage 1-1.1:1.0
Apr 15 15:31:51 sheevaplug-debian kernel: usb 1-1.4: new full speed USB device using orion-ehci and address 4
Apr 15 15:31:51 sheevaplug-debian kernel: input: C-Media Electronics Inc.       USB PnP Sound Device           as /devices/platform/orion-ehci.0/usb1/1-1/1-1.4/1-1.4:1.2/input/input0
Apr 15 15:31:51 sheevaplug-debian kernel: generic-usb 0003:0D8C:013C.0001: input: USB HID v1.00 Device [C-Media Electronics Inc.       USB PnP Sound Device          ] on usb-orion-ehci.0-1.4/input2
Apr 15 15:31:51 sheevaplug-debian kernel: scsi 0:0:0:0: Direct-Access     Generic  STORAGE DEVICE   9909 PQ: 0 ANSI: 0
Apr 15 15:31:51 sheevaplug-debian kernel: sd 0:0:0:0: Attached scsi generic sg0 type 0
Apr 15 15:31:51 sheevaplug-debian kernel: scsi 0:0:0:1: Direct-Access     Generic  STORAGE DEVICE   9909 PQ: 0 ANSI: 0
Apr 15 15:31:51 sheevaplug-debian kernel: sd 0:0:0:0: [sda] 1984000 512-byte logical blocks: (1.01 GB/968 MiB)
Apr 15 15:31:51 sheevaplug-debian kernel: sd 0:0:0:1: Attached scsi generic sg1 type 0
Apr 15 15:31:51 sheevaplug-debian kernel: sd 0:0:0:0: [sda] Write Protect is off
Apr 15 15:31:51 sheevaplug-debian kernel: sd 0:0:0:1: [sdb] Attached SCSI removable disk
Apr 15 15:31:51 sheevaplug-debian kernel: sda: sda1 sda2
Apr 15 15:31:51 sheevaplug-debian kernel: sd 0:0:0:0: [sda] Attached SCSI removable disk
Apr 15 15:31:51 sheevaplug-debian kernel: EXT3-fs (sda2): warning: maximal mount count reached, running e2fsck is recommended
Apr 15 15:31:51 sheevaplug-debian kernel: kjournald starting.  Commit interval 5 seconds
Apr 15 15:31:51 sheevaplug-debian kernel: EXT3-fs (sda2): using internal journal
Apr 15 15:31:51 sheevaplug-debian kernel: EXT3-fs (sda2): 5 orphan inodes deleted
Apr 15 15:31:51 sheevaplug-debian kernel: EXT3-fs (sda2): recovery complete
Apr 15 15:31:51 sheevaplug-debian kernel: EXT3-fs (sda2): mounted filesystem with writeback data mode
Apr 15 15:31:51 sheevaplug-debian kernel: VFS: Mounted root (ext3 filesystem) on device 8:2.
Apr 15 15:31:51 sheevaplug-debian kernel: Freeing init memory: 140K
Apr 15 15:31:51 sheevaplug-debian kernel: sata_mv sata_mv.0: version 1.28
Apr 15 15:31:51 sheevaplug-debian kernel: sata_mv sata_mv.0: slots 32 ports 1
Apr 15 15:31:51 sheevaplug-debian kernel: scsi1 : sata_mv
Apr 15 15:31:51 sheevaplug-debian kernel: ata1: SATA max UDMA/133 irq 21
Apr 15 15:31:51 sheevaplug-debian kernel: ata1: SATA link down (SStatus 0 SControl F300)
Apr 15 15:31:51 sheevaplug-debian kernel: Bluetooth: Core ver 2.15
Apr 15 15:31:51 sheevaplug-debian kernel: NET: Registered protocol family 31
Apr 15 15:31:51 sheevaplug-debian kernel: Bluetooth: HCI device and connection manager initialized
Apr 15 15:31:51 sheevaplug-debian kernel: libertas_sdio: Libertas SDIO driver
Apr 15 15:31:51 sheevaplug-debian kernel: Bluetooth: HCI socket layer initialized
Apr 15 15:31:51 sheevaplug-debian kernel: libertas_sdio: Copyright Pierre Ossman
Apr 15 15:31:51 sheevaplug-debian kernel: libertas_sdio mmc0:0001:1: firmware: requesting sd8688_helper.bin
Apr 15 15:31:51 sheevaplug-debian kernel: libertas_sdio: probe of mmc0:0001:1 failed with error -2
Apr 15 15:31:51 sheevaplug-debian kernel: Bluetooth: vendor=0x2df, device=0x9105, class=255, fn=2
Apr 15 15:31:51 sheevaplug-debian kernel: btmrvl_sdio mmc0:0001:2: firmware: requesting sd8688_helper.bin
Apr 15 15:31:51 sheevaplug-debian kernel: uap_sdio mmc0:0001:1: firmware: requesting mrvl/helper_sd.bin
Apr 15 15:31:51 sheevaplug-debian kernel: usbcore: registered new interface driver snd-usb-audio
Apr 15 15:31:51 sheevaplug-debian kernel: uap_sdio mmc0:0001:1: firmware: requesting mrvl/sd8688_ap.bin
Apr 15 15:31:53 sheevaplug-debian kernel: NET: Registered protocol family 10
Apr 15 15:31:59 sheevaplug-debian kernel: ADDRCONF(NETDEV_UP): eth0: link is not ready
Apr 15 15:32:00 sheevaplug-debian kernel: eth0: link up, 100 Mb/s, full duplex, flow control disabled
Apr 15 15:32:00 sheevaplug-debian kernel: ADDRCONF(NETDEV_CHANGE): eth0: link becomes ready
Apr 15 15:32:02 sheevaplug-debian kernel: ADDRCONF(NETDEV_UP): uap0: link is not ready
Apr 15 15:32:02 sheevaplug-debian kernel: ip_tables: (C) 2000-2006 Netfilter Core Team
Apr 15 15:32:02 sheevaplug-debian kernel: nf_conntrack version 0.5.0 (8030 buckets, 32120 max)
Apr 15 15:32:02 sheevaplug-debian kernel: CONFIG_NF_CT_ACCT is deprecated and will be removed soon. Please use
Apr 15 15:32:02 sheevaplug-debian kernel: nf_conntrack.acct=1 kernel parameter, acct=1 nf_conntrack module option or
Apr 15 15:32:02 sheevaplug-debian kernel: sysctl net.netfilter.nf_conntrack_acct=1 to enable it.
Apr 15 15:32:02 sheevaplug-debian udhcpd[2498]: udhcpd (v0.9.9-pre) started
Apr 15 15:32:03 sheevaplug-debian kernel: Bluetooth: L2CAP ver 2.14
Apr 15 15:32:03 sheevaplug-debian kernel: Bluetooth: L2CAP socket layer initialized
Apr 15 15:32:03 sheevaplug-debian kernel: Bluetooth: RFCOMM TTY layer initialized
Apr 15 15:32:03 sheevaplug-debian kernel: Bluetooth: RFCOMM socket layer initialized
Apr 15 15:32:03 sheevaplug-debian kernel: Bluetooth: RFCOMM ver 1.11
Apr 15 15:32:03 sheevaplug-debian kernel: Bluetooth: BNEP (Ethernet Emulation) ver 1.3
Apr 15 15:32:03 sheevaplug-debian kernel: Bluetooth: vendor=0x2df, device=0x9105, class=255, fn=2
Apr 15 15:32:04 sheevaplug-debian kernel: Bridge firewalling registered
Apr 15 15:32:04 sheevaplug-debian kernel: Bluetooth: SCO (Voice Link) ver 0.6
Apr 15 15:32:04 sheevaplug-debian kernel: Bluetooth: SCO socket layer initialized
Apr 15 15:40:53 sheevaplug-debian kernel: eth0: link down
Apr 15 15:40:58 sheevaplug-debian kernel: eth0: link up, 100 Mb/s, full duplex, flow control disabled
Apr 15 15:41:00 sheevaplug-debian kernel: eth0: link down
Apr 15 15:41:02 sheevaplug-debian kernel: eth0: link up, 100 Mb/s, full duplex, flow control disabled
Apr 15 15:50:41 sheevaplug-debian kernel: imklog 3.18.6, log source = /proc/kmsg started.
Apr 15 15:50:41 sheevaplug-debian rsyslogd: [origin software="rsyslogd" swVersion="3.18.6" x-pid="1883" x-info="http://www.rsyslog.com"] restart
Apr 15 15:50:41 sheevaplug-debian kernel: Linux version 2.6.33.6 (root@localhost.localdomain) (gcc version 4.2.0 20070413 (prerelease) (CodeSourcery 2007q1-10. Marvell 2008q3-13 20081204)) #1 PREEMPT Sun Dec 5 22:56:10 CST 2010
Apr 15 15:50:41 sheevaplug-debian kernel: CPU: Feroceon 88FR131 [56251311] revision 1 (ARMv5TE), cr=00053977
Apr 15 15:50:41 sheevaplug-debian kernel: CPU: VIVT data cache, VIVT instruction cache
Apr 15 15:50:41 sheevaplug-debian kernel: Machine: Marvell GuruPlug Reference Board
Apr 15 15:50:41 sheevaplug-debian kernel: Memory policy: ECC disabled, Data cache writeback
Apr 15 15:50:41 sheevaplug-debian kernel: Built 1 zonelists in Zone order, mobility grouping on.  Total pages: 130048
Apr 15 15:50:41 sheevaplug-debian kernel: Kernel command line: console=ttyS0,115200 root=/dev/sda2 rootdelay=35
Apr 15 15:50:41 sheevaplug-debian kernel: PID hash table entries: 2048 (order: 1, 8192 bytes)
Apr 15 15:50:41 sheevaplug-debian kernel: Dentry cache hash table entries: 65536 (order: 6, 262144 bytes)
Apr 15 15:50:41 sheevaplug-debian kernel: Inode-cache hash table entries: 32768 (order: 5, 131072 bytes)
Apr 15 15:50:41 sheevaplug-debian kernel: Memory: 256MB 256MB = 512MB total
Apr 15 15:50:41 sheevaplug-debian kernel: Memory: 513536KB available (4816K code, 862K data, 140K init, 0K highmem)
Apr 15 15:50:41 sheevaplug-debian kernel: SLUB: Genslabs=11, HWalign=32, Order=0-3, MinObjects=0, CPUs=1, Nodes=1
Apr 15 15:50:41 sheevaplug-debian kernel: Hierarchical RCU implementation.
Apr 15 15:50:41 sheevaplug-debian kernel: NR_IRQS:114
Apr 15 15:50:41 sheevaplug-debian kernel: Console: colour dummy device 80x30
Apr 15 15:50:41 sheevaplug-debian kernel: Calibrating delay loop... 1192.75 BogoMIPS (lpj=5963776)
Apr 15 15:50:41 sheevaplug-debian kernel: Mount-cache hash table entries: 512
Apr 15 15:50:41 sheevaplug-debian kernel: CPU: Testing write buffer coherency: ok
Apr 15 15:50:41 sheevaplug-debian kernel: NET: Registered protocol family 16
Apr 15 15:50:41 sheevaplug-debian kernel: Kirkwood: MV88F6281-A1, TCLK=200000000.
Apr 15 15:50:41 sheevaplug-debian kernel: Feroceon L2: Cache support initialised.
Apr 15 15:50:41 sheevaplug-debian kernel: bio: create slab <bio-0> at 0
Apr 15 15:50:41 sheevaplug-debian kernel: vgaarb: loaded
Apr 15 15:50:41 sheevaplug-debian kernel: SCSI subsystem initialized
Apr 15 15:50:41 sheevaplug-debian kernel: usbcore: registered new interface driver usbfs
Apr 15 15:50:41 sheevaplug-debian kernel: usbcore: registered new interface driver hub
Apr 15 15:50:41 sheevaplug-debian kernel: usbcore: registered new device driver usb
Apr 15 15:50:41 sheevaplug-debian kernel: cfg80211: Using static regulatory domain info
Apr 15 15:50:41 sheevaplug-debian kernel: cfg80211: Regulatory domain: 00
Apr 15 15:50:41 sheevaplug-debian kernel:    (start_freq - end_freq @ bandwidth), (max_antenna_gain, max_eirp)
Apr 15 15:50:41 sheevaplug-debian kernel:    (2402000 KHz - 2472000 KHz @ 40000 KHz), (600 mBi, 2000 mBm)
Apr 15 15:50:41 sheevaplug-debian kernel:    (2457000 KHz - 2482000 KHz @ 20000 KHz), (600 mBi, 2000 mBm)
Apr 15 15:50:41 sheevaplug-debian kernel:    (2474000 KHz - 2494000 KHz @ 20000 KHz), (600 mBi, 2000 mBm)
Apr 15 15:50:41 sheevaplug-debian kernel:    (5170000 KHz - 5250000 KHz @ 40000 KHz), (600 mBi, 2000 mBm)
Apr 15 15:50:41 sheevaplug-debian kernel:    (5735000 KHz - 5835000 KHz @ 40000 KHz), (600 mBi, 2000 mBm)
Apr 15 15:50:41 sheevaplug-debian kernel: cfg80211: Calling CRDA to update world regulatory domain
Apr 15 15:50:41 sheevaplug-debian kernel: Switching to clocksource orion_clocksource
Apr 15 15:50:41 sheevaplug-debian kernel: NET: Registered protocol family 2
Apr 15 15:50:41 sheevaplug-debian kernel: IP route cache hash table entries: 4096 (order: 2, 16384 bytes)
Apr 15 15:50:41 sheevaplug-debian kernel: TCP established hash table entries: 16384 (order: 5, 131072 bytes)
Apr 15 15:50:41 sheevaplug-debian kernel: TCP bind hash table entries: 16384 (order: 4, 65536 bytes)
Apr 15 15:50:41 sheevaplug-debian kernel: TCP: Hash tables configured (established 16384 bind 16384)
Apr 15 15:50:41 sheevaplug-debian kernel: TCP reno registered
Apr 15 15:50:41 sheevaplug-debian kernel: UDP hash table entries: 256 (order: 0, 4096 bytes)
Apr 15 15:50:41 sheevaplug-debian kernel: UDP-Lite hash table entries: 256 (order: 0, 4096 bytes)
Apr 15 15:50:41 sheevaplug-debian kernel: NET: Registered protocol family 1
Apr 15 15:50:41 sheevaplug-debian kernel: RPC: Registered udp transport module.
Apr 15 15:50:41 sheevaplug-debian kernel: RPC: Registered tcp transport module.
Apr 15 15:50:41 sheevaplug-debian kernel: RPC: Registered tcp NFSv4.1 backchannel transport module.
Apr 15 15:50:41 sheevaplug-debian kernel: JFFS2 version 2.2. (NAND) © 2001-2006 Red Hat, Inc.
Apr 15 15:50:41 sheevaplug-debian kernel: JFS: nTxBlock = 4014, nTxLock = 32112
Apr 15 15:50:41 sheevaplug-debian kernel: msgmni has been set to 1003
Apr 15 15:50:41 sheevaplug-debian kernel: alg: No test for stdrng (krng)
Apr 15 15:50:41 sheevaplug-debian kernel: io scheduler noop registered
Apr 15 15:50:41 sheevaplug-debian kernel: io scheduler deadline registered
Apr 15 15:50:41 sheevaplug-debian kernel: io scheduler cfq registered (default)
Apr 15 15:50:41 sheevaplug-debian kernel: Serial: 8250/16550 driver, 2 ports, IRQ sharing disabled
Apr 15 15:50:41 sheevaplug-debian kernel: serial8250.0: ttyS0 at MMIO 0xf1012000 (irq = 33) is a 16550A
Apr 15 15:50:41 sheevaplug-debian kernel: console [ttyS0] enabled
Apr 15 15:50:41 sheevaplug-debian kernel: brd: module loaded
Apr 15 15:50:41 sheevaplug-debian kernel: loop: module loaded
Apr 15 15:50:41 sheevaplug-debian kernel: No NAND device found.
Apr 15 15:50:41 sheevaplug-debian kernel: MV-643xx 10/100/1000 ethernet driver version 1.4
Apr 15 15:50:41 sheevaplug-debian kernel: mv643xx_eth smi: probed
Apr 15 15:50:41 sheevaplug-debian kernel: net eth0: port 0 with MAC address f0:ad:4e:00:50:5c
Apr 15 15:50:41 sheevaplug-debian kernel: net eth1: port 0 with MAC address f0:ad:4e:00:50:5d
Apr 15 15:50:41 sheevaplug-debian kernel: ehci_hcd: USB 2.0 'Enhanced' Host Controller (EHCI) Driver
Apr 15 15:50:41 sheevaplug-debian kernel: orion-ehci orion-ehci.0: Marvell Orion EHCI
Apr 15 15:50:41 sheevaplug-debian kernel: orion-ehci orion-ehci.0: new USB bus registered, assigned bus number 1
Apr 15 15:50:41 sheevaplug-debian kernel: orion-ehci orion-ehci.0: irq 19, io mem 0xf1050000
Apr 15 15:50:41 sheevaplug-debian kernel: orion-ehci orion-ehci.0: USB 2.0 started, EHCI 1.00
Apr 15 15:50:41 sheevaplug-debian kernel: hub 1-0:1.0: USB hub found
Apr 15 15:50:41 sheevaplug-debian kernel: hub 1-0:1.0: 1 port detected
Apr 15 15:50:41 sheevaplug-debian kernel: Initializing USB Mass Storage driver...
Apr 15 15:50:41 sheevaplug-debian kernel: usbcore: registered new interface driver usb-storage
Apr 15 15:50:41 sheevaplug-debian kernel: USB Mass Storage support registered.
Apr 15 15:50:41 sheevaplug-debian kernel: usbcore: registered new interface driver ums-datafab
Apr 15 15:50:41 sheevaplug-debian kernel: usbcore: registered new interface driver ums-freecom
Apr 15 15:50:41 sheevaplug-debian kernel: usbcore: registered new interface driver ums-jumpshot
Apr 15 15:50:41 sheevaplug-debian kernel: usbcore: registered new interface driver ums-sddr09
Apr 15 15:50:41 sheevaplug-debian kernel: usbcore: registered new interface driver ums-sddr55
Apr 15 15:50:41 sheevaplug-debian kernel: mice: PS/2 mouse device common for all mice
Apr 15 15:50:41 sheevaplug-debian kernel: rtc-mv rtc-mv: rtc core: registered rtc-mv as rtc0
Apr 15 15:50:41 sheevaplug-debian kernel: i2c /dev entries driver
Apr 15 15:50:41 sheevaplug-debian kernel: cpuidle: using governor ladder
Apr 15 15:50:41 sheevaplug-debian kernel: cpuidle: using governor menu
Apr 15 15:50:41 sheevaplug-debian kernel: sdhci: Secure Digital Host Controller Interface driver
Apr 15 15:50:41 sheevaplug-debian kernel: sdhci: Copyright(c) Pierre Ossman
Apr 15 15:50:41 sheevaplug-debian kernel: mmc0: mvsdio driver initialized, lacking card detect (fall back to polling)
Apr 15 15:50:41 sheevaplug-debian kernel: Registered led device: guruplug:red:health
Apr 15 15:50:41 sheevaplug-debian kernel: Registered led device: guruplug:green:health
Apr 15 15:50:41 sheevaplug-debian kernel: Registered led device: guruplug:red:wmode
Apr 15 15:50:41 sheevaplug-debian kernel: Registered led device: guruplug:green:wmode
Apr 15 15:50:41 sheevaplug-debian kernel: mv_xor_shared mv_xor_shared.0: Marvell shared XOR driver
Apr 15 15:50:41 sheevaplug-debian kernel: mv_xor_shared mv_xor_shared.1: Marvell shared XOR driver
Apr 15 15:50:41 sheevaplug-debian kernel: mv_xor mv_xor.0: Marvell XOR: ( xor cpy )
Apr 15 15:50:41 sheevaplug-debian kernel: mmc0: new high speed SDIO card at address 0001
Apr 15 15:50:41 sheevaplug-debian kernel: mv_xor mv_xor.1: Marvell XOR: ( xor fill cpy )
Apr 15 15:50:41 sheevaplug-debian kernel: mv_xor mv_xor.2: Marvell XOR: ( xor cpy )
Apr 15 15:50:41 sheevaplug-debian kernel: mv_xor mv_xor.3: Marvell XOR: ( xor fill cpy )
Apr 15 15:50:41 sheevaplug-debian kernel: usbcore: registered new interface driver hiddev
Apr 15 15:50:41 sheevaplug-debian kernel: usbcore: registered new interface driver usbhid
Apr 15 15:50:41 sheevaplug-debian kernel: usbhid: USB HID core driver
Apr 15 15:50:41 sheevaplug-debian kernel: oprofile: using timer interrupt.
Apr 15 15:50:41 sheevaplug-debian kernel: TCP cubic registered
Apr 15 15:50:41 sheevaplug-debian kernel: NET: Registered protocol family 17
Apr 15 15:50:41 sheevaplug-debian kernel: lib80211: common routines for IEEE802.11 drivers
Apr 15 15:50:41 sheevaplug-debian kernel: rtc-mv rtc-mv: setting system clock to 2010-04-15 15:49:20 UTC (1271346560)
Apr 15 15:50:41 sheevaplug-debian kernel: Waiting 35sec before mounting root device...
Apr 15 15:50:41 sheevaplug-debian kernel: usb 1-1: new high speed USB device using orion-ehci and address 2
Apr 15 15:50:41 sheevaplug-debian kernel: hub 1-1:1.0: USB hub found
Apr 15 15:50:41 sheevaplug-debian kernel: hub 1-1:1.0: 4 ports detected
Apr 15 15:50:41 sheevaplug-debian kernel: usb 1-1.1: new high speed USB device using orion-ehci and address 3
Apr 15 15:50:41 sheevaplug-debian kernel: scsi0 : usb-storage 1-1.1:1.0
Apr 15 15:50:41 sheevaplug-debian kernel: usb 1-1.4: new full speed USB device using orion-ehci and address 4
Apr 15 15:50:41 sheevaplug-debian kernel: input: C-Media Electronics Inc.       USB PnP Sound Device           as /devices/platform/orion-ehci.0/usb1/1-1/1-1.4/1-1.4:1.2/input/input0
Apr 15 15:50:41 sheevaplug-debian kernel: generic-usb 0003:0D8C:013C.0001: input: USB HID v1.00 Device [C-Media Electronics Inc.       USB PnP Sound Device          ] on usb-orion-ehci.0-1.4/input2
Apr 15 15:50:41 sheevaplug-debian kernel: scsi 0:0:0:0: Direct-Access     Generic  STORAGE DEVICE   9909 PQ: 0 ANSI: 0
Apr 15 15:50:41 sheevaplug-debian kernel: sd 0:0:0:0: Attached scsi generic sg0 type 0
Apr 15 15:50:41 sheevaplug-debian kernel: scsi 0:0:0:1: Direct-Access     Generic  STORAGE DEVICE   9909 PQ: 0 ANSI: 0
Apr 15 15:50:41 sheevaplug-debian kernel: sd 0:0:0:0: [sda] 1984000 512-byte logical blocks: (1.01 GB/968 MiB)
Apr 15 15:50:41 sheevaplug-debian kernel: sd 0:0:0:1: Attached scsi generic sg1 type 0
Apr 15 15:50:41 sheevaplug-debian kernel: sd 0:0:0:0: [sda] Write Protect is off
Apr 15 15:50:41 sheevaplug-debian kernel: sd 0:0:0:1: [sdb] Attached SCSI removable disk
Apr 15 15:50:41 sheevaplug-debian kernel: sda: sda1 sda2
Apr 15 15:50:41 sheevaplug-debian kernel: sd 0:0:0:0: [sda] Attached SCSI removable disk
Apr 15 15:50:41 sheevaplug-debian kernel: EXT3-fs (sda2): warning: maximal mount count reached, running e2fsck is recommended
Apr 15 15:50:41 sheevaplug-debian kernel: kjournald starting.  Commit interval 5 seconds
Apr 15 15:50:41 sheevaplug-debian kernel: EXT3-fs (sda2): using internal journal
Apr 15 15:50:41 sheevaplug-debian kernel: EXT3-fs (sda2): 5 orphan inodes deleted
Apr 15 15:50:41 sheevaplug-debian kernel: EXT3-fs (sda2): recovery complete
Apr 15 15:50:41 sheevaplug-debian kernel: EXT3-fs (sda2): mounted filesystem with writeback data mode
Apr 15 15:50:41 sheevaplug-debian kernel: VFS: Mounted root (ext3 filesystem) on device 8:2.
Apr 15 15:50:41 sheevaplug-debian kernel: Freeing init memory: 140K
Apr 15 15:50:41 sheevaplug-debian kernel: sata_mv sata_mv.0: version 1.28
Apr 15 15:50:41 sheevaplug-debian kernel: sata_mv sata_mv.0: slots 32 ports 1
Apr 15 15:50:41 sheevaplug-debian kernel: scsi1 : sata_mv
Apr 15 15:50:41 sheevaplug-debian kernel: ata1: SATA max UDMA/133 irq 21
Apr 15 15:50:41 sheevaplug-debian kernel: ata1: SATA link down (SStatus 0 SControl F300)
Apr 15 15:50:41 sheevaplug-debian kernel: Bluetooth: Core ver 2.15
Apr 15 15:50:41 sheevaplug-debian kernel: NET: Registered protocol family 31
Apr 15 15:50:41 sheevaplug-debian kernel: Bluetooth: HCI device and connection manager initialized
Apr 15 15:50:41 sheevaplug-debian kernel: libertas_sdio: Libertas SDIO driver
Apr 15 15:50:41 sheevaplug-debian kernel: Bluetooth: HCI socket layer initialized
Apr 15 15:50:41 sheevaplug-debian kernel: libertas_sdio: Copyright Pierre Ossman
Apr 15 15:50:41 sheevaplug-debian kernel: libertas_sdio mmc0:0001:1: firmware: requesting sd8688_helper.bin
Apr 15 15:50:41 sheevaplug-debian kernel: libertas_sdio: probe of mmc0:0001:1 failed with error -2
Apr 15 15:50:41 sheevaplug-debian kernel: Bluetooth: vendor=0x2df, device=0x9105, class=255, fn=2
Apr 15 15:50:41 sheevaplug-debian kernel: btmrvl_sdio mmc0:0001:2: firmware: requesting sd8688_helper.bin
Apr 15 15:50:41 sheevaplug-debian kernel: uap_sdio mmc0:0001:1: firmware: requesting mrvl/helper_sd.bin
Apr 15 15:50:41 sheevaplug-debian kernel: usbcore: registered new interface driver snd-usb-audio
Apr 15 15:50:41 sheevaplug-debian kernel: uap_sdio mmc0:0001:1: firmware: requesting mrvl/sd8688_ap.bin
Apr 15 15:50:42 sheevaplug-debian kernel: NET: Registered protocol family 10
Apr 15 15:50:49 sheevaplug-debian kernel: ADDRCONF(NETDEV_UP): eth0: link is not ready
Apr 15 15:50:50 sheevaplug-debian kernel: eth0: link up, 100 Mb/s, full duplex, flow control disabled
Apr 15 15:50:50 sheevaplug-debian kernel: ADDRCONF(NETDEV_CHANGE): eth0: link becomes ready
Apr 15 15:50:52 sheevaplug-debian kernel: ADDRCONF(NETDEV_UP): uap0: link is not ready
Apr 15 15:50:52 sheevaplug-debian kernel: ip_tables: (C) 2000-2006 Netfilter Core Team
Apr 15 15:50:53 sheevaplug-debian kernel: nf_conntrack version 0.5.0 (8030 buckets, 32120 max)
Apr 15 15:50:53 sheevaplug-debian kernel: CONFIG_NF_CT_ACCT is deprecated and will be removed soon. Please use
Apr 15 15:50:53 sheevaplug-debian kernel: nf_conntrack.acct=1 kernel parameter, acct=1 nf_conntrack module option or
Apr 15 15:50:53 sheevaplug-debian kernel: sysctl net.netfilter.nf_conntrack_acct=1 to enable it.
Apr 15 15:50:53 sheevaplug-debian udhcpd[2498]: udhcpd (v0.9.9-pre) started
Apr 15 15:50:53 sheevaplug-debian kernel: Bluetooth: L2CAP ver 2.14
Apr 15 15:50:53 sheevaplug-debian kernel: Bluetooth: L2CAP socket layer initialized
Apr 15 15:50:53 sheevaplug-debian kernel: Bluetooth: RFCOMM TTY layer initialized
Apr 15 15:50:53 sheevaplug-debian kernel: Bluetooth: RFCOMM socket layer initialized
Apr 15 15:50:53 sheevaplug-debian kernel: Bluetooth: RFCOMM ver 1.11
Apr 15 15:50:54 sheevaplug-debian kernel: Bluetooth: BNEP (Ethernet Emulation) ver 1.3
Apr 15 15:50:54 sheevaplug-debian kernel: Bluetooth: vendor=0x2df, device=0x9105, class=255, fn=2
Apr 15 15:50:54 sheevaplug-debian kernel: Bridge firewalling registered
Apr 15 15:50:54 sheevaplug-debian kernel: Bluetooth: SCO (Voice Link) ver 0.6
Apr 15 15:50:54 sheevaplug-debian kernel: Bluetooth: SCO socket layer initialized
                                                          May  4 16:22:39 sheevaplug-debian kernel: imklog 3.18.6, log source = /proc/kmsg started.
May  4 16:22:39 sheevaplug-debian rsyslogd: [origin software="rsyslogd" swVersion="3.18.6" x-pid="1889" x-info="http://www.rsyslog.com"] restart
May  4 16:22:39 sheevaplug-debian kernel: Linux version 2.6.33.6 (root@localhost.localdomain) (gcc version 4.2.0 20070413 (prerelease) (CodeSourcery 2007q1-10. Marvell 2008q3-13 20081204)) #1 PREEMPT Sun Dec 5 22:56:10 CST 2010
May  4 16:22:39 sheevaplug-debian kernel: CPU: Feroceon 88FR131 [56251311] revision 1 (ARMv5TE), cr=00053977
May  4 16:22:39 sheevaplug-debian kernel: CPU: VIVT data cache, VIVT instruction cache
May  4 16:22:39 sheevaplug-debian kernel: Machine: Marvell GuruPlug Reference Board
May  4 16:22:39 sheevaplug-debian kernel: Memory policy: ECC disabled, Data cache writeback
May  4 16:22:39 sheevaplug-debian kernel: Built 1 zonelists in Zone order, mobility grouping on.  Total pages: 130048
May  4 16:22:39 sheevaplug-debian kernel: Kernel command line: console=ttyS0,115200 root=/dev/sda2 rootdelay=35
May  4 16:22:39 sheevaplug-debian kernel: PID hash table entries: 2048 (order: 1, 8192 bytes)
May  4 16:22:39 sheevaplug-debian kernel: Dentry cache hash table entries: 65536 (order: 6, 262144 bytes)
May  4 16:22:39 sheevaplug-debian kernel: Inode-cache hash table entries: 32768 (order: 5, 131072 bytes)
May  4 16:22:39 sheevaplug-debian kernel: Memory: 256MB 256MB = 512MB total
May  4 16:22:39 sheevaplug-debian kernel: Memory: 513536KB available (4816K code, 862K data, 140K init, 0K highmem)
May  4 16:22:39 sheevaplug-debian kernel: SLUB: Genslabs=11, HWalign=32, Order=0-3, MinObjects=0, CPUs=1, Nodes=1
May  4 16:22:39 sheevaplug-debian kernel: Hierarchical RCU implementation.
May  4 16:22:39 sheevaplug-debian kernel: NR_IRQS:114
May  4 16:22:39 sheevaplug-debian kernel: Console: colour dummy device 80x30
May  4 16:22:39 sheevaplug-debian kernel: Calibrating delay loop... 1192.75 BogoMIPS (lpj=5963776)
May  4 16:22:39 sheevaplug-debian kernel: Mount-cache hash table entries: 512
May  4 16:22:39 sheevaplug-debian kernel: CPU: Testing write buffer coherency: ok
May  4 16:22:39 sheevaplug-debian kernel: NET: Registered protocol family 16
May  4 16:22:39 sheevaplug-debian kernel: Kirkwood: MV88F6281-A1, TCLK=200000000.
May  4 16:22:39 sheevaplug-debian kernel: Feroceon L2: Cache support initialised.
May  4 16:22:39 sheevaplug-debian kernel: bio: create slab <bio-0> at 0
May  4 16:22:39 sheevaplug-debian kernel: vgaarb: loaded
May  4 16:22:39 sheevaplug-debian kernel: SCSI subsystem initialized
May  4 16:22:39 sheevaplug-debian kernel: usbcore: registered new interface driver usbfs
May  4 16:22:39 sheevaplug-debian kernel: usbcore: registered new interface driver hub
May  4 16:22:39 sheevaplug-debian kernel: usbcore: registered new device driver usb
May  4 16:22:39 sheevaplug-debian kernel: cfg80211: Using static regulatory domain info
May  4 16:22:39 sheevaplug-debian kernel: cfg80211: Regulatory domain: 00
May  4 16:22:39 sheevaplug-debian kernel:    (start_freq - end_freq @ bandwidth), (max_antenna_gain, max_eirp)
May  4 16:22:39 sheevaplug-debian kernel:    (2402000 KHz - 2472000 KHz @ 40000 KHz), (600 mBi, 2000 mBm)
May  4 16:22:39 sheevaplug-debian kernel:    (2457000 KHz - 2482000 KHz @ 20000 KHz), (600 mBi, 2000 mBm)
May  4 16:22:39 sheevaplug-debian kernel:    (2474000 KHz - 2494000 KHz @ 20000 KHz), (600 mBi, 2000 mBm)
May  4 16:22:39 sheevaplug-debian kernel:    (5170000 KHz - 5250000 KHz @ 40000 KHz), (600 mBi, 2000 mBm)
May  4 16:22:39 sheevaplug-debian kernel:    (5735000 KHz - 5835000 KHz @ 40000 KHz), (600 mBi, 2000 mBm)
May  4 16:22:39 sheevaplug-debian kernel: cfg80211: Calling CRDA to update world regulatory domain
May  4 16:22:39 sheevaplug-debian kernel: Switching to clocksource orion_clocksource
May  4 16:22:39 sheevaplug-debian kernel: NET: Registered protocol family 2
May  4 16:22:39 sheevaplug-debian kernel: IP route cache hash table entries: 4096 (order: 2, 16384 bytes)
May  4 16:22:39 sheevaplug-debian kernel: TCP established hash table entries: 16384 (order: 5, 131072 bytes)
May  4 16:22:39 sheevaplug-debian kernel: TCP bind hash table entries: 16384 (order: 4, 65536 bytes)
May  4 16:22:39 sheevaplug-debian kernel: TCP: Hash tables configured (established 16384 bind 16384)
May  4 16:22:39 sheevaplug-debian kernel: TCP reno registered
May  4 16:22:39 sheevaplug-debian kernel: UDP hash table entries: 256 (order: 0, 4096 bytes)
May  4 16:22:39 sheevaplug-debian kernel: UDP-Lite hash table entries: 256 (order: 0, 4096 bytes)
May  4 16:22:39 sheevaplug-debian kernel: NET: Registered protocol family 1
May  4 16:22:39 sheevaplug-debian kernel: RPC: Registered udp transport module.
May  4 16:22:39 sheevaplug-debian kernel: RPC: Registered tcp transport module.
May  4 16:22:39 sheevaplug-debian kernel: RPC: Registered tcp NFSv4.1 backchannel transport module.
May  4 16:22:39 sheevaplug-debian kernel: JFFS2 version 2.2. (NAND) © 2001-2006 Red Hat, Inc.
May  4 16:22:39 sheevaplug-debian kernel: JFS: nTxBlock = 4014, nTxLock = 32112
May  4 16:22:39 sheevaplug-debian kernel: msgmni has been set to 1003
May  4 16:22:39 sheevaplug-debian kernel: alg: No test for stdrng (krng)
May  4 16:22:39 sheevaplug-debian kernel: io scheduler noop registered
May  4 16:22:39 sheevaplug-debian kernel: io scheduler deadline registered
May  4 16:22:39 sheevaplug-debian kernel: io scheduler cfq registered (default)
May  4 16:22:39 sheevaplug-debian kernel: Serial: 8250/16550 driver, 2 ports, IRQ sharing disabled
May  4 16:22:39 sheevaplug-debian kernel: serial8250.0: ttyS0 at MMIO 0xf1012000 (irq = 33) is a 16550A
May  4 16:22:39 sheevaplug-debian kernel: console [ttyS0] enabled
May  4 16:22:39 sheevaplug-debian kernel: brd: module loaded
May  4 16:22:39 sheevaplug-debian kernel: loop: module loaded
May  4 16:22:39 sheevaplug-debian kernel: No NAND device found.
May  4 16:22:39 sheevaplug-debian kernel: MV-643xx 10/100/1000 ethernet driver version 1.4
May  4 16:22:39 sheevaplug-debian kernel: mv643xx_eth smi: probed
May  4 16:22:39 sheevaplug-debian kernel: net eth0: port 0 with MAC address f0:ad:4e:00:50:5c
May  4 16:22:39 sheevaplug-debian kernel: net eth1: port 0 with MAC address f0:ad:4e:00:50:5d
May  4 16:22:39 sheevaplug-debian kernel: ehci_hcd: USB 2.0 'Enhanced' Host Controller (EHCI) Driver
May  4 16:22:39 sheevaplug-debian kernel: orion-ehci orion-ehci.0: Marvell Orion EHCI
May  4 16:22:39 sheevaplug-debian kernel: orion-ehci orion-ehci.0: new USB bus registered, assigned bus number 1
May  4 16:22:39 sheevaplug-debian kernel: orion-ehci orion-ehci.0: irq 19, io mem 0xf1050000
May  4 16:22:39 sheevaplug-debian kernel: orion-ehci orion-ehci.0: USB 2.0 started, EHCI 1.00
May  4 16:22:39 sheevaplug-debian kernel: hub 1-0:1.0: USB hub found
May  4 16:22:39 sheevaplug-debian kernel: hub 1-0:1.0: 1 port detected
May  4 16:22:39 sheevaplug-debian kernel: Initializing USB Mass Storage driver...
May  4 16:22:39 sheevaplug-debian kernel: usbcore: registered new interface driver usb-storage
May  4 16:22:39 sheevaplug-debian kernel: USB Mass Storage support registered.
May  4 16:22:39 sheevaplug-debian kernel: usbcore: registered new interface driver ums-datafab
May  4 16:22:39 sheevaplug-debian kernel: usbcore: registered new interface driver ums-freecom
May  4 16:22:39 sheevaplug-debian kernel: usbcore: registered new interface driver ums-jumpshot
May  4 16:22:39 sheevaplug-debian kernel: usbcore: registered new interface driver ums-sddr09
May  4 16:22:39 sheevaplug-debian kernel: usbcore: registered new interface driver ums-sddr55
May  4 16:22:39 sheevaplug-debian kernel: mice: PS/2 mouse device common for all mice
May  4 16:22:39 sheevaplug-debian kernel: rtc-mv rtc-mv: rtc core: registered rtc-mv as rtc0
May  4 16:22:39 sheevaplug-debian kernel: i2c /dev entries driver
May  4 16:22:39 sheevaplug-debian kernel: cpuidle: using governor ladder
May  4 16:22:39 sheevaplug-debian kernel: cpuidle: using governor menu
May  4 16:22:39 sheevaplug-debian kernel: sdhci: Secure Digital Host Controller Interface driver
May  4 16:22:39 sheevaplug-debian kernel: sdhci: Copyright(c) Pierre Ossman
May  4 16:22:39 sheevaplug-debian kernel: mmc0: mvsdio driver initialized, lacking card detect (fall back to polling)
May  4 16:22:39 sheevaplug-debian kernel: Registered led device: guruplug:red:health
May  4 16:22:39 sheevaplug-debian kernel: Registered led device: guruplug:green:health
May  4 16:22:39 sheevaplug-debian kernel: Registered led device: guruplug:red:wmode
May  4 16:22:39 sheevaplug-debian kernel: Registered led device: guruplug:green:wmode
May  4 16:22:39 sheevaplug-debian kernel: mv_xor_shared mv_xor_shared.0: Marvell shared XOR driver
May  4 16:22:39 sheevaplug-debian kernel: mv_xor_shared mv_xor_shared.1: Marvell shared XOR driver
May  4 16:22:39 sheevaplug-debian kernel: mv_xor mv_xor.0: Marvell XOR: ( xor cpy )
May  4 16:22:39 sheevaplug-debian kernel: mmc0: new high speed SDIO card at address 0001
May  4 16:22:39 sheevaplug-debian kernel: mv_xor mv_xor.1: Marvell XOR: ( xor fill cpy )
May  4 16:22:39 sheevaplug-debian kernel: mv_xor mv_xor.2: Marvell XOR: ( xor cpy )
May  4 16:22:39 sheevaplug-debian kernel: mv_xor mv_xor.3: Marvell XOR: ( xor fill cpy )
May  4 16:22:39 sheevaplug-debian kernel: usbcore: registered new interface driver hiddev
May  4 16:22:39 sheevaplug-debian kernel: usbcore: registered new interface driver usbhid
May  4 16:22:39 sheevaplug-debian kernel: usbhid: USB HID core driver
May  4 16:22:39 sheevaplug-debian kernel: oprofile: using timer interrupt.
May  4 16:22:39 sheevaplug-debian kernel: TCP cubic registered
May  4 16:22:39 sheevaplug-debian kernel: NET: Registered protocol family 17
May  4 16:22:39 sheevaplug-debian kernel: lib80211: common routines for IEEE802.11 drivers
May  4 16:22:39 sheevaplug-debian kernel: rtc-mv rtc-mv: setting system clock to 2010-05-04 16:21:18 UTC (1272990078)
May  4 16:22:39 sheevaplug-debian kernel: Waiting 35sec before mounting root device...
May  4 16:22:39 sheevaplug-debian kernel: usb 1-1: new high speed USB device using orion-ehci and address 2
May  4 16:22:39 sheevaplug-debian kernel: hub 1-1:1.0: USB hub found
May  4 16:22:39 sheevaplug-debian kernel: hub 1-1:1.0: 4 ports detected
May  4 16:22:39 sheevaplug-debian kernel: usb 1-1.1: new high speed USB device using orion-ehci and address 3
May  4 16:22:39 sheevaplug-debian kernel: scsi0 : usb-storage 1-1.1:1.0
May  4 16:22:39 sheevaplug-debian kernel: usb 1-1.4: new full speed USB device using orion-ehci and address 4
May  4 16:22:39 sheevaplug-debian kernel: input: C-Media Electronics Inc.       USB PnP Sound Device           as /devices/platform/orion-ehci.0/usb1/1-1/1-1.4/1-1.4:1.2/input/input0
May  4 16:22:39 sheevaplug-debian kernel: generic-usb 0003:0D8C:013C.0001: input: USB HID v1.00 Device [C-Media Electronics Inc.       USB PnP Sound Device          ] on usb-orion-ehci.0-1.4/input2
May  4 16:22:39 sheevaplug-debian kernel: scsi 0:0:0:0: Direct-Access     Generic  STORAGE DEVICE   9909 PQ: 0 ANSI: 0
May  4 16:22:39 sheevaplug-debian kernel: sd 0:0:0:0: Attached scsi generic sg0 type 0
May  4 16:22:39 sheevaplug-debian kernel: scsi 0:0:0:1: Direct-Access     Generic  STORAGE DEVICE   9909 PQ: 0 ANSI: 0
May  4 16:22:39 sheevaplug-debian kernel: sd 0:0:0:0: [sda] 1984000 512-byte logical blocks: (1.01 GB/968 MiB)
May  4 16:22:39 sheevaplug-debian kernel: sd 0:0:0:1: Attached scsi generic sg1 type 0
May  4 16:22:39 sheevaplug-debian kernel: sd 0:0:0:0: [sda] Write Protect is off
May  4 16:22:39 sheevaplug-debian kernel: sd 0:0:0:1: [sdb] Attached SCSI removable disk
May  4 16:22:39 sheevaplug-debian kernel: sda: sda1 sda2
May  4 16:22:39 sheevaplug-debian kernel: sd 0:0:0:0: [sda] Attached SCSI removable disk
May  4 16:22:39 sheevaplug-debian kernel: EXT3-fs (sda2): warning: maximal mount count reached, running e2fsck is recommended
May  4 16:22:39 sheevaplug-debian kernel: kjournald starting.  Commit interval 5 seconds
May  4 16:22:39 sheevaplug-debian kernel: EXT3-fs (sda2): using internal journal
May  4 16:22:39 sheevaplug-debian kernel: EXT3-fs (sda2): 5 orphan inodes deleted
May  4 16:22:39 sheevaplug-debian kernel: EXT3-fs (sda2): recovery complete
May  4 16:22:39 sheevaplug-debian kernel: EXT3-fs (sda2): mounted filesystem with writeback data mode
May  4 16:22:39 sheevaplug-debian kernel: VFS: Mounted root (ext3 filesystem) on device 8:2.
May  4 16:22:39 sheevaplug-debian kernel: Freeing init memory: 140K
May  4 16:22:39 sheevaplug-debian kernel: sata_mv sata_mv.0: version 1.28
May  4 16:22:39 sheevaplug-debian kernel: sata_mv sata_mv.0: slots 32 ports 1
May  4 16:22:39 sheevaplug-debian kernel: scsi1 : sata_mv
May  4 16:22:39 sheevaplug-debian kernel: ata1: SATA max UDMA/133 irq 21
May  4 16:22:39 sheevaplug-debian kernel: ata1: SATA link down (SStatus 0 SControl F300)
May  4 16:22:39 sheevaplug-debian kernel: Bluetooth: Core ver 2.15
May  4 16:22:39 sheevaplug-debian kernel: NET: Registered protocol family 31
May  4 16:22:39 sheevaplug-debian kernel: Bluetooth: HCI device and connection manager initialized
May  4 16:22:39 sheevaplug-debian kernel: libertas_sdio: Libertas SDIO driver
May  4 16:22:39 sheevaplug-debian kernel: libertas_sdio: Copyright Pierre Ossman
May  4 16:22:39 sheevaplug-debian kernel: Bluetooth: HCI socket layer initialized
May  4 16:22:39 sheevaplug-debian kernel: libertas_sdio mmc0:0001:1: firmware: requesting sd8688_helper.bin
May  4 16:22:39 sheevaplug-debian kernel: libertas_sdio: probe of mmc0:0001:1 failed with error -2
May  4 16:22:39 sheevaplug-debian kernel: Bluetooth: vendor=0x2df, device=0x9105, class=255, fn=2
May  4 16:22:39 sheevaplug-debian kernel: btmrvl_sdio mmc0:0001:2: firmware: requesting sd8688_helper.bin
May  4 16:22:39 sheevaplug-debian kernel: uap_sdio mmc0:0001:1: firmware: requesting mrvl/helper_sd.bin
May  4 16:22:39 sheevaplug-debian kernel: uap_sdio mmc0:0001:1: firmware: requesting mrvl/sd8688_ap.bin
May  4 16:22:39 sheevaplug-debian kernel: usbcore: registered new interface driver snd-usb-audio
May  4 16:22:40 sheevaplug-debian kernel: NET: Registered protocol family 10
May  4 16:22:47 sheevaplug-debian kernel: ADDRCONF(NETDEV_UP): eth0: link is not ready
May  4 16:22:50 sheevaplug-debian kernel: ADDRCONF(NETDEV_UP): uap0: link is not ready
May  4 16:22:50 sheevaplug-debian kernel: ip_tables: (C) 2000-2006 Netfilter Core Team
May  4 16:22:50 sheevaplug-debian kernel: nf_conntrack version 0.5.0 (8030 buckets, 32120 max)
May  4 16:22:50 sheevaplug-debian kernel: CONFIG_NF_CT_ACCT is deprecated and will be removed soon. Please use
May  4 16:22:50 sheevaplug-debian kernel: nf_conntrack.acct=1 kernel parameter, acct=1 nf_conntrack module option or
May  4 16:22:50 sheevaplug-debian kernel: sysctl net.netfilter.nf_conntrack_acct=1 to enable it.
May  4 16:22:50 sheevaplug-debian udhcpd[2495]: udhcpd (v0.9.9-pre) started
May  4 16:22:51 sheevaplug-debian kernel: Bluetooth: L2CAP ver 2.14
May  4 16:22:51 sheevaplug-debian kernel: Bluetooth: L2CAP socket layer initialized
May  4 16:22:51 sheevaplug-debian kernel: Bluetooth: RFCOMM TTY layer initialized
May  4 16:22:51 sheevaplug-debian kernel: Bluetooth: RFCOMM socket layer initialized
May  4 16:22:51 sheevaplug-debian kernel: Bluetooth: RFCOMM ver 1.11
May  4 16:22:51 sheevaplug-debian kernel: Bluetooth: BNEP (Ethernet Emulation) ver 1.3
May  4 16:22:51 sheevaplug-debian kernel: Bluetooth: vendor=0x2df, device=0x9105, class=255, fn=2
May  4 16:22:51 sheevaplug-debian kernel: Bridge firewalling registered
May  4 16:22:52 sheevaplug-debian kernel: Bluetooth: SCO (Voice Link) ver 0.6
May  4 16:22:52 sheevaplug-debian kernel: Bluetooth: SCO socket layer initialized
May  4 16:23:24 sheevaplug-debian udhcpd[2496]: Received a SIGTERM
May  4 16:23:25 sheevaplug-debian kernel: libertas_sdio: Libertas SDIO driver
May  4 16:23:25 sheevaplug-debian kernel: libertas_sdio: Copyright Pierre Ossman
May  4 16:23:25 sheevaplug-debian kernel: libertas_sdio mmc0:0001:1: firmware: requesting sd8688_helper.bin
May  4 16:23:25 sheevaplug-debian kernel: libertas_sdio mmc0:0001:1: firmware: requesting sd8688.bin
May  4 16:23:26 sheevaplug-debian kernel: libertas: 00:24:23:27:9c:1b, fw 10.38.3p49, cap 0x00000303
May  4 16:23:26 sheevaplug-debian kernel: libertas: wlan0: Marvell WLAN 802.11 adapter
May  4 16:24:07 sheevaplug-debian kernel: libertas_sdio: Libertas SDIO driver
May  4 16:24:07 sheevaplug-debian kernel: libertas_sdio: Copyright Pierre Ossman
May  4 16:24:07 sheevaplug-debian kernel: libertas: 00:24:23:27:9c:1b, fw 10.38.3p49, cap 0x00000303
May  4 16:24:07 sheevaplug-debian kernel: libertas: wlan0: Marvell WLAN 802.11 adapter
May  4 16:27:32 sheevaplug-debian kernel: imklog 3.18.6, log source = /proc/kmsg started.
May  4 16:27:32 sheevaplug-debian rsyslogd: [origin software="rsyslogd" swVersion="3.18.6" x-pid="1894" x-info="http://www.rsyslog.com"] restart
May  4 16:27:32 sheevaplug-debian kernel: Linux version 2.6.33.6 (root@localhost.localdomain) (gcc version 4.2.0 20070413 (prerelease) (CodeSourcery 2007q1-10. Marvell 2008q3-13 20081204)) #1 PREEMPT Sun Dec 5 22:56:10 CST 2010
May  4 16:27:32 sheevaplug-debian kernel: CPU: Feroceon 88FR131 [56251311] revision 1 (ARMv5TE), cr=00053977
May  4 16:27:32 sheevaplug-debian kernel: CPU: VIVT data cache, VIVT instruction cache
May  4 16:27:32 sheevaplug-debian kernel: Machine: Marvell GuruPlug Reference Board
May  4 16:27:32 sheevaplug-debian kernel: Memory policy: ECC disabled, Data cache writeback
May  4 16:27:32 sheevaplug-debian kernel: Built 1 zonelists in Zone order, mobility grouping on.  Total pages: 130048
May  4 16:27:32 sheevaplug-debian kernel: Kernel command line: console=ttyS0,115200 root=/dev/sda2 rootdelay=35
May  4 16:27:32 sheevaplug-debian kernel: PID hash table entries: 2048 (order: 1, 8192 bytes)
May  4 16:27:32 sheevaplug-debian kernel: Dentry cache hash table entries: 65536 (order: 6, 262144 bytes)
May  4 16:27:32 sheevaplug-debian kernel: Inode-cache hash table entries: 32768 (order: 5, 131072 bytes)
May  4 16:27:32 sheevaplug-debian kernel: Memory: 256MB 256MB = 512MB total
May  4 16:27:32 sheevaplug-debian kernel: Memory: 513536KB available (4816K code, 862K data, 140K init, 0K highmem)
May  4 16:27:32 sheevaplug-debian kernel: SLUB: Genslabs=11, HWalign=32, Order=0-3, MinObjects=0, CPUs=1, Nodes=1
May  4 16:27:32 sheevaplug-debian kernel: Hierarchical RCU implementation.
May  4 16:27:32 sheevaplug-debian kernel: NR_IRQS:114
May  4 16:27:32 sheevaplug-debian kernel: Console: colour dummy device 80x30
May  4 16:27:32 sheevaplug-debian kernel: Calibrating delay loop... 1192.75 BogoMIPS (lpj=5963776)
May  4 16:27:32 sheevaplug-debian kernel: Mount-cache hash table entries: 512
May  4 16:27:32 sheevaplug-debian kernel: CPU: Testing write buffer coherency: ok
May  4 16:27:32 sheevaplug-debian kernel: NET: Registered protocol family 16
May  4 16:27:32 sheevaplug-debian kernel: Kirkwood: MV88F6281-A1, TCLK=200000000.
May  4 16:27:32 sheevaplug-debian kernel: Feroceon L2: Cache support initialised.
May  4 16:27:32 sheevaplug-debian kernel: bio: create slab <bio-0> at 0
May  4 16:27:32 sheevaplug-debian kernel: vgaarb: loaded
May  4 16:27:32 sheevaplug-debian kernel: SCSI subsystem initialized
May  4 16:27:32 sheevaplug-debian kernel: usbcore: registered new interface driver usbfs
May  4 16:27:32 sheevaplug-debian kernel: usbcore: registered new interface driver hub
May  4 16:27:32 sheevaplug-debian kernel: usbcore: registered new device driver usb
May  4 16:27:32 sheevaplug-debian kernel: cfg80211: Using static regulatory domain info
May  4 16:27:32 sheevaplug-debian kernel: cfg80211: Regulatory domain: 00
May  4 16:27:32 sheevaplug-debian kernel:    (start_freq - end_freq @ bandwidth), (max_antenna_gain, max_eirp)
May  4 16:27:32 sheevaplug-debian kernel:    (2402000 KHz - 2472000 KHz @ 40000 KHz), (600 mBi, 2000 mBm)
May  4 16:27:32 sheevaplug-debian kernel:    (2457000 KHz - 2482000 KHz @ 20000 KHz), (600 mBi, 2000 mBm)
May  4 16:27:32 sheevaplug-debian kernel:    (2474000 KHz - 2494000 KHz @ 20000 KHz), (600 mBi, 2000 mBm)
May  4 16:27:32 sheevaplug-debian kernel:    (5170000 KHz - 5250000 KHz @ 40000 KHz), (600 mBi, 2000 mBm)
May  4 16:27:32 sheevaplug-debian kernel:    (5735000 KHz - 5835000 KHz @ 40000 KHz), (600 mBi, 2000 mBm)
May  4 16:27:32 sheevaplug-debian kernel: cfg80211: Calling CRDA to update world regulatory domain
May  4 16:27:32 sheevaplug-debian kernel: Switching to clocksource orion_clocksource
May  4 16:27:32 sheevaplug-debian kernel: NET: Registered protocol family 2
May  4 16:27:32 sheevaplug-debian kernel: IP route cache hash table entries: 4096 (order: 2, 16384 bytes)
May  4 16:27:32 sheevaplug-debian kernel: TCP established hash table entries: 16384 (order: 5, 131072 bytes)
May  4 16:27:32 sheevaplug-debian kernel: TCP bind hash table entries: 16384 (order: 4, 65536 bytes)
May  4 16:27:32 sheevaplug-debian kernel: TCP: Hash tables configured (established 16384 bind 16384)
May  4 16:27:32 sheevaplug-debian kernel: TCP reno registered
May  4 16:27:32 sheevaplug-debian kernel: UDP hash table entries: 256 (order: 0, 4096 bytes)
May  4 16:27:32 sheevaplug-debian kernel: UDP-Lite hash table entries: 256 (order: 0, 4096 bytes)
May  4 16:27:32 sheevaplug-debian kernel: NET: Registered protocol family 1
May  4 16:27:32 sheevaplug-debian kernel: RPC: Registered udp transport module.
May  4 16:27:32 sheevaplug-debian kernel: RPC: Registered tcp transport module.
May  4 16:27:32 sheevaplug-debian kernel: RPC: Registered tcp NFSv4.1 backchannel transport module.
May  4 16:27:32 sheevaplug-debian kernel: JFFS2 version 2.2. (NAND) © 2001-2006 Red Hat, Inc.
May  4 16:27:32 sheevaplug-debian kernel: JFS: nTxBlock = 4014, nTxLock = 32112
May  4 16:27:32 sheevaplug-debian kernel: msgmni has been set to 1003
May  4 16:27:32 sheevaplug-debian kernel: alg: No test for stdrng (krng)
May  4 16:27:32 sheevaplug-debian kernel: io scheduler noop registered
May  4 16:27:32 sheevaplug-debian kernel: io scheduler deadline registered
May  4 16:27:32 sheevaplug-debian kernel: io scheduler cfq registered (default)
May  4 16:27:32 sheevaplug-debian kernel: Serial: 8250/16550 driver, 2 ports, IRQ sharing disabled
May  4 16:27:32 sheevaplug-debian kernel: serial8250.0: ttyS0 at MMIO 0xf1012000 (irq = 33) is a 16550A
May  4 16:27:32 sheevaplug-debian kernel: console [ttyS0] enabled
May  4 16:27:32 sheevaplug-debian kernel: brd: module loaded
May  4 16:27:32 sheevaplug-debian kernel: loop: module loaded
May  4 16:27:32 sheevaplug-debian kernel: No NAND device found.
May  4 16:27:32 sheevaplug-debian kernel: MV-643xx 10/100/1000 ethernet driver version 1.4
May  4 16:27:32 sheevaplug-debian kernel: mv643xx_eth smi: probed
May  4 16:27:32 sheevaplug-debian kernel: net eth0: port 0 with MAC address f0:ad:4e:00:50:5c
May  4 16:27:32 sheevaplug-debian kernel: net eth1: port 0 with MAC address f0:ad:4e:00:50:5d
May  4 16:27:32 sheevaplug-debian kernel: ehci_hcd: USB 2.0 'Enhanced' Host Controller (EHCI) Driver
May  4 16:27:32 sheevaplug-debian kernel: orion-ehci orion-ehci.0: Marvell Orion EHCI
May  4 16:27:32 sheevaplug-debian kernel: orion-ehci orion-ehci.0: new USB bus registered, assigned bus number 1
May  4 16:27:32 sheevaplug-debian kernel: orion-ehci orion-ehci.0: irq 19, io mem 0xf1050000
May  4 16:27:32 sheevaplug-debian kernel: orion-ehci orion-ehci.0: USB 2.0 started, EHCI 1.00
May  4 16:27:32 sheevaplug-debian kernel: hub 1-0:1.0: USB hub found
May  4 16:27:32 sheevaplug-debian kernel: hub 1-0:1.0: 1 port detected
May  4 16:27:32 sheevaplug-debian kernel: Initializing USB Mass Storage driver...
May  4 16:27:32 sheevaplug-debian kernel: usbcore: registered new interface driver usb-storage
May  4 16:27:32 sheevaplug-debian kernel: USB Mass Storage support registered.
May  4 16:27:32 sheevaplug-debian kernel: usbcore: registered new interface driver ums-datafab
May  4 16:27:32 sheevaplug-debian kernel: usbcore: registered new interface driver ums-freecom
May  4 16:27:32 sheevaplug-debian kernel: usbcore: registered new interface driver ums-jumpshot
May  4 16:27:32 sheevaplug-debian kernel: usbcore: registered new interface driver ums-sddr09
May  4 16:27:32 sheevaplug-debian kernel: usbcore: registered new interface driver ums-sddr55
May  4 16:27:32 sheevaplug-debian kernel: mice: PS/2 mouse device common for all mice
May  4 16:27:32 sheevaplug-debian kernel: rtc-mv rtc-mv: rtc core: registered rtc-mv as rtc0
May  4 16:27:32 sheevaplug-debian kernel: i2c /dev entries driver
May  4 16:27:32 sheevaplug-debian kernel: cpuidle: using governor ladder
May  4 16:27:32 sheevaplug-debian kernel: cpuidle: using governor menu
May  4 16:27:32 sheevaplug-debian kernel: sdhci: Secure Digital Host Controller Interface driver
May  4 16:27:32 sheevaplug-debian kernel: sdhci: Copyright(c) Pierre Ossman
May  4 16:27:32 sheevaplug-debian kernel: mmc0: mvsdio driver initialized, lacking card detect (fall back to polling)
May  4 16:27:32 sheevaplug-debian kernel: Registered led device: guruplug:red:health
May  4 16:27:32 sheevaplug-debian kernel: Registered led device: guruplug:green:health
May  4 16:27:32 sheevaplug-debian kernel: Registered led device: guruplug:red:wmode
May  4 16:27:32 sheevaplug-debian kernel: Registered led device: guruplug:green:wmode
May  4 16:27:32 sheevaplug-debian kernel: mv_xor_shared mv_xor_shared.0: Marvell shared XOR driver
May  4 16:27:32 sheevaplug-debian kernel: mv_xor_shared mv_xor_shared.1: Marvell shared XOR driver
May  4 16:27:32 sheevaplug-debian kernel: mv_xor mv_xor.0: Marvell XOR: ( xor cpy )
May  4 16:27:32 sheevaplug-debian kernel: mmc0: new high speed SDIO card at address 0001
May  4 16:27:32 sheevaplug-debian kernel: mv_xor mv_xor.1: Marvell XOR: ( xor fill cpy )
May  4 16:27:32 sheevaplug-debian kernel: mv_xor mv_xor.2: Marvell XOR: ( xor cpy )
May  4 16:27:32 sheevaplug-debian kernel: mv_xor mv_xor.3: Marvell XOR: ( xor fill cpy )
May  4 16:27:32 sheevaplug-debian kernel: usbcore: registered new interface driver hiddev
May  4 16:27:32 sheevaplug-debian kernel: usbcore: registered new interface driver usbhid
May  4 16:27:32 sheevaplug-debian kernel: usbhid: USB HID core driver
May  4 16:27:32 sheevaplug-debian kernel: oprofile: using timer interrupt.
May  4 16:27:32 sheevaplug-debian kernel: TCP cubic registered
May  4 16:27:32 sheevaplug-debian kernel: NET: Registered protocol family 17
May  4 16:27:32 sheevaplug-debian kernel: lib80211: common routines for IEEE802.11 drivers
May  4 16:27:32 sheevaplug-debian kernel: rtc-mv rtc-mv: setting system clock to 2010-05-04 16:26:10 UTC (1272990370)
May  4 16:27:32 sheevaplug-debian kernel: Waiting 35sec before mounting root device...
May  4 16:27:32 sheevaplug-debian kernel: usb 1-1: new high speed USB device using orion-ehci and address 2
May  4 16:27:32 sheevaplug-debian kernel: hub 1-1:1.0: USB hub found
May  4 16:27:32 sheevaplug-debian kernel: hub 1-1:1.0: 4 ports detected
May  4 16:27:32 sheevaplug-debian kernel: usb 1-1.1: new high speed USB device using orion-ehci and address 3
May  4 16:27:32 sheevaplug-debian kernel: scsi0 : usb-storage 1-1.1:1.0
May  4 16:27:32 sheevaplug-debian kernel: usb 1-1.4: new full speed USB device using orion-ehci and address 4
May  4 16:27:32 sheevaplug-debian kernel: input: C-Media Electronics Inc.       USB PnP Sound Device           as /devices/platform/orion-ehci.0/usb1/1-1/1-1.4/1-1.4:1.2/input/input0
May  4 16:27:32 sheevaplug-debian kernel: generic-usb 0003:0D8C:013C.0001: input: USB HID v1.00 Device [C-Media Electronics Inc.       USB PnP Sound Device          ] on usb-orion-ehci.0-1.4/input2
May  4 16:27:32 sheevaplug-debian kernel: scsi 0:0:0:0: Direct-Access     Generic  STORAGE DEVICE   9909 PQ: 0 ANSI: 0
May  4 16:27:32 sheevaplug-debian kernel: sd 0:0:0:0: Attached scsi generic sg0 type 0
May  4 16:27:32 sheevaplug-debian kernel: scsi 0:0:0:1: Direct-Access     Generic  STORAGE DEVICE   9909 PQ: 0 ANSI: 0
May  4 16:27:32 sheevaplug-debian kernel: sd 0:0:0:0: [sda] 1984000 512-byte logical blocks: (1.01 GB/968 MiB)
May  4 16:27:32 sheevaplug-debian kernel: sd 0:0:0:1: Attached scsi generic sg1 type 0
May  4 16:27:32 sheevaplug-debian kernel: sd 0:0:0:0: [sda] Write Protect is off
May  4 16:27:32 sheevaplug-debian kernel: sd 0:0:0:1: [sdb] Attached SCSI removable disk
May  4 16:27:32 sheevaplug-debian kernel: sda: sda1 sda2
May  4 16:27:32 sheevaplug-debian kernel: sd 0:0:0:0: [sda] Attached SCSI removable disk
May  4 16:27:32 sheevaplug-debian kernel: EXT3-fs (sda2): warning: maximal mount count reached, running e2fsck is recommended
May  4 16:27:32 sheevaplug-debian kernel: kjournald starting.  Commit interval 5 seconds
May  4 16:27:32 sheevaplug-debian kernel: EXT3-fs (sda2): using internal journal
May  4 16:27:32 sheevaplug-debian kernel: EXT3-fs (sda2): 5 orphan inodes deleted
May  4 16:27:32 sheevaplug-debian kernel: EXT3-fs (sda2): recovery complete
May  4 16:27:32 sheevaplug-debian kernel: EXT3-fs (sda2): mounted filesystem with writeback data mode
May  4 16:27:32 sheevaplug-debian kernel: VFS: Mounted root (ext3 filesystem) on device 8:2.
May  4 16:27:32 sheevaplug-debian kernel: Freeing init memory: 140K
May  4 16:27:32 sheevaplug-debian kernel: sata_mv sata_mv.0: version 1.28
May  4 16:27:32 sheevaplug-debian kernel: sata_mv sata_mv.0: slots 32 ports 1
May  4 16:27:32 sheevaplug-debian kernel: scsi1 : sata_mv
May  4 16:27:32 sheevaplug-debian kernel: ata1: SATA max UDMA/133 irq 21
May  4 16:27:32 sheevaplug-debian kernel: ata1: SATA link down (SStatus 0 SControl F300)
May  4 16:27:32 sheevaplug-debian kernel: Bluetooth: Core ver 2.15
May  4 16:27:32 sheevaplug-debian kernel: NET: Registered protocol family 31
May  4 16:27:32 sheevaplug-debian kernel: Bluetooth: HCI device and connection manager initialized
May  4 16:27:32 sheevaplug-debian kernel: libertas_sdio: Libertas SDIO driver
May  4 16:27:32 sheevaplug-debian kernel: Bluetooth: HCI socket layer initialized
May  4 16:27:32 sheevaplug-debian kernel: libertas_sdio: Copyright Pierre Ossman
May  4 16:27:32 sheevaplug-debian kernel: libertas_sdio mmc0:0001:1: firmware: requesting sd8688_helper.bin
May  4 16:27:32 sheevaplug-debian kernel: libertas_sdio: probe of mmc0:0001:1 failed with error -2
May  4 16:27:32 sheevaplug-debian kernel: Bluetooth: vendor=0x2df, device=0x9105, class=255, fn=2
May  4 16:27:32 sheevaplug-debian kernel: btmrvl_sdio mmc0:0001:2: firmware: requesting sd8688_helper.bin
May  4 16:27:32 sheevaplug-debian kernel: uap_sdio mmc0:0001:1: firmware: requesting mrvl/helper_sd.bin
May  4 16:27:32 sheevaplug-debian kernel: uap_sdio mmc0:0001:1: firmware: requesting mrvl/sd8688_ap.bin
May  4 16:27:32 sheevaplug-debian kernel: usbcore: registered new interface driver snd-usb-audio
May  4 16:27:33 sheevaplug-debian kernel: NET: Registered protocol family 10
May  4 16:27:40 sheevaplug-debian kernel: ADDRCONF(NETDEV_UP): eth0: link is not ready
May  4 16:27:43 sheevaplug-debian kernel: ADDRCONF(NETDEV_UP): uap0: link is not ready
May  4 16:27:43 sheevaplug-debian kernel: ip_tables: (C) 2000-2006 Netfilter Core Team
May  4 16:27:43 sheevaplug-debian kernel: nf_conntrack version 0.5.0 (8030 buckets, 32120 max)
May  4 16:27:43 sheevaplug-debian kernel: CONFIG_NF_CT_ACCT is deprecated and will be removed soon. Please use
May  4 16:27:43 sheevaplug-debian kernel: nf_conntrack.acct=1 kernel parameter, acct=1 nf_conntrack module option or
May  4 16:27:43 sheevaplug-debian kernel: sysctl net.netfilter.nf_conntrack_acct=1 to enable it.
May  4 16:27:44 sheevaplug-debian udhcpd[2500]: udhcpd (v0.9.9-pre) started
May  4 16:27:44 sheevaplug-debian kernel: Bluetooth: L2CAP ver 2.14
May  4 16:27:44 sheevaplug-debian kernel: Bluetooth: L2CAP socket layer initialized
May  4 16:27:44 sheevaplug-debian kernel: Bluetooth: RFCOMM TTY layer initialized
May  4 16:27:44 sheevaplug-debian kernel: Bluetooth: RFCOMM socket layer initialized
May  4 16:27:44 sheevaplug-debian kernel: Bluetooth: RFCOMM ver 1.11
May  4 16:27:44 sheevaplug-debian kernel: Bluetooth: BNEP (Ethernet Emulation) ver 1.3
May  4 16:27:44 sheevaplug-debian kernel: Bluetooth: vendor=0x2df, device=0x9105, class=255, fn=2
May  4 16:27:45 sheevaplug-debian kernel: Bridge firewalling registered
May  4 16:27:45 sheevaplug-debian kernel: Bluetooth: SCO (Voice Link) ver 0.6
May  4 16:27:45 sheevaplug-debian kernel: Bluetooth: SCO socket layer initialized
May  4 16:27:46 sheevaplug-debian kernel: ADDRCONF(NETDEV_CHANGE): uap0: link becomes ready
May  4 16:28:50 sheevaplug-debian udhcpd[2501]: Received a SIGTERM
May  4 16:28:51 sheevaplug-debian kernel: libertas_sdio: Libertas SDIO driver
May  4 16:28:51 sheevaplug-debian kernel: libertas_sdio: Copyright Pierre Ossman
May  4 16:28:51 sheevaplug-debian kernel: libertas_sdio mmc0:0001:1: firmware: requesting sd8688_helper.bin
May  4 16:28:51 sheevaplug-debian kernel: libertas_sdio mmc0:0001:1: firmware: requesting sd8688.bin
May  4 16:28:52 sheevaplug-debian kernel: libertas: 00:24:23:27:9c:1b, fw 10.38.3p49, cap 0x00000303
May  4 16:28:52 sheevaplug-debian kernel: libertas: wlan0: Marvell WLAN 802.11 adapter
May  4 16:30:39 sheevaplug-debian kernel: ADDRCONF(NETDEV_UP): wlan0: link is not ready
Jan  1 00:01:05 sheevaplug-debian kernel: imklog 3.18.6, log source = /proc/kmsg started.
Jan  1 00:01:05 sheevaplug-debian rsyslogd: [origin software="rsyslogd" swVersion="3.18.6" x-pid="1962" x-info="http://www.rsyslog.com"] restart
Jan  1 00:01:05 sheevaplug-debian kernel: Linux version 2.6.33.6 (root@localhost.localdomain) (gcc version 4.2.0 20070413 (prerelease) (CodeSourcery 2007q1-10. Marvell 2008q3-13 20081204)) #1 PREEMPT Sun Dec 5 22:56:10 CST 2010
Jan  1 00:01:05 sheevaplug-debian kernel: CPU: Feroceon 88FR131 [56251311] revision 1 (ARMv5TE), cr=00053977
Jan  1 00:01:05 sheevaplug-debian kernel: CPU: VIVT data cache, VIVT instruction cache
Jan  1 00:01:05 sheevaplug-debian kernel: Machine: Marvell GuruPlug Reference Board
Jan  1 00:01:05 sheevaplug-debian kernel: Memory policy: ECC disabled, Data cache writeback
Jan  1 00:01:05 sheevaplug-debian kernel: Built 1 zonelists in Zone order, mobility grouping on.  Total pages: 130048
Jan  1 00:01:05 sheevaplug-debian kernel: Kernel command line: console=ttyS0,115200 root=/dev/sda2 rootdelay=10
Jan  1 00:01:05 sheevaplug-debian kernel: PID hash table entries: 2048 (order: 1, 8192 bytes)
Jan  1 00:01:05 sheevaplug-debian kernel: Dentry cache hash table entries: 65536 (order: 6, 262144 bytes)
Jan  1 00:01:05 sheevaplug-debian kernel: Inode-cache hash table entries: 32768 (order: 5, 131072 bytes)
Jan  1 00:01:05 sheevaplug-debian kernel: Memory: 256MB 256MB = 512MB total
Jan  1 00:01:05 sheevaplug-debian kernel: Memory: 513536KB available (4816K code, 862K data, 140K init, 0K highmem)
Jan  1 00:01:05 sheevaplug-debian kernel: SLUB: Genslabs=11, HWalign=32, Order=0-3, MinObjects=0, CPUs=1, Nodes=1
Jan  1 00:01:05 sheevaplug-debian kernel: Hierarchical RCU implementation.
Jan  1 00:01:05 sheevaplug-debian kernel: NR_IRQS:114
Jan  1 00:01:05 sheevaplug-debian kernel: Console: colour dummy device 80x30
Jan  1 00:01:05 sheevaplug-debian kernel: Calibrating delay loop... 1192.75 BogoMIPS (lpj=5963776)
Jan  1 00:01:05 sheevaplug-debian kernel: Mount-cache hash table entries: 512
Jan  1 00:01:05 sheevaplug-debian kernel: CPU: Testing write buffer coherency: ok
Jan  1 00:01:05 sheevaplug-debian kernel: NET: Registered protocol family 16
Jan  1 00:01:05 sheevaplug-debian kernel: Kirkwood: MV88F6281-A1, TCLK=200000000.
Jan  1 00:01:05 sheevaplug-debian kernel: Feroceon L2: Cache support initialised.
Jan  1 00:01:05 sheevaplug-debian kernel: bio: create slab <bio-0> at 0
Jan  1 00:01:05 sheevaplug-debian kernel: vgaarb: loaded
Jan  1 00:01:05 sheevaplug-debian kernel: SCSI subsystem initialized
Jan  1 00:01:05 sheevaplug-debian kernel: usbcore: registered new interface driver usbfs
Jan  1 00:01:05 sheevaplug-debian kernel: usbcore: registered new interface driver hub
Jan  1 00:01:05 sheevaplug-debian kernel: usbcore: registered new device driver usb
Jan  1 00:01:05 sheevaplug-debian kernel: cfg80211: Using static regulatory domain info
Jan  1 00:01:05 sheevaplug-debian kernel: cfg80211: Regulatory domain: 00
Jan  1 00:01:05 sheevaplug-debian kernel:    (start_freq - end_freq @ bandwidth), (max_antenna_gain, max_eirp)
Jan  1 00:01:05 sheevaplug-debian kernel:    (2402000 KHz - 2472000 KHz @ 40000 KHz), (600 mBi, 2000 mBm)
Jan  1 00:01:05 sheevaplug-debian kernel:    (2457000 KHz - 2482000 KHz @ 20000 KHz), (600 mBi, 2000 mBm)
Jan  1 00:01:05 sheevaplug-debian kernel:    (2474000 KHz - 2494000 KHz @ 20000 KHz), (600 mBi, 2000 mBm)
Jan  1 00:01:05 sheevaplug-debian kernel:    (5170000 KHz - 5250000 KHz @ 40000 KHz), (600 mBi, 2000 mBm)
Jan  1 00:01:05 sheevaplug-debian kernel:    (5735000 KHz - 5835000 KHz @ 40000 KHz), (600 mBi, 2000 mBm)
Jan  1 00:01:05 sheevaplug-debian kernel: cfg80211: Calling CRDA to update world regulatory domain
Jan  1 00:01:05 sheevaplug-debian kernel: Switching to clocksource orion_clocksource
Jan  1 00:01:05 sheevaplug-debian kernel: NET: Registered protocol family 2
Jan  1 00:01:05 sheevaplug-debian kernel: IP route cache hash table entries: 4096 (order: 2, 16384 bytes)
Jan  1 00:01:05 sheevaplug-debian kernel: TCP established hash table entries: 16384 (order: 5, 131072 bytes)
Jan  1 00:01:05 sheevaplug-debian kernel: TCP bind hash table entries: 16384 (order: 4, 65536 bytes)
Jan  1 00:01:05 sheevaplug-debian kernel: TCP: Hash tables configured (established 16384 bind 16384)
Jan  1 00:01:05 sheevaplug-debian kernel: TCP reno registered
Jan  1 00:01:05 sheevaplug-debian kernel: UDP hash table entries: 256 (order: 0, 4096 bytes)
Jan  1 00:01:05 sheevaplug-debian kernel: UDP-Lite hash table entries: 256 (order: 0, 4096 bytes)
Jan  1 00:01:05 sheevaplug-debian kernel: NET: Registered protocol family 1
Jan  1 00:01:05 sheevaplug-debian kernel: RPC: Registered udp transport module.
Jan  1 00:01:05 sheevaplug-debian kernel: RPC: Registered tcp transport module.
Jan  1 00:01:05 sheevaplug-debian kernel: RPC: Registered tcp NFSv4.1 backchannel transport module.
Jan  1 00:01:05 sheevaplug-debian kernel: JFFS2 version 2.2. (NAND) © 2001-2006 Red Hat, Inc.
Jan  1 00:01:05 sheevaplug-debian kernel: JFS: nTxBlock = 4014, nTxLock = 32112
Jan  1 00:01:05 sheevaplug-debian kernel: msgmni has been set to 1003
Jan  1 00:01:05 sheevaplug-debian kernel: alg: No test for stdrng (krng)
Jan  1 00:01:05 sheevaplug-debian kernel: io scheduler noop registered
Jan  1 00:01:05 sheevaplug-debian kernel: io scheduler deadline registered
Jan  1 00:01:05 sheevaplug-debian kernel: io scheduler cfq registered (default)
Jan  1 00:01:05 sheevaplug-debian kernel: Serial: 8250/16550 driver, 2 ports, IRQ sharing disabled
Jan  1 00:01:05 sheevaplug-debian kernel: serial8250.0: ttyS0 at MMIO 0xf1012000 (irq = 33) is a 16550A
Jan  1 00:01:05 sheevaplug-debian kernel: console [ttyS0] enabled
Jan  1 00:01:05 sheevaplug-debian kernel: brd: module loaded
Jan  1 00:01:05 sheevaplug-debian kernel: loop: module loaded
Jan  1 00:01:05 sheevaplug-debian kernel: No NAND device found.
Jan  1 00:01:05 sheevaplug-debian kernel: MV-643xx 10/100/1000 ethernet driver version 1.4
Jan  1 00:01:05 sheevaplug-debian kernel: mv643xx_eth smi: probed
Jan  1 00:01:05 sheevaplug-debian kernel: net eth0: port 0 with MAC address f0:ad:4e:00:7e:83
Jan  1 00:01:05 sheevaplug-debian kernel: net eth1: port 0 with MAC address f0:ad:4e:00:7e:84
Jan  1 00:01:05 sheevaplug-debian kernel: ehci_hcd: USB 2.0 'Enhanced' Host Controller (EHCI) Driver
Jan  1 00:01:05 sheevaplug-debian kernel: orion-ehci orion-ehci.0: Marvell Orion EHCI
Jan  1 00:01:05 sheevaplug-debian kernel: orion-ehci orion-ehci.0: new USB bus registered, assigned bus number 1
Jan  1 00:01:05 sheevaplug-debian kernel: orion-ehci orion-ehci.0: irq 19, io mem 0xf1050000
Jan  1 00:01:05 sheevaplug-debian kernel: orion-ehci orion-ehci.0: USB 2.0 started, EHCI 1.00
Jan  1 00:01:05 sheevaplug-debian kernel: hub 1-0:1.0: USB hub found
Jan  1 00:01:05 sheevaplug-debian kernel: hub 1-0:1.0: 1 port detected
Jan  1 00:01:05 sheevaplug-debian kernel: Initializing USB Mass Storage driver...
Jan  1 00:01:05 sheevaplug-debian kernel: usbcore: registered new interface driver usb-storage
Jan  1 00:01:05 sheevaplug-debian kernel: USB Mass Storage support registered.
Jan  1 00:01:05 sheevaplug-debian kernel: usbcore: registered new interface driver ums-datafab
Jan  1 00:01:05 sheevaplug-debian kernel: usbcore: registered new interface driver ums-freecom
Jan  1 00:01:05 sheevaplug-debian kernel: usbcore: registered new interface driver ums-jumpshot
Jan  1 00:01:05 sheevaplug-debian kernel: usbcore: registered new interface driver ums-sddr09
Jan  1 00:01:05 sheevaplug-debian kernel: usbcore: registered new interface driver ums-sddr55
Jan  1 00:01:05 sheevaplug-debian kernel: mice: PS/2 mouse device common for all mice
Jan  1 00:01:05 sheevaplug-debian kernel: rtc-mv rtc-mv: rtc core: registered rtc-mv as rtc0
Jan  1 00:01:05 sheevaplug-debian kernel: i2c /dev entries driver
Jan  1 00:01:05 sheevaplug-debian kernel: cpuidle: using governor ladder
Jan  1 00:01:05 sheevaplug-debian kernel: cpuidle: using governor menu
Jan  1 00:01:05 sheevaplug-debian kernel: sdhci: Secure Digital Host Controller Interface driver
Jan  1 00:01:05 sheevaplug-debian kernel: sdhci: Copyright(c) Pierre Ossman
Jan  1 00:01:05 sheevaplug-debian kernel: mmc0: mvsdio driver initialized, lacking card detect (fall back to polling)
Jan  1 00:01:05 sheevaplug-debian kernel: Registered led device: guruplug:red:health
Jan  1 00:01:05 sheevaplug-debian kernel: Registered led device: guruplug:green:health
Jan  1 00:01:05 sheevaplug-debian kernel: Registered led device: guruplug:red:wmode
Jan  1 00:01:05 sheevaplug-debian kernel: Registered led device: guruplug:green:wmode
Jan  1 00:01:05 sheevaplug-debian kernel: mv_xor_shared mv_xor_shared.0: Marvell shared XOR driver
Jan  1 00:01:05 sheevaplug-debian kernel: mv_xor_shared mv_xor_shared.1: Marvell shared XOR driver
Jan  1 00:01:05 sheevaplug-debian kernel: mv_xor mv_xor.0: Marvell XOR: ( xor cpy )
Jan  1 00:01:05 sheevaplug-debian kernel: mmc0: new high speed SDIO card at address 0001
Jan  1 00:01:05 sheevaplug-debian kernel: mv_xor mv_xor.1: Marvell XOR: ( xor fill cpy )
Jan  1 00:01:05 sheevaplug-debian kernel: mv_xor mv_xor.2: Marvell XOR: ( xor cpy )
Jan  1 00:01:05 sheevaplug-debian kernel: mv_xor mv_xor.3: Marvell XOR: ( xor fill cpy )
Jan  1 00:01:05 sheevaplug-debian kernel: usbcore: registered new interface driver hiddev
Jan  1 00:01:05 sheevaplug-debian kernel: usbcore: registered new interface driver usbhid
Jan  1 00:01:05 sheevaplug-debian kernel: usbhid: USB HID core driver
Jan  1 00:01:05 sheevaplug-debian kernel: oprofile: using timer interrupt.
Jan  1 00:01:05 sheevaplug-debian kernel: TCP cubic registered
Jan  1 00:01:05 sheevaplug-debian kernel: NET: Registered protocol family 17
Jan  1 00:01:05 sheevaplug-debian kernel: lib80211: common routines for IEEE802.11 drivers
Jan  1 00:01:05 sheevaplug-debian kernel: rtc-mv rtc-mv: setting system clock to 2000-01-01 00:00:00 UTC (946684800)
Jan  1 00:01:05 sheevaplug-debian kernel: Waiting 10sec before mounting root device...
Jan  1 00:01:05 sheevaplug-debian kernel: usb 1-1: new high speed USB device using orion-ehci and address 2
Jan  1 00:01:05 sheevaplug-debian kernel: hub 1-1:1.0: USB hub found
Jan  1 00:01:05 sheevaplug-debian kernel: hub 1-1:1.0: 4 ports detected
Jan  1 00:01:05 sheevaplug-debian kernel: usb 1-1.1: new high speed USB device using orion-ehci and address 3
Jan  1 00:01:05 sheevaplug-debian kernel: scsi0 : usb-storage 1-1.1:1.0
Jan  1 00:01:05 sheevaplug-debian kernel: usb 1-1.4: new full speed USB device using orion-ehci and address 4
Jan  1 00:01:05 sheevaplug-debian kernel: input: C-Media USB Headphone Set   as /devices/platform/orion-ehci.0/usb1/1-1/1-1.4/1-1.4:1.3/input/input0
Jan  1 00:01:05 sheevaplug-debian kernel: generic-usb 0003:0D8C:000C.0001: input: USB HID v1.00 Device [C-Media USB Headphone Set  ] on usb-orion-ehci.0-1.4/input3
Jan  1 00:01:05 sheevaplug-debian kernel: scsi 0:0:0:0: Direct-Access     Generic  STORAGE DEVICE   9910 PQ: 0 ANSI: 0
Jan  1 00:01:05 sheevaplug-debian kernel: sd 0:0:0:0: Attached scsi generic sg0 type 0
Jan  1 00:01:05 sheevaplug-debian kernel: scsi 0:0:0:1: Direct-Access     Generic  STORAGE DEVICE   9910 PQ: 0 ANSI: 0
Jan  1 00:01:05 sheevaplug-debian kernel: sd 0:0:0:0: [sda] 1984000 512-byte logical blocks: (1.01 GB/968 MiB)
Jan  1 00:01:05 sheevaplug-debian kernel: sd 0:0:0:1: Attached scsi generic sg1 type 0
Jan  1 00:01:05 sheevaplug-debian kernel: sd 0:0:0:0: [sda] Write Protect is off
Jan  1 00:01:05 sheevaplug-debian kernel: sd 0:0:0:1: [sdb] Attached SCSI removable disk
Jan  1 00:01:05 sheevaplug-debian kernel: sda: sda1 sda2
Jan  1 00:01:05 sheevaplug-debian kernel: sd 0:0:0:0: [sda] Attached SCSI removable disk
Jan  1 00:01:05 sheevaplug-debian kernel: EXT3-fs (sda2): warning: maximal mount count reached, running e2fsck is recommended
Jan  1 00:01:05 sheevaplug-debian kernel: kjournald starting.  Commit interval 5 seconds
Jan  1 00:01:05 sheevaplug-debian kernel: EXT3-fs (sda2): using internal journal
Jan  1 00:01:05 sheevaplug-debian kernel: EXT3-fs (sda2): 5 orphan inodes deleted
Jan  1 00:01:05 sheevaplug-debian kernel: EXT3-fs (sda2): recovery complete
Jan  1 00:01:05 sheevaplug-debian kernel: EXT3-fs (sda2): mounted filesystem with writeback data mode
Jan  1 00:01:05 sheevaplug-debian kernel: VFS: Mounted root (ext3 filesystem) on device 8:2.
Jan  1 00:01:05 sheevaplug-debian kernel: Freeing init memory: 140K
Jan  1 00:01:05 sheevaplug-debian kernel: sata_mv sata_mv.0: version 1.28
Jan  1 00:01:05 sheevaplug-debian kernel: sata_mv sata_mv.0: slots 32 ports 1
Jan  1 00:01:05 sheevaplug-debian kernel: scsi1 : sata_mv
Jan  1 00:01:05 sheevaplug-debian kernel: ata1: SATA max UDMA/133 irq 21
Jan  1 00:01:05 sheevaplug-debian kernel: ata1: SATA link down (SStatus 0 SControl F300)
Jan  1 00:01:05 sheevaplug-debian kernel: Bluetooth: Core ver 2.15
Jan  1 00:01:05 sheevaplug-debian kernel: NET: Registered protocol family 31
Jan  1 00:01:05 sheevaplug-debian kernel: Bluetooth: HCI device and connection manager initialized
Jan  1 00:01:05 sheevaplug-debian kernel: Bluetooth: HCI socket layer initialized
Jan  1 00:01:05 sheevaplug-debian kernel: libertas_sdio: Libertas SDIO driver
Jan  1 00:01:05 sheevaplug-debian kernel: libertas_sdio: Copyright Pierre Ossman
Jan  1 00:01:05 sheevaplug-debian kernel: libertas_sdio mmc0:0001:1: firmware: requesting sd8688_helper.bin
Jan  1 00:01:05 sheevaplug-debian kernel: libertas_sdio: probe of mmc0:0001:1 failed with error -2
Jan  1 00:01:05 sheevaplug-debian kernel: Bluetooth: vendor=0x2df, device=0x9105, class=255, fn=2
Jan  1 00:01:05 sheevaplug-debian kernel: btmrvl_sdio mmc0:0001:2: firmware: requesting sd8688_helper.bin
Jan  1 00:01:05 sheevaplug-debian kernel: uap_sdio mmc0:0001:1: firmware: requesting mrvl/helper_sd.bin
Jan  1 00:01:05 sheevaplug-debian kernel: uap_sdio mmc0:0001:1: firmware: requesting mrvl/sd8688_ap.bin
Jan  1 00:01:05 sheevaplug-debian kernel: usbcore: registered new interface driver snd-usb-audio
Jan  1 00:01:07 sheevaplug-debian kernel: NET: Registered protocol family 10
Jan  1 00:01:13 sheevaplug-debian kernel: ADDRCONF(NETDEV_UP): eth0: link is not ready
Jan  1 00:01:16 sheevaplug-debian kernel: ADDRCONF(NETDEV_UP): uap0: link is not ready
Jan  1 00:01:16 sheevaplug-debian kernel: ip_tables: (C) 2000-2006 Netfilter Core Team
Jan  1 00:01:16 sheevaplug-debian kernel: nf_conntrack version 0.5.0 (8030 buckets, 32120 max)
Jan  1 00:01:16 sheevaplug-debian kernel: CONFIG_NF_CT_ACCT is deprecated and will be removed soon. Please use
Jan  1 00:01:16 sheevaplug-debian kernel: nf_conntrack.acct=1 kernel parameter, acct=1 nf_conntrack module option or
Jan  1 00:01:16 sheevaplug-debian kernel: sysctl net.netfilter.nf_conntrack_acct=1 to enable it.
Jan  1 00:01:16 sheevaplug-debian udhcpd[2568]: udhcpd (v0.9.9-pre) started
Jan  1 00:01:17 sheevaplug-debian kernel: Bluetooth: L2CAP ver 2.14
Jan  1 00:01:17 sheevaplug-debian kernel: Bluetooth: L2CAP socket layer initialized
Jan  1 00:01:17 sheevaplug-debian kernel: Bluetooth: RFCOMM TTY layer initialized
Jan  1 00:01:17 sheevaplug-debian kernel: Bluetooth: RFCOMM socket layer initialized
Jan  1 00:01:17 sheevaplug-debian kernel: Bluetooth: RFCOMM ver 1.11
Jan  1 00:01:17 sheevaplug-debian kernel: Bluetooth: BNEP (Ethernet Emulation) ver 1.3
Jan  1 00:01:17 sheevaplug-debian kernel: Bluetooth: vendor=0x2df, device=0x9105, class=255, fn=2
Jan  1 00:01:17 sheevaplug-debian kernel: Bridge firewalling registered
Jan  1 00:01:18 sheevaplug-debian kernel: Bluetooth: SCO (Voice Link) ver 0.6
Jan  1 00:01:18 sheevaplug-debian kernel: Bluetooth: SCO socket layer initialized
Jan  1 00:04:36 sheevaplug-debian kernel: ADDRCONF(NETDEV_CHANGE): uap0: link becomes ready
Jan  1 00:04:39 sheevaplug-debian udhcpd[2569]: sending OFFER of 192.168.1.100
Jan  1 00:04:39 sheevaplug-debian udhcpd[2569]: sending ACK to 192.168.1.100
Jan  1 00:01:05 sheevaplug-debian kernel: imklog 3.18.6, log source = /proc/kmsg started.
Jan  1 00:01:05 sheevaplug-debian rsyslogd: [origin software="rsyslogd" swVersion="3.18.6" x-pid="1977" x-info="http://www.rsyslog.com"] restart
Jan  1 00:01:05 sheevaplug-debian kernel: Linux version 2.6.33.6 (root@localhost.localdomain) (gcc version 4.2.0 20070413 (prerelease) (CodeSourcery 2007q1-10. Marvell 2008q3-13 20081204)) #1 PREEMPT Sun Dec 5 22:56:10 CST 2010
Jan  1 00:01:05 sheevaplug-debian kernel: CPU: Feroceon 88FR131 [56251311] revision 1 (ARMv5TE), cr=00053977
Jan  1 00:01:05 sheevaplug-debian kernel: CPU: VIVT data cache, VIVT instruction cache
Jan  1 00:01:05 sheevaplug-debian kernel: Machine: Marvell GuruPlug Reference Board
Jan  1 00:01:05 sheevaplug-debian kernel: Memory policy: ECC disabled, Data cache writeback
Jan  1 00:01:05 sheevaplug-debian kernel: Built 1 zonelists in Zone order, mobility grouping on.  Total pages: 130048
Jan  1 00:01:05 sheevaplug-debian kernel: Kernel command line: console=ttyS0,115200 root=/dev/sda2 rootdelay=10
Jan  1 00:01:05 sheevaplug-debian kernel: PID hash table entries: 2048 (order: 1, 8192 bytes)
Jan  1 00:01:05 sheevaplug-debian kernel: Dentry cache hash table entries: 65536 (order: 6, 262144 bytes)
Jan  1 00:01:05 sheevaplug-debian kernel: Inode-cache hash table entries: 32768 (order: 5, 131072 bytes)
Jan  1 00:01:05 sheevaplug-debian kernel: Memory: 256MB 256MB = 512MB total
Jan  1 00:01:05 sheevaplug-debian kernel: Memory: 513536KB available (4816K code, 862K data, 140K init, 0K highmem)
Jan  1 00:01:05 sheevaplug-debian kernel: SLUB: Genslabs=11, HWalign=32, Order=0-3, MinObjects=0, CPUs=1, Nodes=1
Jan  1 00:01:05 sheevaplug-debian kernel: Hierarchical RCU implementation.
Jan  1 00:01:05 sheevaplug-debian kernel: NR_IRQS:114
Jan  1 00:01:05 sheevaplug-debian kernel: Console: colour dummy device 80x30
Jan  1 00:01:05 sheevaplug-debian kernel: Calibrating delay loop... 1192.75 BogoMIPS (lpj=5963776)
Jan  1 00:01:05 sheevaplug-debian kernel: Mount-cache hash table entries: 512
Jan  1 00:01:05 sheevaplug-debian kernel: CPU: Testing write buffer coherency: ok
Jan  1 00:01:05 sheevaplug-debian kernel: NET: Registered protocol family 16
Jan  1 00:01:05 sheevaplug-debian kernel: Kirkwood: MV88F6281-A1, TCLK=200000000.
Jan  1 00:01:05 sheevaplug-debian kernel: Feroceon L2: Cache support initialised.
Jan  1 00:01:05 sheevaplug-debian kernel: bio: create slab <bio-0> at 0
Jan  1 00:01:05 sheevaplug-debian kernel: vgaarb: loaded
Jan  1 00:01:05 sheevaplug-debian kernel: SCSI subsystem initialized
Jan  1 00:01:05 sheevaplug-debian kernel: usbcore: registered new interface driver usbfs
Jan  1 00:01:05 sheevaplug-debian kernel: usbcore: registered new interface driver hub
Jan  1 00:01:05 sheevaplug-debian kernel: usbcore: registered new device driver usb
Jan  1 00:01:05 sheevaplug-debian kernel: cfg80211: Using static regulatory domain info
Jan  1 00:01:05 sheevaplug-debian kernel: cfg80211: Regulatory domain: 00
Jan  1 00:01:05 sheevaplug-debian kernel:    (start_freq - end_freq @ bandwidth), (max_antenna_gain, max_eirp)
Jan  1 00:01:05 sheevaplug-debian kernel:    (2402000 KHz - 2472000 KHz @ 40000 KHz), (600 mBi, 2000 mBm)
Jan  1 00:01:05 sheevaplug-debian kernel:    (2457000 KHz - 2482000 KHz @ 20000 KHz), (600 mBi, 2000 mBm)
Jan  1 00:01:05 sheevaplug-debian kernel:    (2474000 KHz - 2494000 KHz @ 20000 KHz), (600 mBi, 2000 mBm)
Jan  1 00:01:05 sheevaplug-debian kernel:    (5170000 KHz - 5250000 KHz @ 40000 KHz), (600 mBi, 2000 mBm)
Jan  1 00:01:05 sheevaplug-debian kernel:    (5735000 KHz - 5835000 KHz @ 40000 KHz), (600 mBi, 2000 mBm)
Jan  1 00:01:05 sheevaplug-debian kernel: cfg80211: Calling CRDA to update world regulatory domain
Jan  1 00:01:05 sheevaplug-debian kernel: Switching to clocksource orion_clocksource
Jan  1 00:01:05 sheevaplug-debian kernel: NET: Registered protocol family 2
Jan  1 00:01:05 sheevaplug-debian kernel: IP route cache hash table entries: 4096 (order: 2, 16384 bytes)
Jan  1 00:01:05 sheevaplug-debian kernel: TCP established hash table entries: 16384 (order: 5, 131072 bytes)
Jan  1 00:01:05 sheevaplug-debian kernel: TCP bind hash table entries: 16384 (order: 4, 65536 bytes)
Jan  1 00:01:05 sheevaplug-debian kernel: TCP: Hash tables configured (established 16384 bind 16384)
Jan  1 00:01:05 sheevaplug-debian kernel: TCP reno registered
Jan  1 00:01:05 sheevaplug-debian kernel: UDP hash table entries: 256 (order: 0, 4096 bytes)
Jan  1 00:01:05 sheevaplug-debian kernel: UDP-Lite hash table entries: 256 (order: 0, 4096 bytes)
Jan  1 00:01:05 sheevaplug-debian kernel: NET: Registered protocol family 1
Jan  1 00:01:05 sheevaplug-debian kernel: RPC: Registered udp transport module.
Jan  1 00:01:05 sheevaplug-debian kernel: RPC: Registered tcp transport module.
Jan  1 00:01:05 sheevaplug-debian kernel: RPC: Registered tcp NFSv4.1 backchannel transport module.
Jan  1 00:01:05 sheevaplug-debian kernel: JFFS2 version 2.2. (NAND) © 2001-2006 Red Hat, Inc.
Jan  1 00:01:05 sheevaplug-debian kernel: JFS: nTxBlock = 4014, nTxLock = 32112
Jan  1 00:01:05 sheevaplug-debian kernel: msgmni has been set to 1003
Jan  1 00:01:05 sheevaplug-debian kernel: alg: No test for stdrng (krng)
Jan  1 00:01:05 sheevaplug-debian kernel: io scheduler noop registered
Jan  1 00:01:05 sheevaplug-debian kernel: io scheduler deadline registered
Jan  1 00:01:05 sheevaplug-debian kernel: io scheduler cfq registered (default)
Jan  1 00:01:05 sheevaplug-debian kernel: Serial: 8250/16550 driver, 2 ports, IRQ sharing disabled
Jan  1 00:01:05 sheevaplug-debian kernel: serial8250.0: ttyS0 at MMIO 0xf1012000 (irq = 33) is a 16550A
Jan  1 00:01:05 sheevaplug-debian kernel: console [ttyS0] enabled
Jan  1 00:01:05 sheevaplug-debian kernel: brd: module loaded
Jan  1 00:01:05 sheevaplug-debian kernel: loop: module loaded
Jan  1 00:01:05 sheevaplug-debian kernel: No NAND device found.
Jan  1 00:01:05 sheevaplug-debian kernel: MV-643xx 10/100/1000 ethernet driver version 1.4
Jan  1 00:01:05 sheevaplug-debian kernel: mv643xx_eth smi: probed
Jan  1 00:01:05 sheevaplug-debian kernel: net eth0: port 0 with MAC address f0:ad:4e:00:7e:83
Jan  1 00:01:05 sheevaplug-debian kernel: net eth1: port 0 with MAC address f0:ad:4e:00:7e:84
Jan  1 00:01:05 sheevaplug-debian kernel: ehci_hcd: USB 2.0 'Enhanced' Host Controller (EHCI) Driver
Jan  1 00:01:05 sheevaplug-debian kernel: orion-ehci orion-ehci.0: Marvell Orion EHCI
Jan  1 00:01:05 sheevaplug-debian kernel: orion-ehci orion-ehci.0: new USB bus registered, assigned bus number 1
Jan  1 00:01:05 sheevaplug-debian kernel: orion-ehci orion-ehci.0: irq 19, io mem 0xf1050000
Jan  1 00:01:05 sheevaplug-debian kernel: orion-ehci orion-ehci.0: USB 2.0 started, EHCI 1.00
Jan  1 00:01:05 sheevaplug-debian kernel: hub 1-0:1.0: USB hub found
Jan  1 00:01:05 sheevaplug-debian kernel: hub 1-0:1.0: 1 port detected
Jan  1 00:01:05 sheevaplug-debian kernel: Initializing USB Mass Storage driver...
Jan  1 00:01:05 sheevaplug-debian kernel: usbcore: registered new interface driver usb-storage
Jan  1 00:01:05 sheevaplug-debian kernel: USB Mass Storage support registered.
Jan  1 00:01:05 sheevaplug-debian kernel: usbcore: registered new interface driver ums-datafab
Jan  1 00:01:05 sheevaplug-debian kernel: usbcore: registered new interface driver ums-freecom
Jan  1 00:01:05 sheevaplug-debian kernel: usbcore: registered new interface driver ums-jumpshot
Jan  1 00:01:05 sheevaplug-debian kernel: usbcore: registered new interface driver ums-sddr09
Jan  1 00:01:05 sheevaplug-debian kernel: usbcore: registered new interface driver ums-sddr55
Jan  1 00:01:05 sheevaplug-debian kernel: mice: PS/2 mouse device common for all mice
Jan  1 00:01:05 sheevaplug-debian kernel: rtc-mv rtc-mv: rtc core: registered rtc-mv as rtc0
Jan  1 00:01:05 sheevaplug-debian kernel: i2c /dev entries driver
Jan  1 00:01:05 sheevaplug-debian kernel: cpuidle: using governor ladder
Jan  1 00:01:05 sheevaplug-debian kernel: cpuidle: using governor menu
Jan  1 00:01:05 sheevaplug-debian kernel: sdhci: Secure Digital Host Controller Interface driver
Jan  1 00:01:05 sheevaplug-debian kernel: sdhci: Copyright(c) Pierre Ossman
Jan  1 00:01:05 sheevaplug-debian kernel: mmc0: mvsdio driver initialized, lacking card detect (fall back to polling)
Jan  1 00:01:05 sheevaplug-debian kernel: Registered led device: guruplug:red:health
Jan  1 00:01:05 sheevaplug-debian kernel: Registered led device: guruplug:green:health
Jan  1 00:01:05 sheevaplug-debian kernel: Registered led device: guruplug:red:wmode
Jan  1 00:01:05 sheevaplug-debian kernel: Registered led device: guruplug:green:wmode
Jan  1 00:01:05 sheevaplug-debian kernel: mv_xor_shared mv_xor_shared.0: Marvell shared XOR driver
Jan  1 00:01:05 sheevaplug-debian kernel: mv_xor_shared mv_xor_shared.1: Marvell shared XOR driver
Jan  1 00:01:05 sheevaplug-debian kernel: mv_xor mv_xor.0: Marvell XOR: ( xor cpy )
Jan  1 00:01:05 sheevaplug-debian kernel: mmc0: new high speed SDIO card at address 0001
Jan  1 00:01:05 sheevaplug-debian kernel: mv_xor mv_xor.1: Marvell XOR: ( xor fill cpy )
Jan  1 00:01:05 sheevaplug-debian kernel: mv_xor mv_xor.2: Marvell XOR: ( xor cpy )
Jan  1 00:01:05 sheevaplug-debian kernel: mv_xor mv_xor.3: Marvell XOR: ( xor fill cpy )
Jan  1 00:01:05 sheevaplug-debian kernel: usbcore: registered new interface driver hiddev
Jan  1 00:01:05 sheevaplug-debian kernel: usbcore: registered new interface driver usbhid
Jan  1 00:01:05 sheevaplug-debian kernel: usbhid: USB HID core driver
Jan  1 00:01:05 sheevaplug-debian kernel: oprofile: using timer interrupt.
Jan  1 00:01:05 sheevaplug-debian kernel: TCP cubic registered
Jan  1 00:01:05 sheevaplug-debian kernel: NET: Registered protocol family 17
Jan  1 00:01:05 sheevaplug-debian kernel: lib80211: common routines for IEEE802.11 drivers
Jan  1 00:01:05 sheevaplug-debian kernel: rtc-mv rtc-mv: setting system clock to 2000-01-01 00:00:00 UTC (946684800)
Jan  1 00:01:05 sheevaplug-debian kernel: Waiting 10sec before mounting root device...
Jan  1 00:01:05 sheevaplug-debian kernel: usb 1-1: new high speed USB device using orion-ehci and address 2
Jan  1 00:01:05 sheevaplug-debian kernel: hub 1-1:1.0: USB hub found
Jan  1 00:01:05 sheevaplug-debian kernel: hub 1-1:1.0: 4 ports detected
Jan  1 00:01:05 sheevaplug-debian kernel: usb 1-1.1: new high speed USB device using orion-ehci and address 3
Jan  1 00:01:05 sheevaplug-debian kernel: scsi0 : usb-storage 1-1.1:1.0
Jan  1 00:01:05 sheevaplug-debian kernel: usb 1-1.4: new full speed USB device using orion-ehci and address 4
Jan  1 00:01:05 sheevaplug-debian kernel: input: C-Media USB Headphone Set   as /devices/platform/orion-ehci.0/usb1/1-1/1-1.4/1-1.4:1.3/input/input0
Jan  1 00:01:05 sheevaplug-debian kernel: generic-usb 0003:0D8C:000C.0001: input: USB HID v1.00 Device [C-Media USB Headphone Set  ] on usb-orion-ehci.0-1.4/input3
Jan  1 00:01:05 sheevaplug-debian kernel: scsi 0:0:0:0: Direct-Access     Generic  STORAGE DEVICE   9910 PQ: 0 ANSI: 0
Jan  1 00:01:05 sheevaplug-debian kernel: sd 0:0:0:0: Attached scsi generic sg0 type 0
Jan  1 00:01:05 sheevaplug-debian kernel: scsi 0:0:0:1: Direct-Access     Generic  STORAGE DEVICE   9910 PQ: 0 ANSI: 0
Jan  1 00:01:05 sheevaplug-debian kernel: sd 0:0:0:0: [sda] 1984000 512-byte logical blocks: (1.01 GB/968 MiB)
Jan  1 00:01:05 sheevaplug-debian kernel: sd 0:0:0:1: Attached scsi generic sg1 type 0
Jan  1 00:01:05 sheevaplug-debian kernel: sd 0:0:0:0: [sda] Write Protect is off
Jan  1 00:01:05 sheevaplug-debian kernel: sd 0:0:0:1: [sdb] Attached SCSI removable disk
Jan  1 00:01:05 sheevaplug-debian kernel: sda: sda1 sda2
Jan  1 00:01:05 sheevaplug-debian kernel: sd 0:0:0:0: [sda] Attached SCSI removable disk
Jan  1 00:01:05 sheevaplug-debian kernel: EXT3-fs (sda2): warning: maximal mount count reached, running e2fsck is recommended
Jan  1 00:01:05 sheevaplug-debian kernel: kjournald starting.  Commit interval 5 seconds
Jan  1 00:01:05 sheevaplug-debian kernel: EXT3-fs (sda2): using internal journal
Jan  1 00:01:05 sheevaplug-debian kernel: EXT3-fs (sda2): 5 orphan inodes deleted
Jan  1 00:01:05 sheevaplug-debian kernel: EXT3-fs (sda2): recovery complete
Jan  1 00:01:05 sheevaplug-debian kernel: EXT3-fs (sda2): mounted filesystem with writeback data mode
Jan  1 00:01:05 sheevaplug-debian kernel: VFS: Mounted root (ext3 filesystem) on device 8:2.
Jan  1 00:01:05 sheevaplug-debian kernel: Freeing init memory: 140K
Jan  1 00:01:05 sheevaplug-debian kernel: sata_mv sata_mv.0: version 1.28
Jan  1 00:01:05 sheevaplug-debian kernel: sata_mv sata_mv.0: slots 32 ports 1
Jan  1 00:01:05 sheevaplug-debian kernel: scsi1 : sata_mv
Jan  1 00:01:05 sheevaplug-debian kernel: ata1: SATA max UDMA/133 irq 21
Jan  1 00:01:05 sheevaplug-debian kernel: ata1: SATA link down (SStatus 0 SControl F300)
Jan  1 00:01:05 sheevaplug-debian kernel: Bluetooth: Core ver 2.15
Jan  1 00:01:05 sheevaplug-debian kernel: NET: Registered protocol family 31
Jan  1 00:01:05 sheevaplug-debian kernel: Bluetooth: HCI device and connection manager initialized
Jan  1 00:01:05 sheevaplug-debian kernel: Bluetooth: HCI socket layer initialized
Jan  1 00:01:05 sheevaplug-debian kernel: libertas_sdio: Libertas SDIO driver
Jan  1 00:01:05 sheevaplug-debian kernel: libertas_sdio: Copyright Pierre Ossman
Jan  1 00:01:05 sheevaplug-debian kernel: libertas_sdio mmc0:0001:1: firmware: requesting sd8688_helper.bin
Jan  1 00:01:05 sheevaplug-debian kernel: libertas_sdio: probe of mmc0:0001:1 failed with error -2
Jan  1 00:01:05 sheevaplug-debian kernel: Bluetooth: vendor=0x2df, device=0x9105, class=255, fn=2
Jan  1 00:01:05 sheevaplug-debian kernel: btmrvl_sdio mmc0:0001:2: firmware: requesting sd8688_helper.bin
Jan  1 00:01:05 sheevaplug-debian kernel: uap_sdio mmc0:0001:1: firmware: requesting mrvl/helper_sd.bin
Jan  1 00:01:05 sheevaplug-debian kernel: uap_sdio mmc0:0001:1: firmware: requesting mrvl/sd8688_ap.bin
Jan  1 00:01:05 sheevaplug-debian kernel: usbcore: registered new interface driver snd-usb-audio
Jan  1 00:01:06 sheevaplug-debian kernel: NET: Registered protocol family 10
Jan  1 00:01:12 sheevaplug-debian kernel: ADDRCONF(NETDEV_UP): eth0: link is not ready
Jan  1 00:01:16 sheevaplug-debian kernel: ADDRCONF(NETDEV_UP): uap0: link is not ready
Jan  1 00:01:16 sheevaplug-debian kernel: ip_tables: (C) 2000-2006 Netfilter Core Team
Jan  1 00:01:16 sheevaplug-debian kernel: nf_conntrack version 0.5.0 (8030 buckets, 32120 max)
Jan  1 00:01:16 sheevaplug-debian kernel: CONFIG_NF_CT_ACCT is deprecated and will be removed soon. Please use
Jan  1 00:01:16 sheevaplug-debian kernel: nf_conntrack.acct=1 kernel parameter, acct=1 nf_conntrack module option or
Jan  1 00:01:16 sheevaplug-debian kernel: sysctl net.netfilter.nf_conntrack_acct=1 to enable it.
Jan  1 00:01:16 sheevaplug-debian udhcpd[2583]: udhcpd (v0.9.9-pre) started
Jan  1 00:01:17 sheevaplug-debian kernel: Bluetooth: L2CAP ver 2.14
Jan  1 00:01:17 sheevaplug-debian kernel: Bluetooth: L2CAP socket layer initialized
Jan  1 00:01:17 sheevaplug-debian kernel: Bluetooth: RFCOMM TTY layer initialized
Jan  1 00:01:17 sheevaplug-debian kernel: Bluetooth: RFCOMM socket layer initialized
Jan  1 00:01:17 sheevaplug-debian kernel: Bluetooth: RFCOMM ver 1.11
Jan  1 00:01:17 sheevaplug-debian kernel: Bluetooth: BNEP (Ethernet Emulation) ver 1.3
Jan  1 00:01:17 sheevaplug-debian kernel: Bluetooth: vendor=0x2df, device=0x9105, class=255, fn=2
Jan  1 00:01:17 sheevaplug-debian kernel: Bridge firewalling registered
Jan  1 00:01:17 sheevaplug-debian kernel: Bluetooth: SCO (Voice Link) ver 0.6
Jan  1 00:01:17 sheevaplug-debian kernel: Bluetooth: SCO socket layer initialized
Jan  1 00:01:58 sheevaplug-debian kernel: ADDRCONF(NETDEV_CHANGE): uap0: link becomes ready
Jan  1 00:02:05 sheevaplug-debian udhcpd[2584]: Received a SIGTERM
Jan  1 00:02:05 sheevaplug-debian kernel: libertas_sdio: Libertas SDIO driver
Jan  1 00:02:05 sheevaplug-debian kernel: libertas_sdio: Copyright Pierre Ossman
Jan  1 00:02:05 sheevaplug-debian kernel: libertas_sdio mmc0:0001:1: firmware: requesting sd8688_helper.bin
Jan  1 00:02:06 sheevaplug-debian kernel: libertas_sdio mmc0:0001:1: firmware: requesting sd8688.bin
Jan  1 00:02:07 sheevaplug-debian kernel: libertas: 00:24:23:39:e4:cc, fw 10.38.3p49, cap 0x00000303
Jan  1 00:02:07 sheevaplug-debian kernel: libertas: wlan0: Marvell WLAN 802.11 adapter
Jan  1 00:02:17 sheevaplug-debian kernel: ADDRCONF(NETDEV_UP): wlan0: link is not ready
Jan  1 00:01:05 sheevaplug-debian kernel: imklog 3.18.6, log source = /proc/kmsg started.
Jan  1 00:01:05 sheevaplug-debian rsyslogd: [origin software="rsyslogd" swVersion="3.18.6" x-pid="1973" x-info="http://www.rsyslog.com"] restart
Jan  1 00:01:05 sheevaplug-debian kernel: Linux version 2.6.33.6 (root@localhost.localdomain) (gcc version 4.2.0 20070413 (prerelease) (CodeSourcery 2007q1-10. Marvell 2008q3-13 20081204)) #1 PREEMPT Sun Dec 5 22:56:10 CST 2010
Jan  1 00:01:05 sheevaplug-debian kernel: CPU: Feroceon 88FR131 [56251311] revision 1 (ARMv5TE), cr=00053977
Jan  1 00:01:05 sheevaplug-debian kernel: CPU: VIVT data cache, VIVT instruction cache
Jan  1 00:01:05 sheevaplug-debian kernel: Machine: Marvell GuruPlug Reference Board
Jan  1 00:01:05 sheevaplug-debian kernel: Memory policy: ECC disabled, Data cache writeback
Jan  1 00:01:05 sheevaplug-debian kernel: Built 1 zonelists in Zone order, mobility grouping on.  Total pages: 130048
Jan  1 00:01:05 sheevaplug-debian kernel: Kernel command line: console=ttyS0,115200 root=/dev/sda2 rootdelay=10
Jan  1 00:01:05 sheevaplug-debian kernel: PID hash table entries: 2048 (order: 1, 8192 bytes)
Jan  1 00:01:05 sheevaplug-debian kernel: Dentry cache hash table entries: 65536 (order: 6, 262144 bytes)
Jan  1 00:01:05 sheevaplug-debian kernel: Inode-cache hash table entries: 32768 (order: 5, 131072 bytes)
Jan  1 00:01:05 sheevaplug-debian kernel: Memory: 256MB 256MB = 512MB total
Jan  1 00:01:05 sheevaplug-debian kernel: Memory: 513536KB available (4816K code, 862K data, 140K init, 0K highmem)
Jan  1 00:01:05 sheevaplug-debian kernel: SLUB: Genslabs=11, HWalign=32, Order=0-3, MinObjects=0, CPUs=1, Nodes=1
Jan  1 00:01:05 sheevaplug-debian kernel: Hierarchical RCU implementation.
Jan  1 00:01:05 sheevaplug-debian kernel: NR_IRQS:114
Jan  1 00:01:05 sheevaplug-debian kernel: Console: colour dummy device 80x30
Jan  1 00:01:05 sheevaplug-debian kernel: Calibrating delay loop... 1192.75 BogoMIPS (lpj=5963776)
