Jan  1 06:25:04 sheevaplug-debian kernel: imklog 3.18.6, log source = /proc/kmsg started.
Jan  1 06:25:04 sheevaplug-debian rsyslogd: [origin software="rsyslogd" swVersion="3.18.6" x-pid="1973" x-info="http://www.rsyslog.com"] restart
Jan  1 06:25:05 sheevaplug-debian kernel: imklog 3.18.6, log source = /proc/kmsg started.
Jan  1 06:25:05 sheevaplug-debian rsyslogd: [origin software="rsyslogd" swVersion="3.18.6" x-pid="1973" x-info="http://www.rsyslog.com"] restart
Jan  1 06:39:01 sheevaplug-debian /USR/SBIN/CRON[3026]: (root) CMD (  [ -x /usr/lib/php5/maxlifetime ] && [ -d /var/lib/php5 ] && find /var/lib/php5/ -type f -cmin +$(/usr/lib/php5/maxlifetime) -print0 | xargs -n 200 -r -0 rm)
Jan  1 06:52:01 sheevaplug-debian /USR/SBIN/CRON[3035]: (root) CMD (test -x /usr/sbin/anacron || ( cd / && run-parts --report /etc/cron.monthly ))
Jan  1 07:09:01 sheevaplug-debian /USR/SBIN/CRON[3042]: (root) CMD (  [ -x /usr/lib/php5/maxlifetime ] && [ -d /var/lib/php5 ] && find /var/lib/php5/ -type f -cmin +$(/usr/lib/php5/maxlifetime) -print0 | xargs -n 200 -r -0 rm)
Jan  1 07:17:01 sheevaplug-debian /USR/SBIN/CRON[3051]: (root) CMD (   cd / && run-parts --report /etc/cron.hourly)
Jan  1 07:39:01 sheevaplug-debian /USR/SBIN/CRON[3056]: (root) CMD (  [ -x /usr/lib/php5/maxlifetime ] && [ -d /var/lib/php5 ] && find /var/lib/php5/ -type f -cmin +$(/usr/lib/php5/maxlifetime) -print0 | xargs -n 200 -r -0 rm)
Jan  1 08:09:01 sheevaplug-debian /USR/SBIN/CRON[3066]: (root) CMD (  [ -x /usr/lib/php5/maxlifetime ] && [ -d /var/lib/php5 ] && find /var/lib/php5/ -type f -cmin +$(/usr/lib/php5/maxlifetime) -print0 | xargs -n 200 -r -0 rm)
Jan  1 08:17:01 sheevaplug-debian /USR/SBIN/CRON[3075]: (root) CMD (   cd / && run-parts --report /etc/cron.hourly)
Jan  1 08:39:01 sheevaplug-debian /USR/SBIN/CRON[3080]: (root) CMD (  [ -x /usr/lib/php5/maxlifetime ] && [ -d /var/lib/php5 ] && find /var/lib/php5/ -type f -cmin +$(/usr/lib/php5/maxlifetime) -print0 | xargs -n 200 -r -0 rm)
Jan  1 09:09:01 sheevaplug-debian /USR/SBIN/CRON[3090]: (root) CMD (  [ -x /usr/lib/php5/maxlifetime ] && [ -d /var/lib/php5 ] && find /var/lib/php5/ -type f -cmin +$(/usr/lib/php5/maxlifetime) -print0 | xargs -n 200 -r -0 rm)
Jan  1 09:17:01 sheevaplug-debian /USR/SBIN/CRON[3099]: (root) CMD (   cd / && run-parts --report /etc/cron.hourly)
Jan  1 09:39:01 sheevaplug-debian /USR/SBIN/CRON[3104]: (root) CMD (  [ -x /usr/lib/php5/maxlifetime ] && [ -d /var/lib/php5 ] && find /var/lib/php5/ -type f -cmin +$(/usr/lib/php5/maxlifetime) -print0 | xargs -n 200 -r -0 rm)
Jan  1 10:09:01 sheevaplug-debian /USR/SBIN/CRON[3114]: (root) CMD (  [ -x /usr/lib/php5/maxlifetime ] && [ -d /var/lib/php5 ] && find /var/lib/php5/ -type f -cmin +$(/usr/lib/php5/maxlifetime) -print0 | xargs -n 200 -r -0 rm)
Jan  1 10:17:01 sheevaplug-debian /USR/SBIN/CRON[3123]: (root) CMD (   cd / && run-parts --report /etc/cron.hourly)
Jan  1 10:39:01 sheevaplug-debian /USR/SBIN/CRON[3128]: (root) CMD (  [ -x /usr/lib/php5/maxlifetime ] && [ -d /var/lib/php5 ] && find /var/lib/php5/ -type f -cmin +$(/usr/lib/php5/maxlifetime) -print0 | xargs -n 200 -r -0 rm)
Jan  1 11:09:01 sheevaplug-debian /USR/SBIN/CRON[3138]: (root) CMD (  [ -x /usr/lib/php5/maxlifetime ] && [ -d /var/lib/php5 ] && find /var/lib/php5/ -type f -cmin +$(/usr/lib/php5/maxlifetime) -print0 | xargs -n 200 -r -0 rm)
Jan  1 11:17:01 sheevaplug-debian /USR/SBIN/CRON[3147]: (root) CMD (   cd / && run-parts --report /etc/cron.hourly)
Jan  1 11:39:01 sheevaplug-debian /USR/SBIN/CRON[3152]: (root) CMD (  [ -x /usr/lib/php5/maxlifetime ] && [ -d /var/lib/php5 ] && find /var/lib/php5/ -type f -cmin +$(/usr/lib/php5/maxlifetime) -print0 | xargs -n 200 -r -0 rm)
Jan  1 12:09:01 sheevaplug-debian /USR/SBIN/CRON[3162]: (root) CMD (  [ -x /usr/lib/php5/maxlifetime ] && [ -d /var/lib/php5 ] && find /var/lib/php5/ -type f -cmin +$(/usr/lib/php5/maxlifetime) -print0 | xargs -n 200 -r -0 rm)
Jan  1 12:17:01 sheevaplug-debian /USR/SBIN/CRON[3171]: (root) CMD (   cd / && run-parts --report /etc/cron.hourly)
Jan  1 12:39:01 sheevaplug-debian /USR/SBIN/CRON[3176]: (root) CMD (  [ -x /usr/lib/php5/maxlifetime ] && [ -d /var/lib/php5 ] && find /var/lib/php5/ -type f -cmin +$(/usr/lib/php5/maxlifetime) -print0 | xargs -n 200 -r -0 rm)
Jan  1 13:09:01 sheevaplug-debian /USR/SBIN/CRON[3186]: (root) CMD (  [ -x /usr/lib/php5/maxlifetime ] && [ -d /var/lib/php5 ] && find /var/lib/php5/ -type f -cmin +$(/usr/lib/php5/maxlifetime) -print0 | xargs -n 200 -r -0 rm)
Jan  1 13:17:01 sheevaplug-debian /USR/SBIN/CRON[3195]: (root) CMD (   cd / && run-parts --report /etc/cron.hourly)
Jan  1 13:39:01 sheevaplug-debian /USR/SBIN/CRON[3200]: (root) CMD (  [ -x /usr/lib/php5/maxlifetime ] && [ -d /var/lib/php5 ] && find /var/lib/php5/ -type f -cmin +$(/usr/lib/php5/maxlifetime) -print0 | xargs -n 200 -r -0 rm)
Jan  1 14:09:01 sheevaplug-debian /USR/SBIN/CRON[3210]: (root) CMD (  [ -x /usr/lib/php5/maxlifetime ] && [ -d /var/lib/php5 ] && find /var/lib/php5/ -type f -cmin +$(/usr/lib/php5/maxlifetime) -print0 | xargs -n 200 -r -0 rm)
Jan  1 14:17:01 sheevaplug-debian /USR/SBIN/CRON[3219]: (root) CMD (   cd / && run-parts --report /etc/cron.hourly)
Jan  1 14:39:01 sheevaplug-debian /USR/SBIN/CRON[3224]: (root) CMD (  [ -x /usr/lib/php5/maxlifetime ] && [ -d /var/lib/php5 ] && find /var/lib/php5/ -type f -cmin +$(/usr/lib/php5/maxlifetime) -print0 | xargs -n 200 -r -0 rm)
Jan  1 15:09:01 sheevaplug-debian /USR/SBIN/CRON[3234]: (root) CMD (  [ -x /usr/lib/php5/maxlifetime ] && [ -d /var/lib/php5 ] && find /var/lib/php5/ -type f -cmin +$(/usr/lib/php5/maxlifetime) -print0 | xargs -n 200 -r -0 rm)
Jan  1 15:17:01 sheevaplug-debian /USR/SBIN/CRON[3243]: (root) CMD (   cd / && run-parts --report /etc/cron.hourly)
Jan  1 15:39:01 sheevaplug-debian /USR/SBIN/CRON[3248]: (root) CMD (  [ -x /usr/lib/php5/maxlifetime ] && [ -d /var/lib/php5 ] && find /var/lib/php5/ -type f -cmin +$(/usr/lib/php5/maxlifetime) -print0 | xargs -n 200 -r -0 rm)
Jan  1 16:09:01 sheevaplug-debian /USR/SBIN/CRON[3258]: (root) CMD (  [ -x /usr/lib/php5/maxlifetime ] && [ -d /var/lib/php5 ] && find /var/lib/php5/ -type f -cmin +$(/usr/lib/php5/maxlifetime) -print0 | xargs -n 200 -r -0 rm)
Jan  1 00:00:57 sheevaplug-debian kernel: imklog 3.18.6, log source = /proc/kmsg started.
Jan  1 00:00:57 sheevaplug-debian rsyslogd: [origin software="rsyslogd" swVersion="3.18.6" x-pid="1933" x-info="http://www.rsyslog.com"] restart
Jan  1 00:00:57 sheevaplug-debian kernel: Linux version 2.6.33.6 (root@localhost.localdomain) (gcc version 4.2.0 20070413 (prerelease) (CodeSourcery 2007q1-10. Marvell 2008q3-13 20081204)) #1 PREEMPT Sun Dec 5 22:56:10 CST 2010
Jan  1 00:00:57 sheevaplug-debian kernel: CPU: Feroceon 88FR131 [56251311] revision 1 (ARMv5TE), cr=00053977
Jan  1 00:00:57 sheevaplug-debian kernel: CPU: VIVT data cache, VIVT instruction cache
Jan  1 00:00:57 sheevaplug-debian kernel: Machine: Marvell GuruPlug Reference Board
Jan  1 00:00:57 sheevaplug-debian kernel: Memory policy: ECC disabled, Data cache writeback
Jan  1 00:00:57 sheevaplug-debian kernel: On node 0 totalpages: 131072
Jan  1 00:00:57 sheevaplug-debian kernel: free_area_init_node: node 0, pgdat c052f690, node_mem_map c05de000
Jan  1 00:00:57 sheevaplug-debian kernel:  Normal zone: 1024 pages used for memmap
Jan  1 00:00:57 sheevaplug-debian kernel:  Normal zone: 0 pages reserved
Jan  1 00:00:57 sheevaplug-debian kernel:  Normal zone: 130048 pages, LIFO batch:31
Jan  1 00:00:57 sheevaplug-debian kernel: Built 1 zonelists in Zone order, mobility grouping on.  Total pages: 130048
Jan  1 00:00:57 sheevaplug-debian kernel: Kernel command line: console=ttyS0,115200 root=/dev/sda2 rootdelay=10
Jan  1 00:00:57 sheevaplug-debian kernel: PID hash table entries: 2048 (order: 1, 8192 bytes)
Jan  1 00:00:57 sheevaplug-debian kernel: Dentry cache hash table entries: 65536 (order: 6, 262144 bytes)
Jan  1 00:00:57 sheevaplug-debian kernel: Inode-cache hash table entries: 32768 (order: 5, 131072 bytes)
Jan  1 00:00:57 sheevaplug-debian kernel: Memory: 256MB 256MB = 512MB total
Jan  1 00:00:57 sheevaplug-debian kernel: Memory: 513536KB available (4816K code, 862K data, 140K init, 0K highmem)
Jan  1 00:00:57 sheevaplug-debian kernel: SLUB: Genslabs=11, HWalign=32, Order=0-3, MinObjects=0, CPUs=1, Nodes=1
Jan  1 00:00:57 sheevaplug-debian kernel: Hierarchical RCU implementation.
Jan  1 00:00:57 sheevaplug-debian kernel: NR_IRQS:114
Jan  1 00:00:57 sheevaplug-debian kernel: Console: colour dummy device 80x30
Jan  1 00:00:57 sheevaplug-debian kernel: Calibrating delay loop... 1192.75 BogoMIPS (lpj=5963776)
Jan  1 00:00:57 sheevaplug-debian kernel: Mount-cache hash table entries: 512
Jan  1 00:00:57 sheevaplug-debian kernel: CPU: Testing write buffer coherency: ok
Jan  1 00:00:57 sheevaplug-debian kernel: NET: Registered protocol family 16
Jan  1 00:00:57 sheevaplug-debian kernel: Kirkwood: MV88F6281-A1, TCLK=200000000.
Jan  1 00:00:57 sheevaplug-debian kernel: Feroceon L2: Cache support initialised.
Jan  1 00:00:57 sheevaplug-debian kernel: initial MPP regs: 01112222 11113311 33331111 33333333 00003333 00000222 00000000
Jan  1 00:00:57 sheevaplug-debian kernel:  final MPP regs: 01112222 11113311 33331111 33333333 00003333 00000222 00000000
Jan  1 00:00:57 sheevaplug-debian kernel: bio: create slab <bio-0> at 0
Jan  1 00:00:57 sheevaplug-debian kernel: vgaarb: loaded
Jan  1 00:00:57 sheevaplug-debian kernel: SCSI subsystem initialized
Jan  1 00:00:57 sheevaplug-debian kernel: libata version 3.00 loaded.
Jan  1 00:00:57 sheevaplug-debian kernel: usbcore: registered new interface driver usbfs
Jan  1 00:00:57 sheevaplug-debian kernel: usbcore: registered new interface driver hub
Jan  1 00:00:57 sheevaplug-debian kernel: usbcore: registered new device driver usb
Jan  1 00:00:57 sheevaplug-debian kernel: cfg80211: Using static regulatory domain info
Jan  1 00:00:57 sheevaplug-debian kernel: cfg80211: Regulatory domain: 00
Jan  1 00:00:57 sheevaplug-debian kernel:    (start_freq - end_freq @ bandwidth), (max_antenna_gain, max_eirp)
Jan  1 00:00:57 sheevaplug-debian kernel:    (2402000 KHz - 2472000 KHz @ 40000 KHz), (600 mBi, 2000 mBm)
Jan  1 00:00:57 sheevaplug-debian kernel:    (2457000 KHz - 2482000 KHz @ 20000 KHz), (600 mBi, 2000 mBm)
Jan  1 00:00:57 sheevaplug-debian kernel:    (2474000 KHz - 2494000 KHz @ 20000 KHz), (600 mBi, 2000 mBm)
Jan  1 00:00:57 sheevaplug-debian kernel:    (5170000 KHz - 5250000 KHz @ 40000 KHz), (600 mBi, 2000 mBm)
Jan  1 00:00:57 sheevaplug-debian kernel:    (5735000 KHz - 5835000 KHz @ 40000 KHz), (600 mBi, 2000 mBm)
Jan  1 00:00:57 sheevaplug-debian kernel: cfg80211: Calling CRDA to update world regulatory domain
Jan  1 00:00:57 sheevaplug-debian kernel: Switching to clocksource orion_clocksource
Jan  1 00:00:57 sheevaplug-debian kernel: NET: Registered protocol family 2
Jan  1 00:00:57 sheevaplug-debian kernel: IP route cache hash table entries: 4096 (order: 2, 16384 bytes)
Jan  1 00:00:57 sheevaplug-debian kernel: TCP established hash table entries: 16384 (order: 5, 131072 bytes)
Jan  1 00:00:57 sheevaplug-debian kernel: TCP bind hash table entries: 16384 (order: 4, 65536 bytes)
Jan  1 00:00:57 sheevaplug-debian kernel: TCP: Hash tables configured (established 16384 bind 16384)
Jan  1 00:00:57 sheevaplug-debian kernel: TCP reno registered
Jan  1 00:00:57 sheevaplug-debian kernel: UDP hash table entries: 256 (order: 0, 4096 bytes)
Jan  1 00:00:57 sheevaplug-debian kernel: UDP-Lite hash table entries: 256 (order: 0, 4096 bytes)
Jan  1 00:00:57 sheevaplug-debian kernel: NET: Registered protocol family 1
Jan  1 00:00:57 sheevaplug-debian kernel: RPC: Registered udp transport module.
Jan  1 00:00:57 sheevaplug-debian kernel: RPC: Registered tcp transport module.
Jan  1 00:00:57 sheevaplug-debian kernel: RPC: Registered tcp NFSv4.1 backchannel transport module.
Jan  1 00:00:57 sheevaplug-debian kernel: PCI: CLS 0 bytes, default 32
Jan  1 00:00:57 sheevaplug-debian kernel: JFFS2 version 2.2. (NAND) © 2001-2006 Red Hat, Inc.
Jan  1 00:00:57 sheevaplug-debian kernel: JFS: nTxBlock = 4014, nTxLock = 32112
Jan  1 00:00:57 sheevaplug-debian kernel: msgmni has been set to 1003
Jan  1 00:00:57 sheevaplug-debian kernel: alg: No test for stdrng (krng)
Jan  1 00:00:57 sheevaplug-debian kernel: io scheduler noop registered
Jan  1 00:00:57 sheevaplug-debian kernel: io scheduler deadline registered
Jan  1 00:00:57 sheevaplug-debian kernel: io scheduler cfq registered (default)
Jan  1 00:00:57 sheevaplug-debian kernel: Serial: 8250/16550 driver, 2 ports, IRQ sharing disabled
Jan  1 00:00:57 sheevaplug-debian kernel: serial8250.0: ttyS0 at MMIO 0xf1012000 (irq = 33) is a 16550A
Jan  1 00:00:57 sheevaplug-debian kernel: console [ttyS0] enabled
Jan  1 00:00:57 sheevaplug-debian kernel: brd: module loaded
Jan  1 00:00:57 sheevaplug-debian kernel: loop: module loaded
Jan  1 00:00:57 sheevaplug-debian kernel: No NAND device found.
Jan  1 00:00:57 sheevaplug-debian kernel: MV-643xx 10/100/1000 ethernet driver version 1.4
Jan  1 00:00:57 sheevaplug-debian kernel: mv643xx_eth smi: probed
Jan  1 00:00:57 sheevaplug-debian kernel: net eth0: port 0 with MAC address f0:ad:4e:00:7e:83
Jan  1 00:00:57 sheevaplug-debian kernel: net eth1: port 0 with MAC address f0:ad:4e:00:7e:84
Jan  1 00:00:57 sheevaplug-debian kernel: ehci_hcd: USB 2.0 'Enhanced' Host Controller (EHCI) Driver
Jan  1 00:00:57 sheevaplug-debian kernel: orion-ehci orion-ehci.0: Marvell Orion EHCI
Jan  1 00:00:57 sheevaplug-debian kernel: orion-ehci orion-ehci.0: new USB bus registered, assigned bus number 1
Jan  1 00:00:57 sheevaplug-debian kernel: orion-ehci orion-ehci.0: irq 19, io mem 0xf1050000
Jan  1 00:00:57 sheevaplug-debian kernel: orion-ehci orion-ehci.0: USB 2.0 started, EHCI 1.00
Jan  1 00:00:57 sheevaplug-debian kernel: hub 1-0:1.0: USB hub found
Jan  1 00:00:57 sheevaplug-debian kernel: hub 1-0:1.0: 1 port detected
Jan  1 00:00:57 sheevaplug-debian kernel: Initializing USB Mass Storage driver...
Jan  1 00:00:57 sheevaplug-debian kernel: usbcore: registered new interface driver usb-storage
Jan  1 00:00:57 sheevaplug-debian kernel: USB Mass Storage support registered.
Jan  1 00:00:57 sheevaplug-debian kernel: usbcore: registered new interface driver ums-datafab
Jan  1 00:00:57 sheevaplug-debian kernel: usbcore: registered new interface driver ums-freecom
Jan  1 00:00:57 sheevaplug-debian kernel: usbcore: registered new interface driver ums-jumpshot
Jan  1 00:00:57 sheevaplug-debian kernel: usbcore: registered new interface driver ums-sddr09
Jan  1 00:00:57 sheevaplug-debian kernel: usbcore: registered new interface driver ums-sddr55
Jan  1 00:00:57 sheevaplug-debian kernel: mice: PS/2 mouse device common for all mice
Jan  1 00:00:57 sheevaplug-debian kernel: rtc-mv rtc-mv: rtc core: registered rtc-mv as rtc0
Jan  1 00:00:57 sheevaplug-debian kernel: i2c /dev entries driver
Jan  1 00:00:57 sheevaplug-debian kernel: cpuidle: using governor ladder
Jan  1 00:00:57 sheevaplug-debian kernel: cpuidle: using governor menu
Jan  1 00:00:57 sheevaplug-debian kernel: sdhci: Secure Digital Host Controller Interface driver
Jan  1 00:00:57 sheevaplug-debian kernel: sdhci: Copyright(c) Pierre Ossman
Jan  1 00:00:57 sheevaplug-debian kernel: mmc0: mvsdio driver initialized, lacking card detect (fall back to polling)
Jan  1 00:00:57 sheevaplug-debian kernel: Registered led device: guruplug:red:health
Jan  1 00:00:57 sheevaplug-debian kernel: Registered led device: guruplug:green:health
Jan  1 00:00:57 sheevaplug-debian kernel: Registered led device: guruplug:red:wmode
Jan  1 00:00:57 sheevaplug-debian kernel: Registered led device: guruplug:green:wmode
Jan  1 00:00:57 sheevaplug-debian kernel: mv_xor_shared mv_xor_shared.0: Marvell shared XOR driver
Jan  1 00:00:57 sheevaplug-debian kernel: mv_xor_shared mv_xor_shared.1: Marvell shared XOR driver
Jan  1 00:00:57 sheevaplug-debian kernel: mv_xor mv_xor.0: Marvell XOR: ( xor cpy )
Jan  1 00:00:57 sheevaplug-debian kernel: mmc0: new high speed SDIO card at address 0001
Jan  1 00:00:57 sheevaplug-debian kernel: mv_xor mv_xor.1: Marvell XOR: ( xor fill cpy )
Jan  1 00:00:57 sheevaplug-debian kernel: mv_xor mv_xor.2: Marvell XOR: ( xor cpy )
Jan  1 00:00:57 sheevaplug-debian kernel: mv_xor mv_xor.3: Marvell XOR: ( xor fill cpy )
Jan  1 00:00:57 sheevaplug-debian kernel: usbcore: registered new interface driver hiddev
Jan  1 00:00:57 sheevaplug-debian kernel: usbcore: registered new interface driver usbhid
Jan  1 00:00:57 sheevaplug-debian kernel: usbhid: USB HID core driver
Jan  1 00:00:57 sheevaplug-debian kernel: oprofile: using timer interrupt.
Jan  1 00:00:57 sheevaplug-debian kernel: TCP cubic registered
Jan  1 00:00:57 sheevaplug-debian kernel: NET: Registered protocol family 17
Jan  1 00:00:57 sheevaplug-debian kernel: lib80211: common routines for IEEE802.11 drivers
Jan  1 00:00:57 sheevaplug-debian kernel: lib80211_crypt: registered algorithm 'NULL'
Jan  1 00:00:57 sheevaplug-debian kernel: Gating clock of unused units
Jan  1 00:00:57 sheevaplug-debian kernel: before: 0x00dfc3fd
Jan  1 00:00:57 sheevaplug-debian kernel: after: 0x00cf41d9
Jan  1 00:00:57 sheevaplug-debian kernel: rtc-mv rtc-mv: setting system clock to 2000-01-01 00:00:00 UTC (946684800)
Jan  1 00:00:57 sheevaplug-debian kernel: Waiting 10sec before mounting root device...
Jan  1 00:00:57 sheevaplug-debian kernel: usb 1-1: new high speed USB device using orion-ehci and address 2
Jan  1 00:00:57 sheevaplug-debian kernel: hub 1-1:1.0: USB hub found
Jan  1 00:00:57 sheevaplug-debian kernel: hub 1-1:1.0: 4 ports detected
Jan  1 00:00:57 sheevaplug-debian kernel: usb 1-1.1: new high speed USB device using orion-ehci and address 3
Jan  1 00:00:57 sheevaplug-debian kernel: scsi0 : usb-storage 1-1.1:1.0
Jan  1 00:00:57 sheevaplug-debian kernel: usb 1-1.4: new full speed USB device using orion-ehci and address 4
Jan  1 00:00:57 sheevaplug-debian kernel: input: C-Media USB Headphone Set   as /devices/platform/orion-ehci.0/usb1/1-1/1-1.4/1-1.4:1.3/input/input0
Jan  1 00:00:57 sheevaplug-debian kernel: generic-usb 0003:0D8C:000C.0001: input: USB HID v1.00 Device [C-Media USB Headphone Set  ] on usb-orion-ehci.0-1.4/input3
Jan  1 00:00:57 sheevaplug-debian kernel: scsi 0:0:0:0: Direct-Access     Generic  STORAGE DEVICE   9910 PQ: 0 ANSI: 0
Jan  1 00:00:57 sheevaplug-debian kernel: sd 0:0:0:0: Attached scsi generic sg0 type 0
Jan  1 00:00:57 sheevaplug-debian kernel: scsi 0:0:0:1: Direct-Access     Generic  STORAGE DEVICE   9910 PQ: 0 ANSI: 0
Jan  1 00:00:57 sheevaplug-debian kernel: sd 0:0:0:0: [sda] 1984000 512-byte logical blocks: (1.01 GB/968 MiB)
Jan  1 00:00:57 sheevaplug-debian kernel: sd 0:0:0:1: Attached scsi generic sg1 type 0
Jan  1 00:00:57 sheevaplug-debian kernel: sd 0:0:0:0: [sda] Write Protect is off
Jan  1 00:00:57 sheevaplug-debian kernel: sd 0:0:0:0: [sda] Mode Sense: 0b 00 00 08
Jan  1 00:00:57 sheevaplug-debian kernel: sd 0:0:0:0: [sda] Assuming drive cache: write through
Jan  1 00:00:57 sheevaplug-debian kernel: sd 0:0:0:1: [sdb] Attached SCSI removable disk
Jan  1 00:00:57 sheevaplug-debian kernel: sd 0:0:0:0: [sda] Assuming drive cache: write through
Jan  1 00:00:57 sheevaplug-debian kernel: sda: sda1 sda2
Jan  1 00:00:57 sheevaplug-debian kernel: sd 0:0:0:0: [sda] Assuming drive cache: write through
Jan  1 00:00:57 sheevaplug-debian kernel: sd 0:0:0:0: [sda] Attached SCSI removable disk
Jan  1 00:00:57 sheevaplug-debian kernel: EXT3-fs (sda2): warning: maximal mount count reached, running e2fsck is recommended
Jan  1 00:00:57 sheevaplug-debian kernel: kjournald starting.  Commit interval 5 seconds
Jan  1 00:00:57 sheevaplug-debian kernel: EXT3-fs (sda2): using internal journal
Jan  1 00:00:57 sheevaplug-debian kernel: ext3_orphan_cleanup: deleting unreferenced inode 2426
Jan  1 00:00:57 sheevaplug-debian kernel: ext3_orphan_cleanup: deleting unreferenced inode 2425
Jan  1 00:00:57 sheevaplug-debian kernel: ext3_orphan_cleanup: deleting unreferenced inode 2424
Jan  1 00:00:57 sheevaplug-debian kernel: ext3_orphan_cleanup: deleting unreferenced inode 119
Jan  1 00:00:57 sheevaplug-debian kernel: ext3_orphan_cleanup: deleting unreferenced inode 118
Jan  1 00:00:57 sheevaplug-debian kernel: EXT3-fs (sda2): 5 orphan inodes deleted
Jan  1 00:00:57 sheevaplug-debian kernel: EXT3-fs (sda2): recovery complete
Jan  1 00:00:57 sheevaplug-debian kernel: EXT3-fs (sda2): mounted filesystem with writeback data mode
Jan  1 00:00:57 sheevaplug-debian kernel: VFS: Mounted root (ext3 filesystem) on device 8:2.
Jan  1 00:00:57 sheevaplug-debian kernel: Freeing init memory: 140K
Jan  1 00:00:57 sheevaplug-debian kernel: sata_mv sata_mv.0: version 1.28
Jan  1 00:00:57 sheevaplug-debian kernel: sata_mv sata_mv.0: slots 32 ports 1
Jan  1 00:00:57 sheevaplug-debian kernel: scsi1 : sata_mv
Jan  1 00:00:57 sheevaplug-debian kernel: ata1: SATA max UDMA/133 irq 21
Jan  1 00:00:57 sheevaplug-debian kernel: ata1: SATA link down (SStatus 0 SControl F300)
Jan  1 00:00:57 sheevaplug-debian kernel: Bluetooth: Core ver 2.15
Jan  1 00:00:57 sheevaplug-debian kernel: NET: Registered protocol family 31
Jan  1 00:00:57 sheevaplug-debian kernel: Bluetooth: HCI device and connection manager initialized
Jan  1 00:00:57 sheevaplug-debian kernel: libertas_sdio: Libertas SDIO driver
Jan  1 00:00:57 sheevaplug-debian kernel: Bluetooth: HCI socket layer initialized
Jan  1 00:00:57 sheevaplug-debian kernel: libertas_sdio: Copyright Pierre Ossman
Jan  1 00:00:57 sheevaplug-debian kernel: libertas_sdio mmc0:0001:1: firmware: requesting sd8688_helper.bin
Jan  1 00:00:57 sheevaplug-debian kernel: libertas: can't load helper firmware
Jan  1 00:00:57 sheevaplug-debian kernel: libertas: failed to load helper firmware
Jan  1 00:00:57 sheevaplug-debian kernel: libertas_sdio: probe of mmc0:0001:1 failed with error -2
Jan  1 00:00:57 sheevaplug-debian kernel: Bluetooth: vendor=0x2df, device=0x9105, class=255, fn=2
Jan  1 00:00:57 sheevaplug-debian kernel: btmrvl_sdio mmc0:0001:2: firmware: requesting sd8688_helper.bin
Jan  1 00:00:57 sheevaplug-debian kernel: btmrvl_sdio_download_helper: request_firmware(helper) failed, error code = -2
Jan  1 00:00:57 sheevaplug-debian kernel: btmrvl_sdio_download_fw: Failed to download helper!
Jan  1 00:00:57 sheevaplug-debian kernel: btmrvl_sdio_probe: Downloading firmware failed!
Jan  1 00:00:57 sheevaplug-debian kernel: uap_probe: vendor=0x02DF device=0x9104 class=0 function=1
Jan  1 00:00:57 sheevaplug-debian kernel: uap_sdio mmc0:0001:1: firmware: requesting mrvl/helper_sd.bin
Jan  1 00:00:57 sheevaplug-debian kernel: uap_sdio mmc0:0001:1: firmware: requesting mrvl/sd8688_ap.bin
Jan  1 00:00:57 sheevaplug-debian kernel: usbcore: registered new interface driver snd-usb-audio
Jan  1 00:00:57 sheevaplug-debian kernel: UAP FW is active
Jan  1 00:00:58 sheevaplug-debian kernel: NET: Registered protocol family 10
Jan  1 00:00:59 sheevaplug-debian mysqld_safe[2046]: started
Jan  1 00:01:00 sheevaplug-debian mysqld[2049]: 000101  0:01:00  InnoDB: Started; log sequence number 0 43655
Jan  1 00:01:00 sheevaplug-debian mysqld[2049]: 000101  0:01:00 [Note] /usr/sbin/mysqld: ready for connections.
Jan  1 00:01:00 sheevaplug-debian mysqld[2049]: Version: '5.0.51a-24+lenny2'  socket: '/var/run/mysqld/mysqld.sock'  port: 3306  (Debian)
Jan  1 00:01:02 sheevaplug-debian /etc/mysql/debian-start[2102]: Upgrading MySQL tables if necessary.
Jan  1 00:01:02 sheevaplug-debian /etc/mysql/debian-start[2105]: Looking for 'mysql' in: /usr/bin/mysql
Jan  1 00:01:02 sheevaplug-debian /etc/mysql/debian-start[2105]: Looking for 'mysqlcheck' in: /usr/bin/mysqlcheck
Jan  1 00:01:02 sheevaplug-debian /etc/mysql/debian-start[2105]: This installation of MySQL is already upgraded to 5.0.51a, use --force if you still need to run mysql_upgrade
Jan  1 00:01:02 sheevaplug-debian /etc/mysql/debian-start[2126]: Checking for insecure root accounts.
Jan  1 00:01:02 sheevaplug-debian /etc/mysql/debian-start[2159]: Triggering myisam-recover for all MyISAM tables
Jan  1 00:01:04 sheevaplug-debian ifplugd(eth0)[2419]: ifplugd 0.28 initializing.
Jan  1 00:01:04 sheevaplug-debian ifplugd(eth0)[2419]: Using interface eth0/F0:AD:4E:00:7E:83 with driver <mv643xx_eth> (version: 1.4)
Jan  1 00:01:04 sheevaplug-debian ifplugd(eth0)[2419]: Using detection mode: SIOCETHTOOL
Jan  1 00:01:04 sheevaplug-debian kernel: ADDRCONF(NETDEV_UP): eth0: link is not ready
Jan  1 00:01:04 sheevaplug-debian ifplugd(eth0)[2419]: Initialization complete, link beat not detected.
Jan  1 00:01:07 sheevaplug-debian /usr/sbin/cron[2500]: (CRON) INFO (pidfile fd = 3)
Jan  1 00:01:07 sheevaplug-debian /usr/sbin/cron[2501]: (CRON) STARTUP (fork ok)
Jan  1 00:01:07 sheevaplug-debian /usr/sbin/cron[2501]: (CRON) INFO (Running @reboot jobs)
Jan  1 00:01:07 sheevaplug-debian kernel: ADDRCONF(NETDEV_UP): uap0: link is not ready
Jan  1 00:01:07 sheevaplug-debian kernel: ip_tables: (C) 2000-2006 Netfilter Core Team
Jan  1 00:01:08 sheevaplug-debian kernel: nf_conntrack version 0.5.0 (8030 buckets, 32120 max)
Jan  1 00:01:08 sheevaplug-debian kernel: CONFIG_NF_CT_ACCT is deprecated and will be removed soon. Please use
Jan  1 00:01:08 sheevaplug-debian kernel: nf_conntrack.acct=1 kernel parameter, acct=1 nf_conntrack module option or
Jan  1 00:01:08 sheevaplug-debian kernel: sysctl net.netfilter.nf_conntrack_acct=1 to enable it.
Jan  1 00:01:08 sheevaplug-debian udhcpd[2539]: udhcpd (v0.9.9-pre) started
Jan  1 00:01:08 sheevaplug-debian dnsmasq[2545]: started, version 2.45 cachesize 200
Jan  1 00:01:08 sheevaplug-debian dnsmasq[2545]: compile time options: IPv6 GNU-getopt no-ISC-leasefile DBus I18N TFTP
Jan  1 00:01:08 sheevaplug-debian dnsmasq[2545]: reading /etc/resolv.conf
Jan  1 00:01:08 sheevaplug-debian dnsmasq[2545]: using nameserver 192.168.0.1#53
Jan  1 00:01:08 sheevaplug-debian dnsmasq[2545]: read /etc/hosts - 3 addresses
Jan  1 00:01:08 sheevaplug-debian bluetoothd[2564]: Bluetooth daemon 4.42
Jan  1 00:01:08 sheevaplug-debian bluetoothd[2564]: Starting SDP server
Jan  1 00:01:08 sheevaplug-debian kernel: Bluetooth: L2CAP ver 2.14
Jan  1 00:01:08 sheevaplug-debian kernel: Bluetooth: L2CAP socket layer initialized
Jan  1 00:01:08 sheevaplug-debian kernel: Bluetooth: RFCOMM TTY layer initialized
Jan  1 00:01:08 sheevaplug-debian kernel: Bluetooth: RFCOMM socket layer initialized
Jan  1 00:01:08 sheevaplug-debian kernel: Bluetooth: RFCOMM ver 1.11
Jan  1 00:01:09 sheevaplug-debian bluetoothd[2564]: Starting experimental netlink support
Jan  1 00:01:09 sheevaplug-debian bluetoothd[2564]: Failed to find Bluetooth netlink family
Jan  1 00:01:09 sheevaplug-debian kernel: Bluetooth: BNEP (Ethernet Emulation) ver 1.3
Jan  1 00:01:09 sheevaplug-debian kernel: Bluetooth: vendor=0x2df, device=0x9105, class=255, fn=2
Jan  1 00:01:09 sheevaplug-debian bluetoothd[2564]: bridge pan0 created
Jan  1 00:01:09 sheevaplug-debian kernel: Bridge firewalling registered
Jan  1 00:01:09 sheevaplug-debian kernel: Bluetooth: SCO (Voice Link) ver 0.6
Jan  1 00:01:09 sheevaplug-debian kernel: Bluetooth: SCO socket layer initialized
Jan  1 00:01:09 sheevaplug-debian bluetoothd[2564]: HCI dev 0 registered
Jan  1 00:01:09 sheevaplug-debian bluetoothd[2564]: HCI dev 0 up
Jan  1 00:01:09 sheevaplug-debian bluetoothd[2564]: Starting security manager 0
Jan  1 00:01:09 sheevaplug-debian bluetoothd[2564]: Adapter /org/bluez/2564/hci0 has been enabled
Jan  1 00:01:09 sheevaplug-debian bluetoothd[2564]: Failed to access HAL
Jan  1 01:27:56 sheevaplug-debian kernel: imklog 3.18.6, log source = /proc/kmsg started.
Jan  1 01:27:56 sheevaplug-debian rsyslogd: [origin software="rsyslogd" swVersion="3.18.6" x-pid="1931" x-info="http://www.rsyslog.com"] restart
Jan  1 01:27:56 sheevaplug-debian kernel: Linux version 2.6.33.6 (root@localhost.localdomain) (gcc version 4.2.0 20070413 (prerelease) (CodeSourcery 2007q1-10. Marvell 2008q3-13 20081204)) #1 PREEMPT Sun Dec 5 22:56:10 CST 2010
Jan  1 01:27:56 sheevaplug-debian kernel: CPU: Feroceon 88FR131 [56251311] revision 1 (ARMv5TE), cr=00053977
Jan  1 01:27:56 sheevaplug-debian kernel: CPU: VIVT data cache, VIVT instruction cache
Jan  1 01:27:56 sheevaplug-debian kernel: Machine: Marvell GuruPlug Reference Board
Jan  1 01:27:56 sheevaplug-debian kernel: Memory policy: ECC disabled, Data cache writeback
Jan  1 01:27:56 sheevaplug-debian kernel: On node 0 totalpages: 131072
Jan  1 01:27:56 sheevaplug-debian kernel: free_area_init_node: node 0, pgdat c052f690, node_mem_map c05de000
Jan  1 01:27:56 sheevaplug-debian kernel:  Normal zone: 1024 pages used for memmap
Jan  1 01:27:56 sheevaplug-debian kernel:  Normal zone: 0 pages reserved
Jan  1 01:27:56 sheevaplug-debian kernel:  Normal zone: 130048 pages, LIFO batch:31
Jan  1 01:27:56 sheevaplug-debian kernel: Built 1 zonelists in Zone order, mobility grouping on.  Total pages: 130048
Jan  1 01:27:56 sheevaplug-debian kernel: Kernel command line: console=ttyS0,115200 root=/dev/sda2 rootdelay=10
Jan  1 01:27:56 sheevaplug-debian kernel: PID hash table entries: 2048 (order: 1, 8192 bytes)
Jan  1 01:27:56 sheevaplug-debian kernel: Dentry cache hash table entries: 65536 (order: 6, 262144 bytes)
Jan  1 01:27:56 sheevaplug-debian kernel: Inode-cache hash table entries: 32768 (order: 5, 131072 bytes)
Jan  1 01:27:56 sheevaplug-debian kernel: Memory: 256MB 256MB = 512MB total
Jan  1 01:27:56 sheevaplug-debian kernel: Memory: 513536KB available (4816K code, 862K data, 140K init, 0K highmem)
Jan  1 01:27:56 sheevaplug-debian kernel: SLUB: Genslabs=11, HWalign=32, Order=0-3, MinObjects=0, CPUs=1, Nodes=1
Jan  1 01:27:56 sheevaplug-debian kernel: Hierarchical RCU implementation.
Jan  1 01:27:56 sheevaplug-debian kernel: NR_IRQS:114
Jan  1 01:27:56 sheevaplug-debian kernel: Console: colour dummy device 80x30
Jan  1 01:27:56 sheevaplug-debian kernel: Calibrating delay loop... 1192.75 BogoMIPS (lpj=5963776)
Jan  1 01:27:56 sheevaplug-debian kernel: Mount-cache hash table entries: 512
Jan  1 01:27:56 sheevaplug-debian kernel: CPU: Testing write buffer coherency: ok
Jan  1 01:27:56 sheevaplug-debian kernel: NET: Registered protocol family 16
Jan  1 01:27:56 sheevaplug-debian kernel: Kirkwood: MV88F6281-A1, TCLK=200000000.
Jan  1 01:27:56 sheevaplug-debian kernel: Feroceon L2: Cache support initialised.
Jan  1 01:27:56 sheevaplug-debian kernel: initial MPP regs: 01112222 11113311 33331111 33333333 00003333 00000222 00000000
Jan  1 01:27:56 sheevaplug-debian kernel:  final MPP regs: 01112222 11113311 33331111 33333333 00003333 00000222 00000000
Jan  1 01:27:56 sheevaplug-debian kernel: bio: create slab <bio-0> at 0
Jan  1 01:27:56 sheevaplug-debian kernel: vgaarb: loaded
Jan  1 01:27:56 sheevaplug-debian kernel: SCSI subsystem initialized
Jan  1 01:27:56 sheevaplug-debian kernel: libata version 3.00 loaded.
Jan  1 01:27:56 sheevaplug-debian kernel: usbcore: registered new interface driver usbfs
Jan  1 01:27:56 sheevaplug-debian kernel: usbcore: registered new interface driver hub
Jan  1 01:27:56 sheevaplug-debian kernel: usbcore: registered new device driver usb
Jan  1 01:27:56 sheevaplug-debian kernel: cfg80211: Using static regulatory domain info
Jan  1 01:27:56 sheevaplug-debian kernel: cfg80211: Regulatory domain: 00
Jan  1 01:27:56 sheevaplug-debian kernel:    (start_freq - end_freq @ bandwidth), (max_antenna_gain, max_eirp)
Jan  1 01:27:56 sheevaplug-debian kernel:    (2402000 KHz - 2472000 KHz @ 40000 KHz), (600 mBi, 2000 mBm)
Jan  1 01:27:56 sheevaplug-debian kernel:    (2457000 KHz - 2482000 KHz @ 20000 KHz), (600 mBi, 2000 mBm)
Jan  1 01:27:56 sheevaplug-debian kernel:    (2474000 KHz - 2494000 KHz @ 20000 KHz), (600 mBi, 2000 mBm)
Jan  1 01:27:56 sheevaplug-debian kernel:    (5170000 KHz - 5250000 KHz @ 40000 KHz), (600 mBi, 2000 mBm)
Jan  1 01:27:56 sheevaplug-debian kernel:    (5735000 KHz - 5835000 KHz @ 40000 KHz), (600 mBi, 2000 mBm)
Jan  1 01:27:56 sheevaplug-debian kernel: cfg80211: Calling CRDA to update world regulatory domain
Jan  1 01:27:56 sheevaplug-debian kernel: Switching to clocksource orion_clocksource
Jan  1 01:27:56 sheevaplug-debian kernel: NET: Registered protocol family 2
Jan  1 01:27:56 sheevaplug-debian kernel: IP route cache hash table entries: 4096 (order: 2, 16384 bytes)
Jan  1 01:27:56 sheevaplug-debian kernel: TCP established hash table entries: 16384 (order: 5, 131072 bytes)
Jan  1 01:27:56 sheevaplug-debian kernel: TCP bind hash table entries: 16384 (order: 4, 65536 bytes)
Jan  1 01:27:56 sheevaplug-debian kernel: TCP: Hash tables configured (established 16384 bind 16384)
Jan  1 01:27:56 sheevaplug-debian kernel: TCP reno registered
Jan  1 01:27:56 sheevaplug-debian kernel: UDP hash table entries: 256 (order: 0, 4096 bytes)
Jan  1 01:27:56 sheevaplug-debian kernel: UDP-Lite hash table entries: 256 (order: 0, 4096 bytes)
Jan  1 01:27:56 sheevaplug-debian kernel: NET: Registered protocol family 1
Jan  1 01:27:56 sheevaplug-debian kernel: RPC: Registered udp transport module.
Jan  1 01:27:56 sheevaplug-debian kernel: RPC: Registered tcp transport module.
Jan  1 01:27:56 sheevaplug-debian kernel: RPC: Registered tcp NFSv4.1 backchannel transport module.
Jan  1 01:27:56 sheevaplug-debian kernel: PCI: CLS 0 bytes, default 32
Jan  1 01:27:56 sheevaplug-debian kernel: JFFS2 version 2.2. (NAND) © 2001-2006 Red Hat, Inc.
Jan  1 01:27:56 sheevaplug-debian kernel: JFS: nTxBlock = 4014, nTxLock = 32112
Jan  1 01:27:56 sheevaplug-debian kernel: msgmni has been set to 1003
Jan  1 01:27:56 sheevaplug-debian kernel: alg: No test for stdrng (krng)
Jan  1 01:27:56 sheevaplug-debian kernel: io scheduler noop registered
Jan  1 01:27:56 sheevaplug-debian kernel: io scheduler deadline registered
Jan  1 01:27:56 sheevaplug-debian kernel: io scheduler cfq registered (default)
Jan  1 01:27:56 sheevaplug-debian kernel: Serial: 8250/16550 driver, 2 ports, IRQ sharing disabled
Jan  1 01:27:56 sheevaplug-debian kernel: serial8250.0: ttyS0 at MMIO 0xf1012000 (irq = 33) is a 16550A
Jan  1 01:27:56 sheevaplug-debian kernel: console [ttyS0] enabled
Jan  1 01:27:56 sheevaplug-debian kernel: brd: module loaded
Jan  1 01:27:56 sheevaplug-debian kernel: loop: module loaded
Jan  1 01:27:56 sheevaplug-debian kernel: No NAND device found.
Jan  1 01:27:56 sheevaplug-debian kernel: MV-643xx 10/100/1000 ethernet driver version 1.4
Jan  1 01:27:56 sheevaplug-debian kernel: mv643xx_eth smi: probed
Jan  1 01:27:56 sheevaplug-debian kernel: net eth0: port 0 with MAC address f0:ad:4e:00:79:b5
Jan  1 01:27:56 sheevaplug-debian kernel: net eth1: port 0 with MAC address f0:ad:4e:00:79:b6
Jan  1 01:27:56 sheevaplug-debian kernel: ehci_hcd: USB 2.0 'Enhanced' Host Controller (EHCI) Driver
Jan  1 01:27:56 sheevaplug-debian kernel: orion-ehci orion-ehci.0: Marvell Orion EHCI
Jan  1 01:27:56 sheevaplug-debian kernel: orion-ehci orion-ehci.0: new USB bus registered, assigned bus number 1
Jan  1 01:27:56 sheevaplug-debian kernel: orion-ehci orion-ehci.0: irq 19, io mem 0xf1050000
Jan  1 01:27:56 sheevaplug-debian kernel: orion-ehci orion-ehci.0: USB 2.0 started, EHCI 1.00
Jan  1 01:27:56 sheevaplug-debian kernel: hub 1-0:1.0: USB hub found
Jan  1 01:27:56 sheevaplug-debian kernel: hub 1-0:1.0: 1 port detected
Jan  1 01:27:56 sheevaplug-debian kernel: Initializing USB Mass Storage driver...
Jan  1 01:27:56 sheevaplug-debian kernel: usbcore: registered new interface driver usb-storage
Jan  1 01:27:56 sheevaplug-debian kernel: USB Mass Storage support registered.
Jan  1 01:27:56 sheevaplug-debian kernel: usbcore: registered new interface driver ums-datafab
Jan  1 01:27:56 sheevaplug-debian kernel: usbcore: registered new interface driver ums-freecom
Jan  1 01:27:56 sheevaplug-debian kernel: usbcore: registered new interface driver ums-jumpshot
Jan  1 01:27:56 sheevaplug-debian kernel: usbcore: registered new interface driver ums-sddr09
Jan  1 01:27:56 sheevaplug-debian kernel: usbcore: registered new interface driver ums-sddr55
Jan  1 01:27:56 sheevaplug-debian kernel: mice: PS/2 mouse device common for all mice
Jan  1 01:27:56 sheevaplug-debian kernel: rtc-mv rtc-mv: rtc core: registered rtc-mv as rtc0
Jan  1 01:27:56 sheevaplug-debian kernel: i2c /dev entries driver
Jan  1 01:27:56 sheevaplug-debian kernel: cpuidle: using governor ladder
Jan  1 01:27:56 sheevaplug-debian kernel: cpuidle: using governor menu
Jan  1 01:27:56 sheevaplug-debian kernel: sdhci: Secure Digital Host Controller Interface driver
Jan  1 01:27:56 sheevaplug-debian kernel: sdhci: Copyright(c) Pierre Ossman
Jan  1 01:27:56 sheevaplug-debian kernel: mmc0: mvsdio driver initialized, lacking card detect (fall back to polling)
Jan  1 01:27:56 sheevaplug-debian kernel: Registered led device: guruplug:red:health
Jan  1 01:27:56 sheevaplug-debian kernel: Registered led device: guruplug:green:health
Jan  1 01:27:56 sheevaplug-debian kernel: Registered led device: guruplug:red:wmode
Jan  1 01:27:56 sheevaplug-debian kernel: Registered led device: guruplug:green:wmode
Jan  1 01:27:56 sheevaplug-debian kernel: mv_xor_shared mv_xor_shared.0: Marvell shared XOR driver
Jan  1 01:27:56 sheevaplug-debian kernel: mv_xor_shared mv_xor_shared.1: Marvell shared XOR driver
Jan  1 01:27:56 sheevaplug-debian kernel: mv_xor mv_xor.0: Marvell XOR: ( xor cpy )
Jan  1 01:27:56 sheevaplug-debian kernel: mmc0: new high speed SDIO card at address 0001
Jan  1 01:27:56 sheevaplug-debian kernel: mv_xor mv_xor.1: Marvell XOR: ( xor fill cpy )
Jan  1 01:27:56 sheevaplug-debian kernel: mv_xor mv_xor.2: Marvell XOR: ( xor cpy )
Jan  1 01:27:56 sheevaplug-debian kernel: mv_xor mv_xor.3: Marvell XOR: ( xor fill cpy )
Jan  1 01:27:56 sheevaplug-debian kernel: usbcore: registered new interface driver hiddev
Jan  1 01:27:56 sheevaplug-debian kernel: usbcore: registered new interface driver usbhid
Jan  1 01:27:56 sheevaplug-debian kernel: usbhid: USB HID core driver
Jan  1 01:27:56 sheevaplug-debian kernel: oprofile: using timer interrupt.
Jan  1 01:27:56 sheevaplug-debian kernel: TCP cubic registered
Jan  1 01:27:56 sheevaplug-debian kernel: NET: Registered protocol family 17
Jan  1 01:27:56 sheevaplug-debian kernel: lib80211: common routines for IEEE802.11 drivers
Jan  1 01:27:56 sheevaplug-debian kernel: lib80211_crypt: registered algorithm 'NULL'
Jan  1 01:27:56 sheevaplug-debian kernel: Gating clock of unused units
Jan  1 01:27:56 sheevaplug-debian kernel: before: 0x00dfc3fd
Jan  1 01:27:56 sheevaplug-debian kernel: after: 0x00cf41d9
Jan  1 01:27:56 sheevaplug-debian kernel: rtc-mv rtc-mv: setting system clock to 2011-01-01 01:26:56 UTC (1293845216)
Jan  1 01:27:56 sheevaplug-debian kernel: Waiting 10sec before mounting root device...
Jan  1 01:27:56 sheevaplug-debian kernel: usb 1-1: new high speed USB device using orion-ehci and address 2
Jan  1 01:27:56 sheevaplug-debian kernel: hub 1-1:1.0: USB hub found
Jan  1 01:27:56 sheevaplug-debian kernel: hub 1-1:1.0: 4 ports detected
Jan  1 01:27:56 sheevaplug-debian kernel: usb 1-1.1: new high speed USB device using orion-ehci and address 3
Jan  1 01:27:56 sheevaplug-debian kernel: scsi0 : usb-storage 1-1.1:1.0
Jan  1 01:27:56 sheevaplug-debian kernel: usb 1-1.4: new full speed USB device using orion-ehci and address 4
Jan  1 01:27:56 sheevaplug-debian kernel: input: C-Media USB Headphone Set   as /devices/platform/orion-ehci.0/usb1/1-1/1-1.4/1-1.4:1.3/input/input0
Jan  1 01:27:56 sheevaplug-debian kernel: generic-usb 0003:0D8C:000C.0001: input: USB HID v1.00 Device [C-Media USB Headphone Set  ] on usb-orion-ehci.0-1.4/input3
Jan  1 01:27:56 sheevaplug-debian kernel: scsi 0:0:0:0: Direct-Access     Generic  STORAGE DEVICE   9910 PQ: 0 ANSI: 0
Jan  1 01:27:56 sheevaplug-debian kernel: sd 0:0:0:0: Attached scsi generic sg0 type 0
Jan  1 01:27:56 sheevaplug-debian kernel: scsi 0:0:0:1: Direct-Access     Generic  STORAGE DEVICE   9910 PQ: 0 ANSI: 0
Jan  1 01:27:56 sheevaplug-debian kernel: sd 0:0:0:0: [sda] 1984000 512-byte logical blocks: (1.01 GB/968 MiB)
Jan  1 01:27:56 sheevaplug-debian kernel: sd 0:0:0:1: Attached scsi generic sg1 type 0
Jan  1 01:27:56 sheevaplug-debian kernel: sd 0:0:0:0: [sda] Write Protect is off
Jan  1 01:27:56 sheevaplug-debian kernel: sd 0:0:0:0: [sda] Mode Sense: 0b 00 00 08
Jan  1 01:27:56 sheevaplug-debian kernel: sd 0:0:0:0: [sda] Assuming drive cache: write through
Jan  1 01:27:56 sheevaplug-debian kernel: sd 0:0:0:1: [sdb] Attached SCSI removable disk
Jan  1 01:27:56 sheevaplug-debian kernel: sd 0:0:0:0: [sda] Assuming drive cache: write through
Jan  1 01:27:56 sheevaplug-debian kernel: sda: sda1 sda2
Jan  1 01:27:56 sheevaplug-debian kernel: sd 0:0:0:0: [sda] Assuming drive cache: write through
Jan  1 01:27:56 sheevaplug-debian kernel: sd 0:0:0:0: [sda] Attached SCSI removable disk
Jan  1 01:27:56 sheevaplug-debian kernel: EXT3-fs (sda2): warning: maximal mount count reached, running e2fsck is recommended
Jan  1 01:27:56 sheevaplug-debian kernel: kjournald starting.  Commit interval 5 seconds
Jan  1 01:27:56 sheevaplug-debian kernel: EXT3-fs (sda2): using internal journal
Jan  1 01:27:56 sheevaplug-debian kernel: ext3_orphan_cleanup: deleting unreferenced inode 2426
Jan  1 01:27:56 sheevaplug-debian kernel: ext3_orphan_cleanup: deleting unreferenced inode 2425
Jan  1 01:27:56 sheevaplug-debian kernel: ext3_orphan_cleanup: deleting unreferenced inode 2424
Jan  1 01:27:56 sheevaplug-debian kernel: ext3_orphan_cleanup: deleting unreferenced inode 119
Jan  1 01:27:56 sheevaplug-debian kernel: ext3_orphan_cleanup: deleting unreferenced inode 118
Jan  1 01:27:56 sheevaplug-debian kernel: EXT3-fs (sda2): 5 orphan inodes deleted
Jan  1 01:27:56 sheevaplug-debian kernel: EXT3-fs (sda2): recovery complete
Jan  1 01:27:56 sheevaplug-debian kernel: EXT3-fs (sda2): mounted filesystem with writeback data mode
Jan  1 01:27:56 sheevaplug-debian kernel: VFS: Mounted root (ext3 filesystem) on device 8:2.
Jan  1 01:27:56 sheevaplug-debian kernel: Freeing init memory: 140K
Jan  1 01:27:56 sheevaplug-debian kernel: sata_mv sata_mv.0: version 1.28
Jan  1 01:27:56 sheevaplug-debian kernel: sata_mv sata_mv.0: slots 32 ports 1
Jan  1 01:27:56 sheevaplug-debian kernel: scsi1 : sata_mv
Jan  1 01:27:56 sheevaplug-debian kernel: ata1: SATA max UDMA/133 irq 21
Jan  1 01:27:56 sheevaplug-debian kernel: ata1: SATA link down (SStatus 0 SControl F300)
Jan  1 01:27:56 sheevaplug-debian kernel: Bluetooth: Core ver 2.15
Jan  1 01:27:56 sheevaplug-debian kernel: NET: Registered protocol family 31
Jan  1 01:27:56 sheevaplug-debian kernel: Bluetooth: HCI device and connection manager initialized
Jan  1 01:27:56 sheevaplug-debian kernel: Bluetooth: HCI socket layer initialized
Jan  1 01:27:56 sheevaplug-debian kernel: libertas_sdio: Libertas SDIO driver
Jan  1 01:27:56 sheevaplug-debian kernel: libertas_sdio: Copyright Pierre Ossman
Jan  1 01:27:56 sheevaplug-debian kernel: libertas_sdio mmc0:0001:1: firmware: requesting sd8688_helper.bin
Jan  1 01:27:56 sheevaplug-debian kernel: libertas: can't load helper firmware
Jan  1 01:27:56 sheevaplug-debian kernel: libertas: failed to load helper firmware
Jan  1 01:27:56 sheevaplug-debian kernel: libertas_sdio: probe of mmc0:0001:1 failed with error -2
Jan  1 01:27:56 sheevaplug-debian kernel: Bluetooth: vendor=0x2df, device=0x9105, class=255, fn=2
Jan  1 01:27:56 sheevaplug-debian kernel: btmrvl_sdio mmc0:0001:2: firmware: requesting sd8688_helper.bin
Jan  1 01:27:56 sheevaplug-debian kernel: btmrvl_sdio_download_helper: request_firmware(helper) failed, error code = -2
Jan  1 01:27:56 sheevaplug-debian kernel: btmrvl_sdio_download_fw: Failed to download helper!
Jan  1 01:27:56 sheevaplug-debian kernel: btmrvl_sdio_probe: Downloading firmware failed!
Jan  1 01:27:56 sheevaplug-debian kernel: uap_probe: vendor=0x02DF device=0x9104 class=0 function=1
Jan  1 01:27:56 sheevaplug-debian kernel: uap_sdio mmc0:0001:1: firmware: requesting mrvl/helper_sd.bin
Jan  1 01:27:56 sheevaplug-debian kernel: uap_sdio mmc0:0001:1: firmware: requesting mrvl/sd8688_ap.bin
Jan  1 01:27:56 sheevaplug-debian kernel: usbcore: registered new interface driver snd-usb-audio
Jan  1 01:27:56 sheevaplug-debian kernel: UAP FW is active
Jan  1 01:27:57 sheevaplug-debian kernel: NET: Registered protocol family 10
Jan  1 01:27:59 sheevaplug-debian mysqld_safe[2044]: started
Jan  1 01:28:00 sheevaplug-debian mysqld[2047]: 110101  1:28:00  InnoDB: Started; log sequence number 0 43655
Jan  1 01:28:00 sheevaplug-debian mysqld[2047]: 110101  1:28:00 [Note] /usr/sbin/mysqld: ready for connections.
Jan  1 01:28:00 sheevaplug-debian mysqld[2047]: Version: '5.0.51a-24+lenny2'  socket: '/var/run/mysqld/mysqld.sock'  port: 3306  (Debian)
Jan  1 01:28:01 sheevaplug-debian /etc/mysql/debian-start[2102]: Upgrading MySQL tables if necessary.
Jan  1 01:28:01 sheevaplug-debian /etc/mysql/debian-start[2105]: Looking for 'mysql' in: /usr/bin/mysql
Jan  1 01:28:01 sheevaplug-debian /etc/mysql/debian-start[2105]: Looking for 'mysqlcheck' in: /usr/bin/mysqlcheck
Jan  1 01:28:01 sheevaplug-debian /etc/mysql/debian-start[2105]: This installation of MySQL is already upgraded to 5.0.51a, use --force if you still need to run mysql_upgrade
Jan  1 01:28:02 sheevaplug-debian /etc/mysql/debian-start[2129]: Checking for insecure root accounts.
Jan  1 01:28:02 sheevaplug-debian /etc/mysql/debian-start[2157]: Triggering myisam-recover for all MyISAM tables
Jan  1 01:28:04 sheevaplug-debian ifplugd(eth0)[2418]: ifplugd 0.28 initializing.
Jan  1 01:28:04 sheevaplug-debian ifplugd(eth0)[2418]: Using interface eth0/F0:AD:4E:00:79:B5 with driver <mv643xx_eth> (version: 1.4)
Jan  1 01:28:04 sheevaplug-debian ifplugd(eth0)[2418]: Using detection mode: SIOCETHTOOL
Jan  1 01:28:04 sheevaplug-debian ifplugd(eth0)[2418]: Initialization complete, link beat not detected.
Jan  1 01:28:04 sheevaplug-debian kernel: ADDRCONF(NETDEV_UP): eth0: link is not ready
Jan  1 01:28:07 sheevaplug-debian /usr/sbin/cron[2499]: (CRON) INFO (pidfile fd = 3)
Jan  1 01:28:07 sheevaplug-debian /usr/sbin/cron[2500]: (CRON) STARTUP (fork ok)
Jan  1 01:28:07 sheevaplug-debian /usr/sbin/cron[2500]: (CRON) INFO (Running @reboot jobs)
Jan  1 01:28:07 sheevaplug-debian kernel: eth0: link up, 1000 Mb/s, full duplex, flow control disabled
Jan  1 01:28:07 sheevaplug-debian kernel: ADDRCONF(NETDEV_CHANGE): eth0: link becomes ready
Jan  1 01:28:07 sheevaplug-debian kernel: ADDRCONF(NETDEV_UP): uap0: link is not ready
Jan  1 01:28:07 sheevaplug-debian kernel: ip_tables: (C) 2000-2006 Netfilter Core Team
Jan  1 01:28:07 sheevaplug-debian kernel: nf_conntrack version 0.5.0 (8030 buckets, 32120 max)
Jan  1 01:28:07 sheevaplug-debian kernel: CONFIG_NF_CT_ACCT is deprecated and will be removed soon. Please use
Jan  1 01:28:07 sheevaplug-debian kernel: nf_conntrack.acct=1 kernel parameter, acct=1 nf_conntrack module option or
Jan  1 01:28:07 sheevaplug-debian kernel: sysctl net.netfilter.nf_conntrack_acct=1 to enable it.
Jan  1 01:28:07 sheevaplug-debian udhcpd[2539]: udhcpd (v0.9.9-pre) started
Jan  1 01:28:07 sheevaplug-debian dnsmasq[2545]: started, version 2.45 cachesize 200
Jan  1 01:28:07 sheevaplug-debian dnsmasq[2545]: compile time options: IPv6 GNU-getopt no-ISC-leasefile DBus I18N TFTP
Jan  1 01:28:07 sheevaplug-debian dnsmasq[2545]: reading /etc/resolv.conf
Jan  1 01:28:07 sheevaplug-debian dnsmasq[2545]: using nameserver 192.168.0.1#53
Jan  1 01:28:07 sheevaplug-debian dnsmasq[2545]: read /etc/hosts - 3 addresses
Jan  1 01:28:08 sheevaplug-debian ifplugd(eth0)[2418]: Link beat detected.
Jan  1 01:28:08 sheevaplug-debian bluetoothd[2564]: Bluetooth daemon 4.42
Jan  1 01:28:08 sheevaplug-debian bluetoothd[2564]: Starting SDP server
Jan  1 01:28:08 sheevaplug-debian kernel: Bluetooth: L2CAP ver 2.14
Jan  1 01:28:08 sheevaplug-debian kernel: Bluetooth: L2CAP socket layer initialized
Jan  1 01:28:08 sheevaplug-debian kernel: Bluetooth: RFCOMM TTY layer initialized
Jan  1 01:28:08 sheevaplug-debian kernel: Bluetooth: RFCOMM socket layer initialized
Jan  1 01:28:08 sheevaplug-debian kernel: Bluetooth: RFCOMM ver 1.11
Jan  1 01:28:08 sheevaplug-debian bluetoothd[2564]: Starting experimental netlink support
Jan  1 01:28:08 sheevaplug-debian bluetoothd[2564]: Failed to find Bluetooth netlink family
Jan  1 01:28:08 sheevaplug-debian kernel: Bluetooth: vendor=0x2df, device=0x9105, class=255, fn=2
Jan  1 01:28:08 sheevaplug-debian kernel: Bluetooth: BNEP (Ethernet Emulation) ver 1.3
Jan  1 01:28:08 sheevaplug-debian kernel: Bridge firewalling registered
Jan  1 01:28:08 sheevaplug-debian bluetoothd[2564]: bridge pan0 created
Jan  1 01:28:09 sheevaplug-debian kernel: Bluetooth: SCO (Voice Link) ver 0.6
Jan  1 01:28:09 sheevaplug-debian bluetoothd[2564]: HCI dev 0 registered
Jan  1 01:28:09 sheevaplug-debian bluetoothd[2564]: HCI dev 0 up
Jan  1 01:28:09 sheevaplug-debian kernel: Bluetooth: SCO socket layer initialized
Jan  1 01:28:09 sheevaplug-debian bluetoothd[2564]: Starting security manager 0
Jan  1 01:28:09 sheevaplug-debian bluetoothd[2564]: Adapter /org/bluez/2564/hci0 has been enabled
Jan  1 01:28:09 sheevaplug-debian ifplugd(eth0)[2418]: Executing '/etc/ifplugd/ifplugd.action eth0 up'.
Jan  1 01:28:09 sheevaplug-debian bluetoothd[2564]: Failed to access HAL
Jan  1 01:28:09 sheevaplug-debian ifplugd(eth0)[2418]: client: Ignoring unknown interface eth0=eth0.
Jan  1 01:28:09 sheevaplug-debian dhclient: Internet Systems Consortium DHCP Client V3.1.1
Jan  1 01:28:09 sheevaplug-debian ifplugd(eth0)[2418]: client: Internet Systems Consortium DHCP Client V3.1.1
Jan  1 01:28:09 sheevaplug-debian dhclient: Copyright 2004-2008 Internet Systems Consortium.
Jan  1 01:28:09 sheevaplug-debian ifplugd(eth0)[2418]: client: Copyright 2004-2008 Internet Systems Consortium.
Jan  1 01:28:09 sheevaplug-debian dhclient: All rights reserved.
Jan  1 01:28:09 sheevaplug-debian ifplugd(eth0)[2418]: client: All rights reserved.
Jan  1 01:28:09 sheevaplug-debian dhclient: For info, please visit http://www.isc.org/sw/dhcp/
Jan  1 01:28:09 sheevaplug-debian ifplugd(eth0)[2418]: client: For info, please visit http://www.isc.org/sw/dhcp/
Jan  1 01:28:09 sheevaplug-debian dhclient: 
Jan  1 01:28:10 sheevaplug-debian dhclient: Listening on LPF/eth0/f0:ad:4e:00:79:b5
Jan  1 01:28:10 sheevaplug-debian dhclient: Sending on   LPF/eth0/f0:ad:4e:00:79:b5
Jan  1 01:28:10 sheevaplug-debian dhclient: Sending on   Socket/fallback
Jan  1 01:28:10 sheevaplug-debian ifplugd(eth0)[2418]: client: Listening on LPF/eth0/f0:ad:4e:00:79:b5
Jan  1 01:28:10 sheevaplug-debian ifplugd(eth0)[2418]: client: Sending on   LPF/eth0/f0:ad:4e:00:79:b5
Jan  1 01:28:10 sheevaplug-debian ifplugd(eth0)[2418]: client: Sending on   Socket/fallback
Jan  1 01:28:14 sheevaplug-debian dhclient: DHCPDISCOVER on eth0 to 255.255.255.255 port 67 interval 7
Jan  1 01:28:14 sheevaplug-debian ifplugd(eth0)[2418]: client: DHCPDISCOVER on eth0 to 255.255.255.255 port 67 interval 7
Jan  1 01:28:14 sheevaplug-debian dhclient: DHCPOFFER from 10.10.10.251
Jan  1 01:28:14 sheevaplug-debian dhclient: DHCPREQUEST on eth0 to 255.255.255.255 port 67
Jan  1 01:28:14 sheevaplug-debian ifplugd(eth0)[2418]: client: DHCPOFFER from 10.10.10.251
Jan  1 01:28:14 sheevaplug-debian ifplugd(eth0)[2418]: client: DHCPREQUEST on eth0 to 255.255.255.255 port 67
Jan  1 01:28:14 sheevaplug-debian dhclient: DHCPACK from 10.10.10.251
Jan  1 01:28:14 sheevaplug-debian ifplugd(eth0)[2418]: client: DHCPACK from 10.10.10.251
Jan  1 01:28:14 sheevaplug-debian dhclient: bound to 10.10.10.102 -- renewal in 33219 seconds.
Jan  1 01:28:14 sheevaplug-debian ifplugd(eth0)[2418]: client: bound to 10.10.10.102 -- renewal in 33219 seconds.
Jan  1 01:28:14 sheevaplug-debian ifplugd(eth0)[2418]: Program executed successfully.
Jan  1 01:28:18 sheevaplug-debian kernel: eth0: no IPv6 routers present
Jan  1 01:28:53 sheevaplug-debian udhcpd[2540]: Received a SIGTERM
Jan  1 01:28:53 sheevaplug-debian dnsmasq[2545]: reading /etc/resolv.conf
Jan  1 01:28:53 sheevaplug-debian dnsmasq[2545]: using nameserver 202.134.64.20#53
Jan  1 01:28:53 sheevaplug-debian dnsmasq[2545]: using nameserver 152.104.228.251#53
Jan  1 01:28:53 sheevaplug-debian dnsmasq[2545]: exiting on receipt of SIGTERM
Jan  1 01:28:53 sheevaplug-debian kernel: reset hw
Jan  1 01:28:53 sheevaplug-debian kernel: uap_func_shutdown:Hardware is not ready!
Jan  1 01:28:54 sheevaplug-debian kernel: libertas_sdio: Libertas SDIO driver
Jan  1 01:28:54 sheevaplug-debian kernel: libertas_sdio: Copyright Pierre Ossman
Jan  1 01:28:54 sheevaplug-debian kernel: libertas_sdio mmc0:0001:1: firmware: requesting sd8688_helper.bin
Jan  1 01:28:54 sheevaplug-debian kernel: libertas_sdio mmc0:0001:1: firmware: requesting sd8688.bin
Jan  1 01:28:55 sheevaplug-debian kernel: libertas: 00:24:23:39:0f:9a, fw 10.38.3p49, cap 0x00000303
Jan  1 01:28:55 sheevaplug-debian kernel: libertas: wlan0: Marvell WLAN 802.11 adapter
Jan  1 00:00:55 sheevaplug-debian kernel: imklog 3.18.6, log source = /proc/kmsg started.
Jan  1 00:00:55 sheevaplug-debian rsyslogd: [origin software="rsyslogd" swVersion="3.18.6" x-pid="1898" x-info="http://www.rsyslog.com"] restart
Jan  1 00:00:55 sheevaplug-debian kernel: Linux version 2.6.33.6 (root@localhost.localdomain) (gcc version 4.2.1) #1 PREEMPT Tue Feb 8 03:18:41 EST 2011
Jan  1 00:00:55 sheevaplug-debian kernel: CPU: Feroceon 88FR131 [56251311] revision 1 (ARMv5TE), cr=00053977
Jan  1 00:00:55 sheevaplug-debian kernel: CPU: VIVT data cache, VIVT instruction cache
Jan  1 00:00:55 sheevaplug-debian kernel: Machine: Marvell GuruPlug Reference Board
Jan  1 00:00:55 sheevaplug-debian kernel: Memory policy: ECC disabled, Data cache writeback
Jan  1 00:00:55 sheevaplug-debian kernel: On node 0 totalpages: 131072
Jan  1 00:00:55 sheevaplug-debian kernel: free_area_init_node: node 0, pgdat c0557688, node_mem_map c0606000
Jan  1 00:00:55 sheevaplug-debian kernel:  Normal zone: 1024 pages used for memmap
Jan  1 00:00:55 sheevaplug-debian kernel:  Normal zone: 0 pages reserved
Jan  1 00:00:55 sheevaplug-debian kernel:  Normal zone: 130048 pages, LIFO batch:31
Jan  1 00:00:55 sheevaplug-debian kernel: Built 1 zonelists in Zone order, mobility grouping on.  Total pages: 130048
Jan  1 00:00:55 sheevaplug-debian kernel: Kernel command line: console=ttyS0,115200 root=/dev/sda2 rootdelay=10
Jan  1 00:00:55 sheevaplug-debian kernel: PID hash table entries: 2048 (order: 1, 8192 bytes)
Jan  1 00:00:55 sheevaplug-debian kernel: Dentry cache hash table entries: 65536 (order: 6, 262144 bytes)
Jan  1 00:00:55 sheevaplug-debian kernel: Inode-cache hash table entries: 32768 (order: 5, 131072 bytes)
Jan  1 00:00:55 sheevaplug-debian kernel: Memory: 256MB 256MB = 512MB total
Jan  1 00:00:55 sheevaplug-debian kernel: Memory: 513408KB available (4832K code, 862K data, 140K init, 0K highmem)
Jan  1 00:00:55 sheevaplug-debian kernel: SLUB: Genslabs=11, HWalign=32, Order=0-3, MinObjects=0, CPUs=1, Nodes=1
Jan  1 00:00:55 sheevaplug-debian kernel: Hierarchical RCU implementation.
Jan  1 00:00:55 sheevaplug-debian kernel: NR_IRQS:114
Jan  1 00:00:55 sheevaplug-debian kernel: Console: colour dummy device 80x30
Jan  1 00:00:55 sheevaplug-debian kernel: Calibrating delay loop... 1192.75 BogoMIPS (lpj=5963776)
Jan  1 00:00:55 sheevaplug-debian kernel: Mount-cache hash table entries: 512
Jan  1 00:00:55 sheevaplug-debian kernel: CPU: Testing write buffer coherency: ok
Jan  1 00:00:55 sheevaplug-debian kernel: NET: Registered protocol family 16
Jan  1 00:00:55 sheevaplug-debian kernel: Kirkwood: MV88F6281-A1, TCLK=200000000.
Jan  1 00:00:55 sheevaplug-debian kernel: Feroceon L2: Cache support initialised.
Jan  1 00:00:55 sheevaplug-debian kernel: initial MPP regs: 01112222 11113311 33331111 33333333 00003333 00000222 00000000
Jan  1 00:00:55 sheevaplug-debian kernel:  final MPP regs: 01112222 11113311 33331111 33333333 00003333 00000222 00000000
Jan  1 00:00:55 sheevaplug-debian kernel: bio: create slab <bio-0> at 0
Jan  1 00:00:55 sheevaplug-debian kernel: vgaarb: loaded
Jan  1 00:00:55 sheevaplug-debian kernel: SCSI subsystem initialized
Jan  1 00:00:55 sheevaplug-debian kernel: libata version 3.00 loaded.
Jan  1 00:00:55 sheevaplug-debian kernel: usbcore: registered new interface driver usbfs
Jan  1 00:00:55 sheevaplug-debian kernel: usbcore: registered new interface driver hub
Jan  1 00:00:55 sheevaplug-debian kernel: usbcore: registered new device driver usb
Jan  1 00:00:55 sheevaplug-debian kernel: cfg80211: Using static regulatory domain info
Jan  1 00:00:55 sheevaplug-debian kernel: cfg80211: Regulatory domain: 00
Jan  1 00:00:55 sheevaplug-debian kernel:    (start_freq - end_freq @ bandwidth), (max_antenna_gain, max_eirp)
Jan  1 00:00:55 sheevaplug-debian kernel:    (2402000 KHz - 2472000 KHz @ 40000 KHz), (600 mBi, 2000 mBm)
Jan  1 00:00:55 sheevaplug-debian kernel:    (2457000 KHz - 2482000 KHz @ 20000 KHz), (600 mBi, 2000 mBm)
Jan  1 00:00:55 sheevaplug-debian kernel:    (2474000 KHz - 2494000 KHz @ 20000 KHz), (600 mBi, 2000 mBm)
Jan  1 00:00:55 sheevaplug-debian kernel:    (5170000 KHz - 5250000 KHz @ 40000 KHz), (600 mBi, 2000 mBm)
Jan  1 00:00:55 sheevaplug-debian kernel:    (5735000 KHz - 5835000 KHz @ 40000 KHz), (600 mBi, 2000 mBm)
Jan  1 00:00:55 sheevaplug-debian kernel: cfg80211: Calling CRDA to update world regulatory domain
Jan  1 00:00:55 sheevaplug-debian kernel: Switching to clocksource orion_clocksource
Jan  1 00:00:55 sheevaplug-debian kernel: NET: Registered protocol family 2
Jan  1 00:00:55 sheevaplug-debian kernel: IP route cache hash table entries: 4096 (order: 2, 16384 bytes)
Jan  1 00:00:55 sheevaplug-debian kernel: TCP established hash table entries: 16384 (order: 5, 131072 bytes)
Jan  1 00:00:55 sheevaplug-debian kernel: TCP bind hash table entries: 16384 (order: 4, 65536 bytes)
Jan  1 00:00:55 sheevaplug-debian kernel: TCP: Hash tables configured (established 16384 bind 16384)
Jan  1 00:00:55 sheevaplug-debian kernel: TCP reno registered
Jan  1 00:00:55 sheevaplug-debian kernel: UDP hash table entries: 256 (order: 0, 4096 bytes)
Jan  1 00:00:55 sheevaplug-debian kernel: UDP-Lite hash table entries: 256 (order: 0, 4096 bytes)
Jan  1 00:00:55 sheevaplug-debian kernel: NET: Registered protocol family 1
Jan  1 00:00:55 sheevaplug-debian kernel: RPC: Registered udp transport module.
Jan  1 00:00:55 sheevaplug-debian kernel: RPC: Registered tcp transport module.
Jan  1 00:00:55 sheevaplug-debian kernel: RPC: Registered tcp NFSv4.1 backchannel transport module.
Jan  1 00:00:55 sheevaplug-debian kernel: PCI: CLS 0 bytes, default 32
Jan  1 00:00:55 sheevaplug-debian kernel: JFFS2 version 2.2. (NAND) © 2001-2006 Red Hat, Inc.
Jan  1 00:00:55 sheevaplug-debian kernel: JFS: nTxBlock = 4012, nTxLock = 32102
Jan  1 00:00:55 sheevaplug-debian kernel: msgmni has been set to 1003
Jan  1 00:00:55 sheevaplug-debian kernel: alg: No test for stdrng (krng)
Jan  1 00:00:55 sheevaplug-debian kernel: io scheduler noop registered
Jan  1 00:00:55 sheevaplug-debian kernel: io scheduler deadline registered
Jan  1 00:00:55 sheevaplug-debian kernel: io scheduler cfq registered (default)
Jan  1 00:00:55 sheevaplug-debian kernel: Serial: 8250/16550 driver, 2 ports, IRQ sharing disabled
Jan  1 00:00:55 sheevaplug-debian kernel: serial8250.0: ttyS0 at MMIO 0xf1012000 (irq = 33) is a 16550A
Jan  1 00:00:55 sheevaplug-debian kernel: console [ttyS0] enabled
Jan  1 00:00:55 sheevaplug-debian kernel: brd: module loaded
Jan  1 00:00:55 sheevaplug-debian kernel: loop: module loaded
Jan  1 00:00:55 sheevaplug-debian kernel: No NAND device found.
Jan  1 00:00:55 sheevaplug-debian kernel: MV-643xx 10/100/1000 ethernet driver version 1.4
Jan  1 00:00:55 sheevaplug-debian kernel: mv643xx_eth smi: probed
Jan  1 00:00:55 sheevaplug-debian kernel: net eth0: port 0 with MAC address f0:ad:4e:00:79:b5
Jan  1 00:00:55 sheevaplug-debian kernel: net eth1: port 0 with MAC address f0:ad:4e:00:79:b6
Jan  1 00:00:55 sheevaplug-debian kernel: ehci_hcd: USB 2.0 'Enhanced' Host Controller (EHCI) Driver
Jan  1 00:00:55 sheevaplug-debian kernel: orion-ehci orion-ehci.0: Marvell Orion EHCI
Jan  1 00:00:55 sheevaplug-debian kernel: orion-ehci orion-ehci.0: new USB bus registered, assigned bus number 1
Jan  1 00:00:55 sheevaplug-debian kernel: orion-ehci orion-ehci.0: irq 19, io mem 0xf1050000
Jan  1 00:00:55 sheevaplug-debian kernel: orion-ehci orion-ehci.0: USB 2.0 started, EHCI 1.00
Jan  1 00:00:55 sheevaplug-debian kernel: hub 1-0:1.0: USB hub found
Jan  1 00:00:55 sheevaplug-debian kernel: hub 1-0:1.0: 1 port detected
Jan  1 00:00:55 sheevaplug-debian kernel: Initializing USB Mass Storage driver...
Jan  1 00:00:55 sheevaplug-debian kernel: usbcore: registered new interface driver usb-storage
Jan  1 00:00:55 sheevaplug-debian kernel: USB Mass Storage support registered.
Jan  1 00:00:55 sheevaplug-debian kernel: usbcore: registered new interface driver ums-datafab
Jan  1 00:00:55 sheevaplug-debian kernel: usbcore: registered new interface driver ums-freecom
Jan  1 00:00:55 sheevaplug-debian kernel: usbcore: registered new interface driver ums-jumpshot
Jan  1 00:00:55 sheevaplug-debian kernel: usbcore: registered new interface driver ums-sddr09
Jan  1 00:00:55 sheevaplug-debian kernel: usbcore: registered new interface driver ums-sddr55
Jan  1 00:00:55 sheevaplug-debian kernel: mice: PS/2 mouse device common for all mice
Jan  1 00:00:55 sheevaplug-debian kernel: usb 1-1: new high speed USB device using orion-ehci and address 2
Jan  1 00:00:55 sheevaplug-debian kernel: hub 1-1:1.0: USB hub found
Jan  1 00:00:55 sheevaplug-debian kernel: hub 1-1:1.0: 4 ports detected
Jan  1 00:00:55 sheevaplug-debian kernel: usb 1-1.1: new high speed USB device using orion-ehci and address 3
Jan  1 00:00:55 sheevaplug-debian kernel: scsi0 : usb-storage 1-1.1:1.0
Jan  1 00:00:55 sheevaplug-debian kernel: usb 1-1.4: new full speed USB device using orion-ehci and address 4
Jan  1 00:00:55 sheevaplug-debian kernel: rtc-mv rtc-mv: internal RTC not ticking
Jan  1 00:00:55 sheevaplug-debian kernel: i2c /dev entries driver
Jan  1 00:00:55 sheevaplug-debian kernel: cpuidle: using governor ladder
Jan  1 00:00:55 sheevaplug-debian kernel: cpuidle: using governor menu
Jan  1 00:00:55 sheevaplug-debian kernel: sdhci: Secure Digital Host Controller Interface driver
Jan  1 00:00:55 sheevaplug-debian kernel: sdhci: Copyright(c) Pierre Ossman
Jan  1 00:00:55 sheevaplug-debian kernel: mmc0: mvsdio driver initialized, lacking card detect (fall back to polling)
Jan  1 00:00:55 sheevaplug-debian kernel: Registered led device: guruplug:red:health
Jan  1 00:00:55 sheevaplug-debian kernel: Registered led device: guruplug:green:health
Jan  1 00:00:55 sheevaplug-debian kernel: Registered led device: guruplug:red:wmode
Jan  1 00:00:55 sheevaplug-debian kernel: Registered led device: guruplug:green:wmode
Jan  1 00:00:55 sheevaplug-debian kernel: mv_xor_shared mv_xor_shared.0: Marvell shared XOR driver
Jan  1 00:00:55 sheevaplug-debian kernel: mv_xor_shared mv_xor_shared.1: Marvell shared XOR driver
Jan  1 00:00:55 sheevaplug-debian kernel: mmc0: new high speed SDIO card at address 0001
Jan  1 00:00:55 sheevaplug-debian kernel: mv_xor mv_xor.0: Marvell XOR: ( xor cpy )
Jan  1 00:00:55 sheevaplug-debian kernel: mv_xor mv_xor.1: Marvell XOR: ( xor fill cpy )
Jan  1 00:00:55 sheevaplug-debian kernel: mv_xor mv_xor.2: Marvell XOR: ( xor cpy )
Jan  1 00:00:55 sheevaplug-debian kernel: mv_xor mv_xor.3: Marvell XOR: ( xor fill cpy )
Jan  1 00:00:55 sheevaplug-debian kernel: usbcore: registered new interface driver hiddev
Jan  1 00:00:55 sheevaplug-debian kernel: input: C-Media USB Headphone Set   as /devices/platform/orion-ehci.0/usb1/1-1/1-1.4/1-1.4:1.3/input/input0
Jan  1 00:00:55 sheevaplug-debian kernel: generic-usb 0003:0D8C:000C.0001: input: USB HID v1.00 Device [C-Media USB Headphone Set  ] on usb-orion-ehci.0-1.4/input3
Jan  1 00:00:55 sheevaplug-debian kernel: usbcore: registered new interface driver usbhid
Jan  1 00:00:55 sheevaplug-debian kernel: usbhid: USB HID core driver
Jan  1 00:00:55 sheevaplug-debian kernel: oprofile: using timer interrupt.
Jan  1 00:00:55 sheevaplug-debian kernel: TCP cubic registered
Jan  1 00:00:55 sheevaplug-debian kernel: NET: Registered protocol family 17
Jan  1 00:00:55 sheevaplug-debian kernel: lib80211: common routines for IEEE802.11 drivers
Jan  1 00:00:55 sheevaplug-debian kernel: lib80211_crypt: registered algorithm 'NULL'
Jan  1 00:00:55 sheevaplug-debian kernel: Gating clock of unused units
Jan  1 00:00:55 sheevaplug-debian kernel: before: 0x00dfc3fd
Jan  1 00:00:55 sheevaplug-debian kernel: after: 0x00cf41d9
Jan  1 00:00:55 sheevaplug-debian kernel: drivers/rtc/hctosys.c: unable to open rtc device (rtc0)
Jan  1 00:00:55 sheevaplug-debian kernel: Waiting 10sec before mounting root device...
Jan  1 00:00:55 sheevaplug-debian kernel: scsi 0:0:0:0: Direct-Access     Generic  STORAGE DEVICE   9910 PQ: 0 ANSI: 0
Jan  1 00:00:55 sheevaplug-debian kernel: sd 0:0:0:0: Attached scsi generic sg0 type 0
Jan  1 00:00:55 sheevaplug-debian kernel: scsi 0:0:0:1: Direct-Access     Generic  STORAGE DEVICE   9910 PQ: 0 ANSI: 0
Jan  1 00:00:55 sheevaplug-debian kernel: sd 0:0:0:0: [sda] 3842048 512-byte logical blocks: (1.96 GB/1.83 GiB)
Jan  1 00:00:55 sheevaplug-debian kernel: sd 0:0:0:1: Attached scsi generic sg1 type 0
Jan  1 00:00:55 sheevaplug-debian kernel: sd 0:0:0:0: [sda] Write Protect is off
Jan  1 00:00:55 sheevaplug-debian kernel: sd 0:0:0:0: [sda] Mode Sense: 0b 00 00 08
Jan  1 00:00:55 sheevaplug-debian kernel: sd 0:0:0:0: [sda] Assuming drive cache: write through
Jan  1 00:00:55 sheevaplug-debian kernel: sd 0:0:0:1: [sdb] Attached SCSI removable disk
Jan  1 00:00:55 sheevaplug-debian kernel: sd 0:0:0:0: [sda] Assuming drive cache: write through
Jan  1 00:00:55 sheevaplug-debian kernel: sda: sda1 sda2
Jan  1 00:00:55 sheevaplug-debian kernel: sd 0:0:0:0: [sda] Assuming drive cache: write through
Jan  1 00:00:55 sheevaplug-debian kernel: sd 0:0:0:0: [sda] Attached SCSI removable disk
Jan  1 00:00:55 sheevaplug-debian kernel: kjournald starting.  Commit interval 5 seconds
Jan  1 00:00:55 sheevaplug-debian kernel: EXT3-fs (sda2): using internal journal
Jan  1 00:00:55 sheevaplug-debian kernel: EXT3-fs (sda2): mounted filesystem with writeback data mode
Jan  1 00:00:55 sheevaplug-debian kernel: VFS: Mounted root (ext3 filesystem) on device 8:2.
Jan  1 00:00:55 sheevaplug-debian kernel: Freeing init memory: 140K
Jan  1 00:00:55 sheevaplug-debian kernel: sata_mv sata_mv.0: version 1.28
Jan  1 00:00:55 sheevaplug-debian kernel: sata_mv sata_mv.0: slots 32 ports 1
Jan  1 00:00:55 sheevaplug-debian kernel: scsi1 : sata_mv
Jan  1 00:00:55 sheevaplug-debian kernel: ata1: SATA max UDMA/133 irq 21
Jan  1 00:00:55 sheevaplug-debian kernel: ata1: SATA link down (SStatus 0 SControl F300)
Jan  1 00:00:55 sheevaplug-debian kernel: Bluetooth: Core ver 2.15
Jan  1 00:00:55 sheevaplug-debian kernel: NET: Registered protocol family 31
Jan  1 00:00:55 sheevaplug-debian kernel: Bluetooth: HCI device and connection manager initialized
Jan  1 00:00:55 sheevaplug-debian kernel: Bluetooth: HCI socket layer initialized
Jan  1 00:00:55 sheevaplug-debian kernel: libertas_sdio: Libertas SDIO driver
Jan  1 00:00:55 sheevaplug-debian kernel: libertas_sdio: Copyright Pierre Ossman
Jan  1 00:00:55 sheevaplug-debian kernel: libertas_sdio mmc0:0001:1: firmware: requesting sd8688_helper.bin
Jan  1 00:00:55 sheevaplug-debian kernel: libertas: can't load helper firmware
Jan  1 00:00:55 sheevaplug-debian kernel: libertas: failed to load helper firmware
Jan  1 00:00:55 sheevaplug-debian kernel: libertas_sdio: probe of mmc0:0001:1 failed with error -2
Jan  1 00:00:55 sheevaplug-debian kernel: Bluetooth: vendor=0x2df, device=0x9105, class=255, fn=2
Jan  1 00:00:55 sheevaplug-debian kernel: btmrvl_sdio mmc0:0001:2: firmware: requesting sd8688_helper.bin
Jan  1 00:00:55 sheevaplug-debian kernel: btmrvl_sdio_download_helper: request_firmware(helper) failed, error code = -2
Jan  1 00:00:55 sheevaplug-debian kernel: btmrvl_sdio_download_fw: Failed to download helper!
Jan  1 00:00:55 sheevaplug-debian kernel: btmrvl_sdio_probe: Downloading firmware failed!
Jan  1 00:00:55 sheevaplug-debian kernel: uap_probe: vendor=0x02DF device=0x9104 class=0 function=1
Jan  1 00:00:55 sheevaplug-debian kernel: uap_sdio mmc0:0001:1: firmware: requesting mrvl/helper_sd.bin
Jan  1 00:00:55 sheevaplug-debian kernel: uap_sdio mmc0:0001:1: firmware: requesting mrvl/sd8688_ap.bin
Jan  1 00:00:55 sheevaplug-debian kernel: usbcore: registered new interface driver snd-usb-audio
Jan  1 00:00:55 sheevaplug-debian kernel: UAP FW is active
Jan  1 00:00:56 sheevaplug-debian kernel: NET: Registered protocol family 10
Jan  1 00:00:58 sheevaplug-debian mysqld_safe[2011]: started
Jan  1 00:00:58 sheevaplug-debian mysqld[2014]: #007/usr/sbin/mysqld: Can't create/write to file '/tmp/ibPXiEnr' (Errcode: 13)
Jan  1 00:00:58 sheevaplug-debian mysqld[2014]: 700101  0:00:58  InnoDB: Error: unable to create temporary file; errno: 13
Jan  1 00:00:58 sheevaplug-debian mysqld[2014]: 700101  0:00:58 [ERROR] Can't start server : Bind on unix socket: Permission denied
Jan  1 00:00:58 sheevaplug-debian mysqld[2014]: 700101  0:00:58 [ERROR] Do you already have another mysqld server running on socket: /var/run/mysqld/mysqld.sock ?
Jan  1 00:00:58 sheevaplug-debian mysqld[2014]: 700101  0:00:58 [ERROR] Aborting
Jan  1 00:00:58 sheevaplug-debian mysqld[2014]: 
Jan  1 00:00:58 sheevaplug-debian mysqld[2014]: 700101  0:00:58 [Note] /usr/sbin/mysqld: Shutdown complete
Jan  1 00:00:58 sheevaplug-debian mysqld[2014]: 
Jan  1 00:00:58 sheevaplug-debian mysqld_safe[2017]: ended
Jan  1 00:01:12 sheevaplug-debian /etc/init.d/mysql[2167]: 0 processes alive and '/usr/bin/mysqladmin --defaults-file=/etc/mysql/debian.cnf ping' resulted in
Jan  1 00:01:12 sheevaplug-debian /etc/init.d/mysql[2167]: #007/usr/bin/mysqladmin: connect to server at 'localhost' failed
Jan  1 00:01:12 sheevaplug-debian /etc/init.d/mysql[2167]: error: 'Can't connect to local MySQL server through socket '/var/run/mysqld/mysqld.sock' (2)'
Jan  1 00:01:12 sheevaplug-debian /etc/init.d/mysql[2167]: Check that mysqld is running and that the socket: '/var/run/mysqld/mysqld.sock' exists!
Jan  1 00:01:12 sheevaplug-debian /etc/init.d/mysql[2167]: 
Jan  1 00:01:14 sheevaplug-debian exim[2435]: 1970-01-01 00:01:14 exim 4.69 daemon started: pid=2435, -q30m, listening for SMTP on [127.0.0.1]:25
Jan  1 00:01:14 sheevaplug-debian exim[2435]: 1970-01-01 00:01:14 Cannot open main log file "/var/log/exim4/mainlog": Permission denied: euid=102 egid=104
Jan  1 00:01:14 sheevaplug-debian exim[2435]: exim: could not open panic log - aborting: see message(s) above
Jan  1 00:01:14 sheevaplug-debian ifplugd(eth0)[2456]: ifplugd 0.28 initializing.
Jan  1 00:01:14 sheevaplug-debian ifplugd(eth0)[2456]: Using interface eth0/F0:AD:4E:00:79:B5 with driver <mv643xx_eth> (version: 1.4)
Jan  1 00:01:14 sheevaplug-debian ifplugd(eth0)[2456]: Using detection mode: SIOCETHTOOL
Jan  1 00:01:14 sheevaplug-debian ifplugd(eth0)[2456]: Initialization complete, link beat not detected.
Jan  1 00:01:14 sheevaplug-debian kernel: ADDRCONF(NETDEV_UP): eth0: link is not ready
Jan  1 00:01:16 sheevaplug-debian /usr/sbin/cron[2519]: (CRON) INFO (pidfile fd = 3)
Jan  1 00:01:17 sheevaplug-debian /usr/sbin/cron[2520]: (CRON) STARTUP (fork ok)
Jan  1 00:01:17 sheevaplug-debian /usr/sbin/cron[2520]: (CRON) INFO (Running @reboot jobs)
Jan  1 00:01:17 sheevaplug-debian kernel: ADDRCONF(NETDEV_UP): uap0: link is not ready
Jan  1 00:01:17 sheevaplug-debian kernel: ip_tables: (C) 2000-2006 Netfilter Core Team
Jan  1 00:01:17 sheevaplug-debian kernel: nf_conntrack version 0.5.0 (8027 buckets, 32108 max)
Jan  1 00:01:17 sheevaplug-debian kernel: CONFIG_NF_CT_ACCT is deprecated and will be removed soon. Please use
Jan  1 00:01:17 sheevaplug-debian kernel: nf_conntrack.acct=1 kernel parameter, acct=1 nf_conntrack module option or
Jan  1 00:01:17 sheevaplug-debian kernel: sysctl net.netfilter.nf_conntrack_acct=1 to enable it.
Jan  1 00:01:17 sheevaplug-debian udhcpd[2558]: udhcpd (v0.9.9-pre) started
Jan  1 00:01:17 sheevaplug-debian dnsmasq[2564]: started, version 2.45 cachesize 200
Jan  1 00:01:17 sheevaplug-debian dnsmasq[2564]: compile time options: IPv6 GNU-getopt no-ISC-leasefile DBus I18N TFTP
Jan  1 00:01:17 sheevaplug-debian dnsmasq[2564]: reading /etc/resolv.conf
Jan  1 00:01:17 sheevaplug-debian dnsmasq[2564]: using nameserver 202.134.64.20#53
Jan  1 00:01:17 sheevaplug-debian dnsmasq[2564]: using nameserver 152.104.228.251#53
Jan  1 00:01:17 sheevaplug-debian dnsmasq[2564]: read /etc/hosts - 3 addresses
Jan  1 00:01:17 sheevaplug-debian kernel: eth0: link up, 1000 Mb/s, full duplex, flow control disabled
Jan  1 00:01:17 sheevaplug-debian kernel: ADDRCONF(NETDEV_CHANGE): eth0: link becomes ready
Jan  1 00:01:18 sheevaplug-debian bluetoothd[2583]: Bluetooth daemon 4.42
Jan  1 00:01:18 sheevaplug-debian bluetoothd[2583]: Starting SDP server
Jan  1 00:01:18 sheevaplug-debian kernel: Bluetooth: L2CAP ver 2.14
Jan  1 00:01:18 sheevaplug-debian kernel: Bluetooth: L2CAP socket layer initialized
Jan  1 00:01:18 sheevaplug-debian bluetoothd[2583]: Starting experimental netlink support
Jan  1 00:01:18 sheevaplug-debian bluetoothd[2583]: Failed to find Bluetooth netlink family
Jan  1 00:01:18 sheevaplug-debian kernel: Bluetooth: RFCOMM TTY layer initialized
Jan  1 00:01:18 sheevaplug-debian kernel: Bluetooth: RFCOMM socket layer initialized
Jan  1 00:01:18 sheevaplug-debian kernel: Bluetooth: RFCOMM ver 1.11
Jan  1 00:01:18 sheevaplug-debian kernel: Bluetooth: BNEP (Ethernet Emulation) ver 1.3
Jan  1 00:01:18 sheevaplug-debian kernel: Bluetooth: vendor=0x2df, device=0x9105, class=255, fn=2
Jan  1 00:01:18 sheevaplug-debian kernel: Bridge firewalling registered
Jan  1 00:01:18 sheevaplug-debian bluetoothd[2583]: bridge pan0 created
Jan  1 00:01:18 sheevaplug-debian kernel: Bluetooth: SCO (Voice Link) ver 0.6
Jan  1 00:01:18 sheevaplug-debian kernel: Bluetooth: SCO socket layer initialized
Jan  1 00:01:18 sheevaplug-debian bluetoothd[2583]: HCI dev 0 registered
Jan  1 00:01:18 sheevaplug-debian bluetoothd[2583]: HCI dev 0 up
Jan  1 00:01:18 sheevaplug-debian bluetoothd[2583]: Starting security manager 0
Jan  1 00:01:18 sheevaplug-debian bluetoothd[2583]: Adapter /org/bluez/2583/hci0 has been enabled
Jan  1 00:01:18 sheevaplug-debian ifplugd(eth0)[2456]: Link beat detected.
Jan  1 00:01:19 sheevaplug-debian bluetoothd[2583]: Failed to access HAL
Jan  1 00:01:19 sheevaplug-debian ifplugd(eth0)[2456]: Executing '/etc/ifplugd/ifplugd.action eth0 up'.
Jan  1 00:01:20 sheevaplug-debian ifplugd(eth0)[2456]: client: Ignoring unknown interface eth0=eth0.
Jan  1 00:01:20 sheevaplug-debian dhclient: Internet Systems Consortium DHCP Client V3.1.1
Jan  1 00:01:20 sheevaplug-debian dhclient: Copyright 2004-2008 Internet Systems Consortium.
Jan  1 00:01:20 sheevaplug-debian ifplugd(eth0)[2456]: client: Internet Systems Consortium DHCP Client V3.1.1
Jan  1 00:01:20 sheevaplug-debian dhclient: All rights reserved.
Jan  1 00:01:20 sheevaplug-debian ifplugd(eth0)[2456]: client: Copyright 2004-2008 Internet Systems Consortium.
Jan  1 00:01:20 sheevaplug-debian dhclient: For info, please visit http://www.isc.org/sw/dhcp/
Jan  1 00:01:20 sheevaplug-debian dhclient: 
Jan  1 00:01:20 sheevaplug-debian ifplugd(eth0)[2456]: client: All rights reserved.
Jan  1 00:01:20 sheevaplug-debian ifplugd(eth0)[2456]: client: For info, please visit http://www.isc.org/sw/dhcp/
Jan  1 00:01:21 sheevaplug-debian dhclient: Listening on LPF/eth0/f0:ad:4e:00:79:b5
Jan  1 00:01:21 sheevaplug-debian dhclient: Sending on   LPF/eth0/f0:ad:4e:00:79:b5
Jan  1 00:01:21 sheevaplug-debian dhclient: Sending on   Socket/fallback
Jan  1 00:01:21 sheevaplug-debian ifplugd(eth0)[2456]: client: Listening on LPF/eth0/f0:ad:4e:00:79:b5
Jan  1 00:01:21 sheevaplug-debian ifplugd(eth0)[2456]: client: Sending on   LPF/eth0/f0:ad:4e:00:79:b5
Jan  1 00:01:21 sheevaplug-debian ifplugd(eth0)[2456]: client: Sending on   Socket/fallback
Jan  1 00:01:22 sheevaplug-debian dhclient: DHCPREQUEST on eth0 to 255.255.255.255 port 67
Jan  1 00:01:22 sheevaplug-debian ifplugd(eth0)[2456]: client: DHCPREQUEST on eth0 to 255.255.255.255 port 67
Jan  1 00:01:22 sheevaplug-debian dhclient: DHCPACK from 10.10.10.251
Jan  1 00:01:22 sheevaplug-debian ifplugd(eth0)[2456]: client: DHCPACK from 10.10.10.251
Jan  1 00:01:26 sheevaplug-debian dhclient: bound to 10.10.10.102 -- renewal in 34200 seconds.
Jan  1 00:01:26 sheevaplug-debian ifplugd(eth0)[2456]: client: bound to 10.10.10.102 -- renewal in 34200 seconds.
Jan  1 00:01:26 sheevaplug-debian ifplugd(eth0)[2456]: Program executed successfully.
Jan  1 00:01:28 sheevaplug-debian kernel: eth0: no IPv6 routers present
Jan  1 00:01:49 sheevaplug-debian udhcpd[2559]: Received a SIGTERM
Jan  1 00:01:49 sheevaplug-debian dnsmasq[2564]: reading /etc/resolv.conf
Jan  1 00:01:49 sheevaplug-debian dnsmasq[2564]: using nameserver 202.134.64.20#53
Jan  1 00:01:49 sheevaplug-debian dnsmasq[2564]: using nameserver 152.104.228.251#53
Jan  1 00:01:49 sheevaplug-debian dnsmasq[2564]: exiting on receipt of SIGTERM
Jan  1 00:01:49 sheevaplug-debian kernel: reset hw
Jan  1 00:01:49 sheevaplug-debian kernel: uap_func_shutdown:Hardware is not ready!
Jan  1 00:01:49 sheevaplug-debian kernel: libertas_sdio: Libertas SDIO driver
Jan  1 00:01:49 sheevaplug-debian kernel: libertas_sdio: Copyright Pierre Ossman
Jan  1 00:01:49 sheevaplug-debian kernel: libertas_sdio mmc0:0001:1: firmware: requesting sd8688_helper.bin
Jan  1 00:01:49 sheevaplug-debian kernel: libertas_sdio mmc0:0001:1: firmware: requesting sd8688.bin
Jan  1 00:01:51 sheevaplug-debian kernel: libertas: 00:24:23:39:0f:9a, fw 10.38.3p49, cap 0x00000303
Jan  1 00:01:51 sheevaplug-debian kernel: libertas: wlan0: Marvell WLAN 802.11 adapter
Jan  1 00:02:58 sheevaplug-debian kernel: ADDRCONF(NETDEV_UP): wlan0: link is not ready
Jan  1 01:36:39 sheevaplug-debian kernel: imklog 3.18.6, log source = /proc/kmsg started.
Jan  1 01:36:39 sheevaplug-debian rsyslogd: [origin software="rsyslogd" swVersion="3.18.6" x-pid="1894" x-info="http://www.rsyslog.com"] restart
Jan  1 01:36:39 sheevaplug-debian kernel: Linux version 2.6.33.6 (root@localhost.localdomain) (gcc version 4.2.1) #1 PREEMPT Tue Feb 8 03:18:41 EST 2011
Jan  1 01:36:39 sheevaplug-debian kernel: CPU: Feroceon 88FR131 [56251311] revision 1 (ARMv5TE), cr=00053977
Jan  1 01:36:39 sheevaplug-debian kernel: CPU: VIVT data cache, VIVT instruction cache
Jan  1 01:36:39 sheevaplug-debian kernel: Machine: Marvell GuruPlug Reference Board
Jan  1 01:36:39 sheevaplug-debian kernel: Memory policy: ECC disabled, Data cache writeback
Jan  1 01:36:39 sheevaplug-debian kernel: On node 0 totalpages: 131072
Jan  1 01:36:39 sheevaplug-debian kernel: free_area_init_node: node 0, pgdat c0557688, node_mem_map c0606000
Jan  1 01:36:39 sheevaplug-debian kernel:  Normal zone: 1024 pages used for memmap
Jan  1 01:36:39 sheevaplug-debian kernel:  Normal zone: 0 pages reserved
Jan  1 01:36:39 sheevaplug-debian kernel:  Normal zone: 130048 pages, LIFO batch:31
Jan  1 01:36:39 sheevaplug-debian kernel: Built 1 zonelists in Zone order, mobility grouping on.  Total pages: 130048
Jan  1 01:36:39 sheevaplug-debian kernel: Kernel command line: console=ttyS0,115200 root=/dev/sda2 rootdelay=10
Jan  1 01:36:39 sheevaplug-debian kernel: PID hash table entries: 2048 (order: 1, 8192 bytes)
Jan  1 01:36:39 sheevaplug-debian kernel: Dentry cache hash table entries: 65536 (order: 6, 262144 bytes)
Jan  1 01:36:39 sheevaplug-debian kernel: Inode-cache hash table entries: 32768 (order: 5, 131072 bytes)
Jan  1 01:36:39 sheevaplug-debian kernel: Memory: 256MB 256MB = 512MB total
Jan  1 01:36:39 sheevaplug-debian kernel: Memory: 513408KB available (4832K code, 862K data, 140K init, 0K highmem)
Jan  1 01:36:39 sheevaplug-debian kernel: SLUB: Genslabs=11, HWalign=32, Order=0-3, MinObjects=0, CPUs=1, Nodes=1
Jan  1 01:36:39 sheevaplug-debian kernel: Hierarchical RCU implementation.
Jan  1 01:36:39 sheevaplug-debian kernel: NR_IRQS:114
Jan  1 01:36:39 sheevaplug-debian kernel: Console: colour dummy device 80x30
Jan  1 01:36:39 sheevaplug-debian kernel: Calibrating delay loop... 1192.75 BogoMIPS (lpj=5963776)
Jan  1 01:36:39 sheevaplug-debian kernel: Mount-cache hash table entries: 512
Jan  1 01:36:39 sheevaplug-debian kernel: CPU: Testing write buffer coherency: ok
Jan  1 01:36:39 sheevaplug-debian kernel: NET: Registered protocol family 16
Jan  1 01:36:39 sheevaplug-debian kernel: Kirkwood: MV88F6281-A1, TCLK=200000000.
Jan  1 01:36:39 sheevaplug-debian kernel: Feroceon L2: Cache support initialised.
Jan  1 01:36:39 sheevaplug-debian kernel: initial MPP regs: 01112222 11113311 33331111 33333333 00003333 00000222 00000000
Jan  1 01:36:39 sheevaplug-debian kernel:  final MPP regs: 01112222 11113311 33331111 33333333 00003333 00000222 00000000
Jan  1 01:36:39 sheevaplug-debian kernel: bio: create slab <bio-0> at 0
Jan  1 01:36:39 sheevaplug-debian kernel: vgaarb: loaded
Jan  1 01:36:39 sheevaplug-debian kernel: SCSI subsystem initialized
Jan  1 01:36:39 sheevaplug-debian kernel: libata version 3.00 loaded.
Jan  1 01:36:39 sheevaplug-debian kernel: usbcore: registered new interface driver usbfs
Jan  1 01:36:39 sheevaplug-debian kernel: usbcore: registered new interface driver hub
Jan  1 01:36:39 sheevaplug-debian kernel: usbcore: registered new device driver usb
Jan  1 01:36:39 sheevaplug-debian kernel: cfg80211: Using static regulatory domain info
Jan  1 01:36:39 sheevaplug-debian kernel: cfg80211: Regulatory domain: 00
Jan  1 01:36:39 sheevaplug-debian kernel:    (start_freq - end_freq @ bandwidth), (max_antenna_gain, max_eirp)
Jan  1 01:36:39 sheevaplug-debian kernel:    (2402000 KHz - 2472000 KHz @ 40000 KHz), (600 mBi, 2000 mBm)
Jan  1 01:36:39 sheevaplug-debian kernel:    (2457000 KHz - 2482000 KHz @ 20000 KHz), (600 mBi, 2000 mBm)
Jan  1 01:36:39 sheevaplug-debian kernel:    (2474000 KHz - 2494000 KHz @ 20000 KHz), (600 mBi, 2000 mBm)
Jan  1 01:36:39 sheevaplug-debian kernel:    (5170000 KHz - 5250000 KHz @ 40000 KHz), (600 mBi, 2000 mBm)
Jan  1 01:36:39 sheevaplug-debian kernel:    (5735000 KHz - 5835000 KHz @ 40000 KHz), (600 mBi, 2000 mBm)
Jan  1 01:36:39 sheevaplug-debian kernel: cfg80211: Calling CRDA to update world regulatory domain
Jan  1 01:36:39 sheevaplug-debian kernel: Switching to clocksource orion_clocksource
Jan  1 01:36:39 sheevaplug-debian kernel: NET: Registered protocol family 2
Jan  1 01:36:39 sheevaplug-debian kernel: IP route cache hash table entries: 4096 (order: 2, 16384 bytes)
Jan  1 01:36:39 sheevaplug-debian kernel: TCP established hash table entries: 16384 (order: 5, 131072 bytes)
Jan  1 01:36:39 sheevaplug-debian kernel: TCP bind hash table entries: 16384 (order: 4, 65536 bytes)
Jan  1 01:36:39 sheevaplug-debian kernel: TCP: Hash tables configured (established 16384 bind 16384)
Jan  1 01:36:39 sheevaplug-debian kernel: TCP reno registered
Jan  1 01:36:39 sheevaplug-debian kernel: UDP hash table entries: 256 (order: 0, 4096 bytes)
Jan  1 01:36:39 sheevaplug-debian kernel: UDP-Lite hash table entries: 256 (order: 0, 4096 bytes)
Jan  1 01:36:39 sheevaplug-debian kernel: NET: Registered protocol family 1
Jan  1 01:36:39 sheevaplug-debian kernel: RPC: Registered udp transport module.
Jan  1 01:36:39 sheevaplug-debian kernel: RPC: Registered tcp transport module.
Jan  1 01:36:39 sheevaplug-debian kernel: RPC: Registered tcp NFSv4.1 backchannel transport module.
Jan  1 01:36:39 sheevaplug-debian kernel: PCI: CLS 0 bytes, default 32
Jan  1 01:36:39 sheevaplug-debian kernel: JFFS2 version 2.2. (NAND) © 2001-2006 Red Hat, Inc.
Jan  1 01:36:39 sheevaplug-debian kernel: JFS: nTxBlock = 4012, nTxLock = 32102
Jan  1 01:36:39 sheevaplug-debian kernel: msgmni has been set to 1003
Jan  1 01:36:39 sheevaplug-debian kernel: alg: No test for stdrng (krng)
Jan  1 01:36:39 sheevaplug-debian kernel: io scheduler noop registered
Jan  1 01:36:39 sheevaplug-debian kernel: io scheduler deadline registered
Jan  1 01:36:39 sheevaplug-debian kernel: io scheduler cfq registered (default)
Jan  1 01:36:39 sheevaplug-debian kernel: Serial: 8250/16550 driver, 2 ports, IRQ sharing disabled
Jan  1 01:36:39 sheevaplug-debian kernel: serial8250.0: ttyS0 at MMIO 0xf1012000 (irq = 33) is a 16550A
Jan  1 01:36:39 sheevaplug-debian kernel: console [ttyS0] enabled
Jan  1 01:36:39 sheevaplug-debian kernel: brd: module loaded
Jan  1 01:36:39 sheevaplug-debian kernel: loop: module loaded
Jan  1 01:36:39 sheevaplug-debian kernel: No NAND device found.
Jan  1 01:36:39 sheevaplug-debian kernel: MV-643xx 10/100/1000 ethernet driver version 1.4
Jan  1 01:36:39 sheevaplug-debian kernel: mv643xx_eth smi: probed
Jan  1 01:36:39 sheevaplug-debian kernel: net eth0: port 0 with MAC address f0:ad:4e:00:79:b5
Jan  1 01:36:39 sheevaplug-debian kernel: net eth1: port 0 with MAC address f0:ad:4e:00:79:b6
Jan  1 01:36:39 sheevaplug-debian kernel: ehci_hcd: USB 2.0 'Enhanced' Host Controller (EHCI) Driver
Jan  1 01:36:39 sheevaplug-debian kernel: orion-ehci orion-ehci.0: Marvell Orion EHCI
Jan  1 01:36:39 sheevaplug-debian kernel: orion-ehci orion-ehci.0: new USB bus registered, assigned bus number 1
Jan  1 01:36:39 sheevaplug-debian kernel: orion-ehci orion-ehci.0: irq 19, io mem 0xf1050000
Jan  1 01:36:39 sheevaplug-debian kernel: orion-ehci orion-ehci.0: USB 2.0 started, EHCI 1.00
Jan  1 01:36:39 sheevaplug-debian kernel: hub 1-0:1.0: USB hub found
Jan  1 01:36:39 sheevaplug-debian kernel: hub 1-0:1.0: 1 port detected
Jan  1 01:36:39 sheevaplug-debian kernel: Initializing USB Mass Storage driver...
Jan  1 01:36:39 sheevaplug-debian kernel: usbcore: registered new interface driver usb-storage
Jan  1 01:36:39 sheevaplug-debian kernel: USB Mass Storage support registered.
Jan  1 01:36:39 sheevaplug-debian kernel: usbcore: registered new interface driver ums-datafab
Jan  1 01:36:39 sheevaplug-debian kernel: usbcore: registered new interface driver ums-freecom
Jan  1 01:36:39 sheevaplug-debian kernel: usbcore: registered new interface driver ums-jumpshot
Jan  1 01:36:39 sheevaplug-debian kernel: usbcore: registered new interface driver ums-sddr09
Jan  1 01:36:39 sheevaplug-debian kernel: usbcore: registered new interface driver ums-sddr55
Jan  1 01:36:39 sheevaplug-debian kernel: mice: PS/2 mouse device common for all mice
Jan  1 01:36:39 sheevaplug-debian kernel: rtc-mv rtc-mv: rtc core: registered rtc-mv as rtc0
Jan  1 01:36:39 sheevaplug-debian kernel: i2c /dev entries driver
Jan  1 01:36:39 sheevaplug-debian kernel: cpuidle: using governor ladder
Jan  1 01:36:39 sheevaplug-debian kernel: cpuidle: using governor menu
Jan  1 01:36:39 sheevaplug-debian kernel: sdhci: Secure Digital Host Controller Interface driver
Jan  1 01:36:39 sheevaplug-debian kernel: sdhci: Copyright(c) Pierre Ossman
Jan  1 01:36:39 sheevaplug-debian kernel: mmc0: mvsdio driver initialized, lacking card detect (fall back to polling)
Jan  1 01:36:39 sheevaplug-debian kernel: Registered led device: guruplug:red:health
Jan  1 01:36:39 sheevaplug-debian kernel: Registered led device: guruplug:green:health
Jan  1 01:36:39 sheevaplug-debian kernel: Registered led device: guruplug:red:wmode
Jan  1 01:36:39 sheevaplug-debian kernel: Registered led device: guruplug:green:wmode
Jan  1 01:36:39 sheevaplug-debian kernel: mv_xor_shared mv_xor_shared.0: Marvell shared XOR driver
Jan  1 01:36:39 sheevaplug-debian kernel: mv_xor_shared mv_xor_shared.1: Marvell shared XOR driver
Jan  1 01:36:39 sheevaplug-debian kernel: mv_xor mv_xor.0: Marvell XOR: ( xor cpy )
Jan  1 01:36:39 sheevaplug-debian kernel: mmc0: new high speed SDIO card at address 0001
Jan  1 01:36:39 sheevaplug-debian kernel: mv_xor mv_xor.1: Marvell XOR: ( xor fill cpy )
Jan  1 01:36:39 sheevaplug-debian kernel: mv_xor mv_xor.2: Marvell XOR: ( xor cpy )
Jan  1 01:36:39 sheevaplug-debian kernel: mv_xor mv_xor.3: Marvell XOR: ( xor fill cpy )
Jan  1 01:36:39 sheevaplug-debian kernel: usbcore: registered new interface driver hiddev
Jan  1 01:36:39 sheevaplug-debian kernel: usbcore: registered new interface driver usbhid
Jan  1 01:36:39 sheevaplug-debian kernel: usbhid: USB HID core driver
Jan  1 01:36:39 sheevaplug-debian kernel: oprofile: using timer interrupt.
Jan  1 01:36:39 sheevaplug-debian kernel: TCP cubic registered
Jan  1 01:36:39 sheevaplug-debian kernel: NET: Registered protocol family 17
Jan  1 01:36:39 sheevaplug-debian kernel: lib80211: common routines for IEEE802.11 drivers
Jan  1 01:36:39 sheevaplug-debian kernel: lib80211_crypt: registered algorithm 'NULL'
Jan  1 01:36:39 sheevaplug-debian kernel: Gating clock of unused units
Jan  1 01:36:39 sheevaplug-debian kernel: before: 0x00dfc3fd
Jan  1 01:36:39 sheevaplug-debian kernel: after: 0x00cf41d9
Jan  1 01:36:39 sheevaplug-debian kernel: rtc-mv rtc-mv: setting system clock to 2011-01-01 01:35:43 UTC (1293845743)
Jan  1 01:36:39 sheevaplug-debian kernel: Waiting 10sec before mounting root device...
Jan  1 01:36:39 sheevaplug-debian kernel: usb 1-1: new high speed USB device using orion-ehci and address 2
Jan  1 01:36:39 sheevaplug-debian kernel: hub 1-1:1.0: USB hub found
Jan  1 01:36:39 sheevaplug-debian kernel: hub 1-1:1.0: 4 ports detected
Jan  1 01:36:39 sheevaplug-debian kernel: usb 1-1.1: new high speed USB device using orion-ehci and address 3
Jan  1 01:36:39 sheevaplug-debian kernel: scsi0 : usb-storage 1-1.1:1.0
Jan  1 01:36:39 sheevaplug-debian kernel: usb 1-1.4: new full speed USB device using orion-ehci and address 4
Jan  1 01:36:39 sheevaplug-debian kernel: input: C-Media USB Headphone Set   as /devices/platform/orion-ehci.0/usb1/1-1/1-1.4/1-1.4:1.3/input/input0
Jan  1 01:36:39 sheevaplug-debian kernel: generic-usb 0003:0D8C:000C.0001: input: USB HID v1.00 Device [C-Media USB Headphone Set  ] on usb-orion-ehci.0-1.4/input3
Jan  1 01:36:39 sheevaplug-debian kernel: scsi 0:0:0:0: Direct-Access     Generic  STORAGE DEVICE   9910 PQ: 0 ANSI: 0
Jan  1 01:36:39 sheevaplug-debian kernel: sd 0:0:0:0: Attached scsi generic sg0 type 0
Jan  1 01:36:39 sheevaplug-debian kernel: scsi 0:0:0:1: Direct-Access     Generic  STORAGE DEVICE   9910 PQ: 0 ANSI: 0
Jan  1 01:36:39 sheevaplug-debian kernel: sd 0:0:0:0: [sda] 3842048 512-byte logical blocks: (1.96 GB/1.83 GiB)
Jan  1 01:36:39 sheevaplug-debian kernel: sd 0:0:0:1: Attached scsi generic sg1 type 0
Jan  1 01:36:39 sheevaplug-debian kernel: sd 0:0:0:0: [sda] Write Protect is off
Jan  1 01:36:39 sheevaplug-debian kernel: sd 0:0:0:0: [sda] Mode Sense: 0b 00 00 08
Jan  1 01:36:39 sheevaplug-debian kernel: sd 0:0:0:0: [sda] Assuming drive cache: write through
Jan  1 01:36:39 sheevaplug-debian kernel: sd 0:0:0:1: [sdb] Attached SCSI removable disk
Jan  1 01:36:39 sheevaplug-debian kernel: sd 0:0:0:0: [sda] Assuming drive cache: write through
Jan  1 01:36:39 sheevaplug-debian kernel: sda: sda1 sda2
Jan  1 01:36:39 sheevaplug-debian kernel: sd 0:0:0:0: [sda] Assuming drive cache: write through
Jan  1 01:36:39 sheevaplug-debian kernel: sd 0:0:0:0: [sda] Attached SCSI removable disk
Jan  1 01:36:39 sheevaplug-debian kernel: kjournald starting.  Commit interval 5 seconds
Jan  1 01:36:39 sheevaplug-debian kernel: EXT3-fs (sda2): using internal journal
Jan  1 01:36:39 sheevaplug-debian kernel: EXT3-fs (sda2): mounted filesystem with writeback data mode
Jan  1 01:36:39 sheevaplug-debian kernel: VFS: Mounted root (ext3 filesystem) on device 8:2.
Jan  1 01:36:39 sheevaplug-debian kernel: Freeing init memory: 140K
Jan  1 01:36:39 sheevaplug-debian kernel: sata_mv sata_mv.0: version 1.28
Jan  1 01:36:39 sheevaplug-debian kernel: sata_mv sata_mv.0: slots 32 ports 1
Jan  1 01:36:39 sheevaplug-debian kernel: scsi1 : sata_mv
Jan  1 01:36:39 sheevaplug-debian kernel: ata1: SATA max UDMA/133 irq 21
Jan  1 01:36:39 sheevaplug-debian kernel: ata1: SATA link down (SStatus 0 SControl F300)
Jan  1 01:36:39 sheevaplug-debian kernel: Bluetooth: Core ver 2.15
Jan  1 01:36:39 sheevaplug-debian kernel: NET: Registered protocol family 31
Jan  1 01:36:39 sheevaplug-debian kernel: Bluetooth: HCI device and connection manager initialized
Jan  1 01:36:39 sheevaplug-debian kernel: Bluetooth: HCI socket layer initialized
Jan  1 01:36:39 sheevaplug-debian kernel: libertas_sdio: Libertas SDIO driver
Jan  1 01:36:39 sheevaplug-debian kernel: libertas_sdio: Copyright Pierre Ossman
Jan  1 01:36:39 sheevaplug-debian kernel: libertas_sdio mmc0:0001:1: firmware: requesting sd8688_helper.bin
Jan  1 01:36:39 sheevaplug-debian kernel: libertas: can't load helper firmware
Jan  1 01:36:39 sheevaplug-debian kernel: libertas: failed to load helper firmware
Jan  1 01:36:39 sheevaplug-debian kernel: libertas_sdio: probe of mmc0:0001:1 failed with error -2
Jan  1 01:36:39 sheevaplug-debian kernel: Bluetooth: vendor=0x2df, device=0x9105, class=255, fn=2
Jan  1 01:36:39 sheevaplug-debian kernel: btmrvl_sdio mmc0:0001:2: firmware: requesting sd8688_helper.bin
Jan  1 01:36:39 sheevaplug-debian kernel: btmrvl_sdio_download_helper: request_firmware(helper) failed, error code = -2
Jan  1 01:36:39 sheevaplug-debian kernel: btmrvl_sdio_download_fw: Failed to download helper!
Jan  1 01:36:39 sheevaplug-debian kernel: btmrvl_sdio_probe: Downloading firmware failed!
Jan  1 01:36:39 sheevaplug-debian kernel: uap_probe: vendor=0x02DF device=0x9104 class=0 function=1
Jan  1 01:36:39 sheevaplug-debian kernel: uap_sdio mmc0:0001:1: firmware: requesting mrvl/helper_sd.bin
Jan  1 01:36:39 sheevaplug-debian kernel: uap_sdio mmc0:0001:1: firmware: requesting mrvl/sd8688_ap.bin
Jan  1 01:36:39 sheevaplug-debian kernel: usbcore: registered new interface driver snd-usb-audio
Jan  1 01:36:39 sheevaplug-debian kernel: UAP FW is active
Jan  1 01:36:39 sheevaplug-debian kernel: NET: Registered protocol family 10
Jan  1 01:36:41 sheevaplug-debian mysqld_safe[2007]: started
Jan  1 01:36:41 sheevaplug-debian mysqld[2010]: #007/usr/sbin/mysqld: Can't create/write to file '/tmp/ibwpgCkv' (Errcode: 13)
Jan  1 01:36:41 sheevaplug-debian mysqld[2010]: 110101  1:36:41  InnoDB: Error: unable to create temporary file; errno: 13
Jan  1 01:36:41 sheevaplug-debian mysqld[2010]: 110101  1:36:41 [ERROR] Can't start server : Bind on unix socket: Permission denied
Jan  1 01:36:41 sheevaplug-debian mysqld[2010]: 110101  1:36:41 [ERROR] Do you already have another mysqld server running on socket: /var/run/mysqld/mysqld.sock ?
Jan  1 01:36:41 sheevaplug-debian mysqld[2010]: 110101  1:36:41 [ERROR] Aborting
Jan  1 01:36:41 sheevaplug-debian mysqld[2010]: 
Jan  1 01:36:41 sheevaplug-debian mysqld[2010]: 110101  1:36:41 [Note] /usr/sbin/mysqld: Shutdown complete
Jan  1 01:36:41 sheevaplug-debian mysqld[2010]: 
Jan  1 01:36:41 sheevaplug-debian mysqld_safe[2013]: ended
Jan  1 01:36:56 sheevaplug-debian /etc/init.d/mysql[2163]: 0 processes alive and '/usr/bin/mysqladmin --defaults-file=/etc/mysql/debian.cnf ping' resulted in
Jan  1 01:36:56 sheevaplug-debian /etc/init.d/mysql[2163]: #007/usr/bin/mysqladmin: connect to server at 'localhost' failed
Jan  1 01:36:56 sheevaplug-debian /etc/init.d/mysql[2163]: error: 'Can't connect to local MySQL server through socket '/var/run/mysqld/mysqld.sock' (2)'
Jan  1 01:36:56 sheevaplug-debian /etc/init.d/mysql[2163]: Check that mysqld is running and that the socket: '/var/run/mysqld/mysqld.sock' exists!
Jan  1 01:36:56 sheevaplug-debian /etc/init.d/mysql[2163]: 
Jan  1 01:36:57 sheevaplug-debian exim[2431]: 2011-01-01 01:36:57 exim 4.69 daemon started: pid=2431, -q30m, listening for SMTP on [127.0.0.1]:25
Jan  1 01:36:57 sheevaplug-debian exim[2431]: 2011-01-01 01:36:57 Cannot open main log file "/var/log/exim4/mainlog": Permission denied: euid=102 egid=104
Jan  1 01:36:57 sheevaplug-debian exim[2431]: exim: could not open panic log - aborting: see message(s) above
Jan  1 01:36:57 sheevaplug-debian ifplugd(eth0)[2452]: ifplugd 0.28 initializing.
Jan  1 01:36:57 sheevaplug-debian kernel: ADDRCONF(NETDEV_UP): eth0: link is not ready
Jan  1 01:36:57 sheevaplug-debian ifplugd(eth0)[2452]: Using interface eth0/F0:AD:4E:00:79:B5 with driver <mv643xx_eth> (version: 1.4)
Jan  1 01:36:57 sheevaplug-debian ifplugd(eth0)[2452]: Using detection mode: SIOCETHTOOL
Jan  1 01:36:57 sheevaplug-debian ifplugd(eth0)[2452]: Initialization complete, link beat not detected.
Jan  1 01:37:00 sheevaplug-debian /usr/sbin/cron[2515]: (CRON) INFO (pidfile fd = 3)
Jan  1 01:37:00 sheevaplug-debian /usr/sbin/cron[2516]: (CRON) STARTUP (fork ok)
Jan  1 01:37:00 sheevaplug-debian /usr/sbin/cron[2516]: (CRON) INFO (Running @reboot jobs)
Jan  1 01:37:00 sheevaplug-debian kernel: ADDRCONF(NETDEV_UP): uap0: link is not ready
Jan  1 01:37:00 sheevaplug-debian kernel: ip_tables: (C) 2000-2006 Netfilter Core Team
Jan  1 01:37:00 sheevaplug-debian kernel: nf_conntrack version 0.5.0 (8027 buckets, 32108 max)
Jan  1 01:37:00 sheevaplug-debian kernel: CONFIG_NF_CT_ACCT is deprecated and will be removed soon. Please use
Jan  1 01:37:00 sheevaplug-debian kernel: nf_conntrack.acct=1 kernel parameter, acct=1 nf_conntrack module option or
Jan  1 01:37:00 sheevaplug-debian kernel: sysctl net.netfilter.nf_conntrack_acct=1 to enable it.
Jan  1 01:37:00 sheevaplug-debian udhcpd[2554]: udhcpd (v0.9.9-pre) started
Jan  1 01:37:00 sheevaplug-debian dnsmasq[2560]: started, version 2.45 cachesize 200
Jan  1 01:37:00 sheevaplug-debian dnsmasq[2560]: compile time options: IPv6 GNU-getopt no-ISC-leasefile DBus I18N TFTP
Jan  1 01:37:00 sheevaplug-debian dnsmasq[2560]: reading /etc/resolv.conf
Jan  1 01:37:00 sheevaplug-debian dnsmasq[2560]: using nameserver 202.134.64.20#53
Jan  1 01:37:00 sheevaplug-debian dnsmasq[2560]: using nameserver 152.104.228.251#53
Jan  1 01:37:00 sheevaplug-debian dnsmasq[2560]: read /etc/hosts - 3 addresses
Jan  1 01:37:00 sheevaplug-debian kernel: eth0: link up, 1000 Mb/s, full duplex, flow control disabled
Jan  1 01:37:00 sheevaplug-debian kernel: ADDRCONF(NETDEV_CHANGE): eth0: link becomes ready
Jan  1 01:37:01 sheevaplug-debian bluetoothd[2579]: Bluetooth daemon 4.42
Jan  1 01:37:01 sheevaplug-debian bluetoothd[2579]: Starting SDP server
Jan  1 01:37:01 sheevaplug-debian kernel: Bluetooth: L2CAP ver 2.14
Jan  1 01:37:01 sheevaplug-debian kernel: Bluetooth: L2CAP socket layer initialized
Jan  1 01:37:01 sheevaplug-debian bluetoothd[2579]: Starting experimental netlink support
Jan  1 01:37:01 sheevaplug-debian bluetoothd[2579]: Failed to find Bluetooth netlink family
Jan  1 01:37:01 sheevaplug-debian kernel: Bluetooth: RFCOMM TTY layer initialized
Jan  1 01:37:01 sheevaplug-debian kernel: Bluetooth: RFCOMM socket layer initialized
Jan  1 01:37:01 sheevaplug-debian kernel: Bluetooth: RFCOMM ver 1.11
Jan  1 01:37:01 sheevaplug-debian kernel: Bluetooth: BNEP (Ethernet Emulation) ver 1.3
Jan  1 01:37:01 sheevaplug-debian kernel: Bluetooth: vendor=0x2df, device=0x9105, class=255, fn=2
Jan  1 01:37:01 sheevaplug-debian kernel: Bridge firewalling registered
Jan  1 01:37:01 sheevaplug-debian bluetoothd[2579]: bridge pan0 created
Jan  1 01:37:01 sheevaplug-debian ifplugd(eth0)[2452]: Link beat detected.
Jan  1 01:37:01 sheevaplug-debian kernel: Bluetooth: SCO (Voice Link) ver 0.6
Jan  1 01:37:01 sheevaplug-debian kernel: Bluetooth: SCO socket layer initialized
Jan  1 01:37:01 sheevaplug-debian bluetoothd[2579]: HCI dev 0 registered
Jan  1 01:37:01 sheevaplug-debian bluetoothd[2579]: HCI dev 0 up
Jan  1 01:37:01 sheevaplug-debian bluetoothd[2579]: Starting security manager 0
Jan  1 01:37:01 sheevaplug-debian bluetoothd[2579]: Adapter /org/bluez/2579/hci0 has been enabled
Jan  1 01:37:02 sheevaplug-debian bluetoothd[2579]: Failed to access HAL
Jan  1 01:37:02 sheevaplug-debian ifplugd(eth0)[2452]: Executing '/etc/ifplugd/ifplugd.action eth0 up'.
Jan  1 01:37:08 sheevaplug-debian ifplugd(eth0)[2452]: client: Ignoring unknown interface eth0=eth0.
Jan  1 01:37:08 sheevaplug-debian dhclient: Internet Systems Consortium DHCP Client V3.1.1
Jan  1 01:37:08 sheevaplug-debian ifplugd(eth0)[2452]: client: Internet Systems Consortium DHCP Client V3.1.1
Jan  1 01:37:08 sheevaplug-debian dhclient: Copyright 2004-2008 Internet Systems Consortium.
Jan  1 01:37:08 sheevaplug-debian ifplugd(eth0)[2452]: client: Copyright 2004-2008 Internet Systems Consortium.
